216.244.66.246 - - [30/Apr/2017:07:06:35 +0000] "GET /sds/2011/01/silverlining-1-11-now-available/feed/ HTTP/1.1" 301 276 "-" "Mozilla/5.0 (compatible; DotBot/1.1; http://www.opensiteexplorer.org/dotbot, help@moz.com)"
216.244.66.246 - - [30/Apr/2017:07:06:36 +0000] "GET /sds/2012/01/new-support-plans-and-a-new-binary-license/feed/ HTTP/1.1" 301 287 "-" "Mozilla/5.0 (compatible; DotBot/1.1; http://www.opensiteexplorer.org/dotbot, help@moz.com)"
54.210.20.202 - - [30/Apr/2017:07:06:53 +0000] "POST /wp-cron.php?doing_wp_cron=1493536013.9266340732574462890625 HTTP/1.1" 200 - "http://sundog-soft.com/wp-cron.php?doing_wp_cron=1493536013.9266340732574462890625" "WordPress/4.7.4; http://sundog-soft.com"
139.162.106.181 - - [30/Apr/2017:07:06:53 +0000] "GET / HTTP/1.1" 200 110612 "-" "Go-http-client/1.1"
54.210.20.202 - - [30/Apr/2017:07:06:58 +0000] "POST /wp-cron.php?doing_wp_cron=1493536018.2597179412841796875000 HTTP/1.1" 200 - "http://sundog-soft.com/wp-cron.php?doing_wp_cron=1493536018.2597179412841796875000" "WordPress/4.7.4; http://sundog-soft.com"
52.15.127.150 - - [30/Apr/2017:07:06:57 +0000] "GET /features/real-time-3d-clouds/our-software-licensing-agreement/ HTTP/1.1" 301 - "-" "Amazon CloudFront"
180.76.15.29 - - [30/Apr/2017:07:06:59 +0000] "GET /our-software-licensing-agreement/ HTTP/1.1" 200 15952 "-" "Mozilla/5.0 (compatible; Baiduspider/2.0; +http://www.baidu.com/search/spider.html)"
178.79.143.171 - - [30/Apr/2017:07:07:08 +0000] "GET /sds/feed/ HTTP/1.1" 301 236 "-" "arss/testing; fsfeel@gmail.com"
54.210.20.202 - - [30/Apr/2017:07:07:09 +0000] "POST /wp-cron.php?doing_wp_cron=1493536029.4759969711303710937500 HTTP/1.1" 200 - "http://sundog-soft.com/wp-cron.php?doing_wp_cron=1493536029.4759969711303710937500" "WordPress/4.7.4; http://sundog-soft.com"
178.79.143.171 - - [30/Apr/2017:07:07:08 +0000] "GET /feed/ HTTP/1.1" 200 31812 "-" "arss/testing; fsfeel@gmail.com"
54.210.20.202 - - [30/Apr/2017:07:07:16 +0000] "POST /wp-cron.php?doing_wp_cron=1493536036.3612859249114990234375 HTTP/1.1" 200 - "http://sundog-soft.com/wp-cron.php?doing_wp_cron=1493536036.3612859249114990234375" "WordPress/4.7.4; http://sundog-soft.com"
109.196.139.60 - - [30/Apr/2017:07:07:15 +0000] "GET /wp-login.php HTTP/1.1" 200 5226 "-" "Mozilla/5.0 (Windows NT 6.0; rv:34.0) Gecko/20100101 Firefox/34.0"
54.210.20.202 - - [30/Apr/2017:07:07:17 +0000] "POST /wp-cron.php?doing_wp_cron=1493536037.9133639335632324218750 HTTP/1.1" 200 - "http://sundog-soft.com/wp-cron.php?doing_wp_cron=1493536037.9133639335632324218750" "WordPress/4.7.4; http://sundog-soft.com"
109.196.139.60 - - [30/Apr/2017:07:07:17 +0000] "POST /wp-login.php HTTP/1.1" 200 6182 "http://sundog-soft.com/wp-login.php" "Mozilla/5.0 (Windows NT 6.0; rv:34.0) Gecko/20100101 Firefox/34.0"
54.210.20.202 - - [30/Apr/2017:07:08:43 +0000] "POST /wp-cron.php?doing_wp_cron=1493536123.3721139430999755859375 HTTP/1.1" 200 - "http://sundog-soft.com/wp-cron.php?doing_wp_cron=1493536123.3721139430999755859375" "WordPress/4.7.4; http://sundog-soft.com"
212.109.16.228 - - [30/Apr/2017:07:08:42 +0000] "GET /wp-login.php HTTP/1.1" 200 5226 "-" "Mozilla/5.0 (Windows NT 6.0; rv:34.0) Gecko/20100101 Firefox/34.0"
54.210.20.202 - - [30/Apr/2017:07:08:44 +0000] "POST /wp-cron.php?doing_wp_cron=1493536124.9343121051788330078125 HTTP/1.1" 200 - "http://sundog-soft.com/wp-cron.php?doing_wp_cron=1493536124.9343121051788330078125" "WordPress/4.7.4; http://sundog-soft.com"
212.109.16.228 - - [30/Apr/2017:07:08:44 +0000] "POST /wp-login.php HTTP/1.1" 200 6182 "http://sundog-soft.com/wp-login.php" "Mozilla/5.0 (Windows NT 6.0; rv:34.0) Gecko/20100101 Firefox/34.0"
74.87.163.81 - - [30/Apr/2017:07:09:59 +0000] "GET /feed/ HTTP/1.1" 301 - "" "Mozilla/5.0 (X11; Linux x86_64) AppleWebKit/537.36 (KHTML, like Gecko) Chrome/56.0.2924.87 Safari/537.36; +collection@infegy.com"
74.87.163.87 - - [30/Apr/2017:07:09:59 +0000] "GET /feed/ HTTP/1.1" 301 - "" "Mozilla/5.0 (X11; Linux x86_64) AppleWebKit/537.36 (KHTML, like Gecko) Chrome/56.0.2924.87 Safari/537.36; +collection@infegy.com"
74.87.163.93 - - [30/Apr/2017:07:09:59 +0000] "GET /feed/ HTTP/1.1" 301 - "" "Mozilla/5.0 (X11; Linux x86_64) AppleWebKit/537.36 (KHTML, like Gecko) Chrome/56.0.2924.87 Safari/537.36; +collection@infegy.com"
54.210.20.202 - - [30/Apr/2017:07:10:00 +0000] "POST /wp-cron.php?doing_wp_cron=1493536200.8055870532989501953125 HTTP/1.1" 200 - "http://sundog-soft.com/wp-cron.php?doing_wp_cron=1493536200.8055870532989501953125" "WordPress/4.7.4; http://sundog-soft.com"
74.87.163.87 - - [30/Apr/2017:07:10:01 +0000] "GET /feed/ HTTP/1.1" 200 31812 "" "Mozilla/5.0 (X11; Linux x86_64) AppleWebKit/537.36 (KHTML, like Gecko) Chrome/56.0.2924.87 Safari/537.36; +collection@infegy.com"
74.87.163.81 - - [30/Apr/2017:07:10:01 +0000] "GET /feed/ HTTP/1.1" 200 31812 "" "Mozilla/5.0 (X11; Linux x86_64) AppleWebKit/537.36 (KHTML, like Gecko) Chrome/56.0.2924.87 Safari/537.36; +collection@infegy.com"
74.87.163.93 - - [30/Apr/2017:07:10:02 +0000] "GET /feed/ HTTP/1.1" 200 31812 "" "Mozilla/5.0 (X11; Linux x86_64) AppleWebKit/537.36 (KHTML, like Gecko) Chrome/56.0.2924.87 Safari/537.36; +collection@infegy.com"
54.210.20.202 - - [30/Apr/2017:07:12:14 +0000] "POST /wp-cron.php?doing_wp_cron=1493536334.5523800849914550781250 HTTP/1.1" 200 - "http://sundog-soft.com/wp-cron.php?doing_wp_cron=1493536334.5523800849914550781250" "WordPress/4.7.4; http://sundog-soft.com"
66.249.64.249 - - [30/Apr/2017:07:12:13 +0000] "GET /feed/ HTTP/1.1" 304 - "-" "Mozilla/5.0 (compatible; Googlebot/2.1; +http://www.google.com/bot.html)"
54.210.20.202 - - [30/Apr/2017:07:13:40 +0000] "POST /wp-cron.php?doing_wp_cron=1493536420.0623750686645507812500 HTTP/1.1" 200 - "http://sundog-soft.com/wp-cron.php?doing_wp_cron=1493536420.0623750686645507812500" "WordPress/4.7.4; http://sundog-soft.com"
83.220.238.230 - - [30/Apr/2017:07:13:39 +0000] "GET /wp-login.php HTTP/1.1" 200 5226 "-" "Mozilla/5.0 (Windows NT 6.0; rv:34.0) Gecko/20100101 Firefox/34.0"
54.210.20.202 - - [30/Apr/2017:07:13:41 +0000] "POST /wp-cron.php?doing_wp_cron=1493536421.6006989479064941406250 HTTP/1.1" 200 - "http://sundog-soft.com/wp-cron.php?doing_wp_cron=1493536421.6006989479064941406250" "WordPress/4.7.4; http://sundog-soft.com"
83.220.238.230 - - [30/Apr/2017:07:13:41 +0000] "POST /wp-login.php HTTP/1.1" 200 6182 "http://sundog-soft.com/wp-login.php" "Mozilla/5.0 (Windows NT 6.0; rv:34.0) Gecko/20100101 Firefox/34.0"
54.210.20.202 - - [30/Apr/2017:07:14:40 +0000] "POST /wp-cron.php?doing_wp_cron=1493536480.9332480430603027343750 HTTP/1.1" 200 - "http://sundog-soft.com/wp-cron.php?doing_wp_cron=1493536480.9332480430603027343750" "WordPress/4.7.4; http://sundog-soft.com"
212.71.248.19 - - [30/Apr/2017:07:14:40 +0000] "GET /category/uncategorized/page/3 HTTP/1.1" 301 - "-" "Mozilla/5.0 (X11; U; Linux i686; en-GB; rv:1.8.1.10) Gecko/20071126 Ubuntu/7.10 (gutsy) Firefox/2.0.0.10"
54.210.20.202 - - [30/Apr/2017:07:14:44 +0000] "POST /wp-cron.php?doing_wp_cron=1493536484.7606899738311767578125 HTTP/1.1" 200 - "http://sundog-soft.com/wp-cron.php?doing_wp_cron=1493536484.7606899738311767578125" "WordPress/4.7.4; http://sundog-soft.com"
212.71.248.19 - - [30/Apr/2017:07:14:44 +0000] "GET /category/uncategorized/page/3/ HTTP/1.1" 200 14743 "-" "Mozilla/5.0 (X11; U; Linux i686; en-GB; rv:1.8.1.10) Gecko/20071126 Ubuntu/7.10 (gutsy) Firefox/2.0.0.10"
144.76.67.101 - - [30/Apr/2017:07:15:13 +0000] "GET /features/ocean-and-water-rendering-with-triton/unity-water-effects-with-triton-for-unity-pro/ HTTP/1.1" 200 67421 "-" "-"
104.154.198.228 - - [30/Apr/2017:07:15:13 +0000] "GET /feed/ HTTP/1.1" 200 31812 "-" "Java/1.8.0_121"
54.210.20.202 - - [30/Apr/2017:07:15:14 +0000] "GET /sitemap_index.xml HTTP/1.1" 200 389 "http://sundog-soft.com/sitemap_index.xml" "W3 Total Cache"
54.210.20.202 - - [30/Apr/2017:07:15:15 +0000] "GET /post-sitemap.xml HTTP/1.1" 200 13654 "http://sundog-soft.com/post-sitemap.xml" "W3 Total Cache"
54.210.20.202 - - [30/Apr/2017:07:15:15 +0000] "GET /page-sitemap.xml HTTP/1.1" 200 2198 "http://sundog-soft.com/page-sitemap.xml" "W3 Total Cache"
54.210.20.202 - - [30/Apr/2017:07:15:16 +0000] "GET /product-sitemap.xml HTTP/1.1" 200 555 "http://sundog-soft.com/product-sitemap.xml" "W3 Total Cache"
54.210.20.202 - - [30/Apr/2017:07:15:17 +0000] "GET /creativo_portfolio-sitemap.xml HTTP/1.1" 200 658 "http://sundog-soft.com/creativo_portfolio-sitemap.xml" "W3 Total Cache"
54.210.20.202 - - [30/Apr/2017:07:15:17 +0000] "GET /clients-sitemap.xml HTTP/1.1" 200 3298 "http://sundog-soft.com/clients-sitemap.xml" "W3 Total Cache"
54.210.20.202 - - [30/Apr/2017:07:15:18 +0000] "GET /category-sitemap.xml HTTP/1.1" 200 411 "http://sundog-soft.com/category-sitemap.xml" "W3 Total Cache"
54.210.20.202 - - [30/Apr/2017:07:15:19 +0000] "GET /portfolio_category-sitemap.xml HTTP/1.1" 200 337 "http://sundog-soft.com/portfolio_category-sitemap.xml" "W3 Total Cache"
54.210.20.202 - - [30/Apr/2017:07:15:19 +0000] "GET /author-sitemap.xml HTTP/1.1" 200 347 "http://sundog-soft.com/author-sitemap.xml" "W3 Total Cache"
54.210.20.202 - - [30/Apr/2017:07:15:20 +0000] "GET /clients/tietronix/ HTTP/1.1" 200 13306 "http://sundog-soft.com/clients/tietronix/" "WordPress"
109.226.101.65 - - [30/Apr/2017:07:15:21 +0000] "GET /wp-login.php HTTP/1.1" 200 5226 "-" "Mozilla/5.0 (Windows NT 6.0; rv:34.0) Gecko/20100101 Firefox/34.0"
54.210.20.202 - - [30/Apr/2017:07:15:21 +0000] "GET /clients/simutronic/ HTTP/1.1" 200 13319 "http://sundog-soft.com/clients/simutronic/" "WordPress"
109.226.101.65 - - [30/Apr/2017:07:15:22 +0000] "POST /wp-login.php HTTP/1.1" 200 6182 "http://sundog-soft.com/wp-login.php" "Mozilla/5.0 (Windows NT 6.0; rv:34.0) Gecko/20100101 Firefox/34.0"
54.210.20.202 - - [30/Apr/2017:07:15:23 +0000] "GET /clients/onera/ HTTP/1.1" 200 13308 "http://sundog-soft.com/clients/onera/" "WordPress"
54.210.20.202 - - [30/Apr/2017:07:15:24 +0000] "GET /clients/l3/ HTTP/1.1" 200 13295 "http://sundog-soft.com/clients/l3/" "WordPress"
54.210.20.202 - - [30/Apr/2017:07:15:25 +0000] "GET /clients/katron/ HTTP/1.1" 200 13298 "http://sundog-soft.com/clients/katron/" "WordPress"
54.210.20.202 - - [30/Apr/2017:07:15:26 +0000] "GET /clients/lawrence-livermore/ HTTP/1.1" 200 13354 "http://sundog-soft.com/clients/lawrence-livermore/" "WordPress"
54.210.20.202 - - [30/Apr/2017:07:15:27 +0000] "GET /clients/lightworks/ HTTP/1.1" 200 13313 "http://sundog-soft.com/clients/lightworks/" "WordPress"
54.210.20.202 - - [30/Apr/2017:07:15:28 +0000] "GET /clients/lockheed/ HTTP/1.1" 200 13302 "http://sundog-soft.com/clients/lockheed/" "WordPress"
54.210.20.202 - - [30/Apr/2017:07:15:29 +0000] "GET /clients/jrm/ HTTP/1.1" 200 13297 "http://sundog-soft.com/clients/jrm/" "WordPress"
54.210.20.202 - - [30/Apr/2017:07:15:29 +0000] "GET /clients/jet-stream/ HTTP/1.1" 200 13331 "http://sundog-soft.com/clients/jet-stream/" "WordPress"
54.210.20.202 - - [30/Apr/2017:07:15:13 +0000] "POST /wp-cron.php?doing_wp_cron=1493536513.6424820423126220703125 HTTP/1.1" 200 - "http://sundog-soft.com/wp-cron.php?doing_wp_cron=1493536513.6424820423126220703125" "WordPress/4.7.4; http://sundog-soft.com"
54.210.20.202 - - [30/Apr/2017:07:16:39 +0000] "POST /wp-cron.php?doing_wp_cron=1493536599.2291979789733886718750 HTTP/1.1" 200 - "http://sundog-soft.com/wp-cron.php?doing_wp_cron=1493536599.2291979789733886718750" "WordPress/4.7.4; http://sundog-soft.com"
119.23.24.175 - - [30/Apr/2017:07:16:38 +0000] "PUT /tlzrp95379.txt HTTP/1.1" 404 48254 "-" "Mozilla/4.0 (compatible; Win32; WinHttp.WinHttpRequest.5)"
54.210.20.202 - - [30/Apr/2017:07:16:42 +0000] "POST /wp-cron.php?doing_wp_cron=1493536602.0205910205841064453125 HTTP/1.1" 200 - "http://sundog-soft.com/wp-cron.php?doing_wp_cron=1493536602.0205910205841064453125" "WordPress/4.7.4; http://sundog-soft.com"
119.23.24.175 - - [30/Apr/2017:07:16:41 +0000] "GET /plus/mytag_js.php HTTP/1.1" 404 48266 "http://sundog-soft.com/plus/mytag_js.php" "Mozilla/4.0 (compatible; MSIE 6.0; Windows NT 5.0)"
54.210.20.202 - - [30/Apr/2017:07:16:44 +0000] "POST /wp-cron.php?doing_wp_cron=1493536604.4714939594268798828125 HTTP/1.1" 200 - "http://sundog-soft.com/wp-cron.php?doing_wp_cron=1493536604.4714939594268798828125" "WordPress/4.7.4; http://sundog-soft.com"
119.23.24.175 - - [30/Apr/2017:07:16:43 +0000] "GET /utility/convert/index.php?a=config&source=d7.2_x2.0 HTTP/1.1" 301 - "-" "Mozilla/4.0 (compatible; MSIE 6.0; Windows NT 5.1; SV1)"
54.210.20.202 - - [30/Apr/2017:07:16:47 +0000] "POST /wp-cron.php?doing_wp_cron=1493536607.9701879024505615234375 HTTP/1.1" 200 - "http://sundog-soft.com/wp-cron.php?doing_wp_cron=1493536607.9701879024505615234375" "WordPress/4.7.4; http://sundog-soft.com"
119.23.24.175 - - [30/Apr/2017:07:16:47 +0000] "GET /convert/index.php?a=config&source=d7.2_x2.0 HTTP/1.1" 301 - "-" "Mozilla/4.0 (compatible; MSIE 6.0; Windows NT 5.1; SV1)"
54.210.20.202 - - [30/Apr/2017:07:16:49 +0000] "POST /wp-cron.php?doing_wp_cron=1493536609.6419589519500732421875 HTTP/1.1" 200 - "http://sundog-soft.com/wp-cron.php?doing_wp_cron=1493536609.6419589519500732421875" "WordPress/4.7.4; http://sundog-soft.com"
119.23.24.175 - - [30/Apr/2017:07:16:49 +0000] "GET /bbs/utility/convert/index.php?a=config&source=d7.2_x2.0 HTTP/1.1" 301 - "-" "Mozilla/4.0 (compatible; MSIE 6.0; Windows NT 5.1; SV1)"
54.210.20.202 - - [30/Apr/2017:07:16:51 +0000] "POST /wp-cron.php?doing_wp_cron=1493536611.2875959873199462890625 HTTP/1.1" 200 - "http://sundog-soft.com/wp-cron.php?doing_wp_cron=1493536611.2875959873199462890625" "WordPress/4.7.4; http://sundog-soft.com"
119.23.24.175 - - [30/Apr/2017:07:16:50 +0000] "GET /bbs/convert/index.php?a=config&source=d7.2_x2.0 HTTP/1.1" 301 - "-" "Mozilla/4.0 (compatible; MSIE 6.0; Windows NT 5.1; SV1)"
54.210.20.202 - - [30/Apr/2017:07:17:13 +0000] "POST /wp-cron.php?doing_wp_cron=1493536633.8187479972839355468750 HTTP/1.1" 200 - "http://sundog-soft.com/wp-cron.php?doing_wp_cron=1493536633.8187479972839355468750" "WordPress/4.7.4; http://sundog-soft.com"
88.147.152.209 - - [30/Apr/2017:07:17:13 +0000] "GET /wp-login.php HTTP/1.1" 200 5226 "-" "Mozilla/5.0 (Windows NT 6.0; rv:34.0) Gecko/20100101 Firefox/34.0"
54.210.20.202 - - [30/Apr/2017:07:17:15 +0000] "POST /wp-cron.php?doing_wp_cron=1493536635.3513300418853759765625 HTTP/1.1" 200 - "http://sundog-soft.com/wp-cron.php?doing_wp_cron=1493536635.3513300418853759765625" "WordPress/4.7.4; http://sundog-soft.com"
88.147.152.209 - - [30/Apr/2017:07:17:14 +0000] "POST /wp-login.php HTTP/1.1" 200 6182 "http://sundog-soft.com/wp-login.php" "Mozilla/5.0 (Windows NT 6.0; rv:34.0) Gecko/20100101 Firefox/34.0"
54.210.20.202 - - [30/Apr/2017:07:21:28 +0000] "POST /wp-cron.php?doing_wp_cron=1493536888.4198501110076904296875 HTTP/1.1" 200 - "http://sundog-soft.com/wp-cron.php?doing_wp_cron=1493536888.4198501110076904296875" "WordPress/4.7.4; http://sundog-soft.com"
109.198.106.54 - - [30/Apr/2017:07:21:27 +0000] "GET /wp-login.php HTTP/1.1" 200 5226 "-" "Mozilla/5.0 (Windows NT 6.0; rv:34.0) Gecko/20100101 Firefox/34.0"
54.210.20.202 - - [30/Apr/2017:07:21:29 +0000] "POST /wp-cron.php?doing_wp_cron=1493536889.9737420082092285156250 HTTP/1.1" 200 - "http://sundog-soft.com/wp-cron.php?doing_wp_cron=1493536889.9737420082092285156250" "WordPress/4.7.4; http://sundog-soft.com"
109.198.106.54 - - [30/Apr/2017:07:21:29 +0000] "POST /wp-login.php HTTP/1.1" 200 6182 "http://sundog-soft.com/wp-login.php" "Mozilla/5.0 (Windows NT 6.0; rv:34.0) Gecko/20100101 Firefox/34.0"
66.249.64.253 - - [30/Apr/2017:07:21:40 +0000] "GET /sds/feed/ HTTP/1.1" 301 236 "-" "Mozilla/5.0 (compatible; Googlebot/2.1; +http://www.google.com/bot.html)"
54.210.20.202 - - [30/Apr/2017:07:21:41 +0000] "POST /wp-cron.php?doing_wp_cron=1493536901.5764839649200439453125 HTTP/1.1" 200 - "http://sundog-soft.com/wp-cron.php?doing_wp_cron=1493536901.5764839649200439453125" "WordPress/4.7.4; http://sundog-soft.com"
66.249.64.253 - - [30/Apr/2017:07:21:40 +0000] "GET /feed/ HTTP/1.1" 304 - "-" "Mozilla/5.0 (compatible; Googlebot/2.1; +http://www.google.com/bot.html)"
54.210.20.202 - - [30/Apr/2017:07:21:53 +0000] "POST /wp-cron.php?doing_wp_cron=1493536913.0060739517211914062500 HTTP/1.1" 200 - "http://sundog-soft.com/wp-cron.php?doing_wp_cron=1493536913.0060739517211914062500" "WordPress/4.7.4; http://sundog-soft.com"
23.23.222.67 - - [30/Apr/2017:07:21:52 +0000] "HEAD / HTTP/1.1" 301 - "-" "SiteUptime.com"
23.23.222.67 - - [30/Apr/2017:07:21:53 +0000] "HEAD / HTTP/1.1" 200 - "-" "SiteUptime.com"
54.210.20.202 - - [30/Apr/2017:07:22:29 +0000] "POST /wp-cron.php?doing_wp_cron=1493536949.6780030727386474609375 HTTP/1.1" 200 - "http://sundog-soft.com/wp-cron.php?doing_wp_cron=1493536949.6780030727386474609375" "WordPress/4.7.4; http://sundog-soft.com"
8.29.198.27 - - [30/Apr/2017:07:22:29 +0000] "GET /feed/ HTTP/1.1" 304 - "-" "Feedly/1.0 (+http://www.feedly.com/fetcher.html; like FeedFetcher-Google)"
54.210.20.202 - - [30/Apr/2017:07:22:31 +0000] "POST /wp-cron.php?doing_wp_cron=1493536951.2124140262603759765625 HTTP/1.1" 200 - "http://sundog-soft.com/wp-cron.php?doing_wp_cron=1493536951.2124140262603759765625" "WordPress/4.7.4; http://sundog-soft.com"
116.72.178.57 - - [30/Apr/2017:07:22:30 +0000] "GET /wp-login.php HTTP/1.1" 200 5226 "-" "Mozilla/5.0 (Windows NT 6.1; WOW64; rv:40.0) Gecko/20100101 Firefox/40.1"
116.72.178.57 - - [30/Apr/2017:07:22:32 +0000] "GET / HTTP/1.1" 200 110612 "-" "Mozilla/5.0 (Windows NT 6.1; WOW64; rv:40.0) Gecko/20100101 Firefox/40.1"
54.210.20.202 - - [30/Apr/2017:07:22:51 +0000] "POST /wp-cron.php?doing_wp_cron=1493536971.2848579883575439453125 HTTP/1.1" 200 - "http://sundog-soft.com/wp-cron.php?doing_wp_cron=1493536971.2848579883575439453125" "WordPress/4.7.4; http://sundog-soft.com"
195.9.189.190 - - [30/Apr/2017:07:22:50 +0000] "GET /wp-login.php HTTP/1.1" 200 5226 "-" "Mozilla/5.0 (Windows NT 6.0; rv:34.0) Gecko/20100101 Firefox/34.0"
54.210.20.202 - - [30/Apr/2017:07:22:52 +0000] "POST /wp-cron.php?doing_wp_cron=1493536972.8234529495239257812500 HTTP/1.1" 200 - "http://sundog-soft.com/wp-cron.php?doing_wp_cron=1493536972.8234529495239257812500" "WordPress/4.7.4; http://sundog-soft.com"
195.9.189.190 - - [30/Apr/2017:07:22:52 +0000] "POST /wp-login.php HTTP/1.1" 200 6182 "http://sundog-soft.com/wp-login.php" "Mozilla/5.0 (Windows NT 6.0; rv:34.0) Gecko/20100101 Firefox/34.0"
185.33.198.21 - - [30/Apr/2017:07:22:59 +0000] "GET /docs/triton/gettingstarted.html HTTP/1.1" 200 11386 "https://www.google.ru/" "Mozilla/5.0 (Windows NT 10.0; WOW64; rv:53.0) Gecko/20100101 Firefox/53.0"
185.33.198.21 - - [30/Apr/2017:07:22:59 +0000] "GET /docs/triton/tabs.css HTTP/1.1" 200 385 "http://www.sundog-soft.com/docs/triton/gettingstarted.html" "Mozilla/5.0 (Windows NT 10.0; WOW64; rv:53.0) Gecko/20100101 Firefox/53.0"
185.33.198.21 - - [30/Apr/2017:07:23:00 +0000] "GET /docs/triton/search/search.css HTTP/1.1" 200 1074 "http://www.sundog-soft.com/docs/triton/gettingstarted.html" "Mozilla/5.0 (Windows NT 10.0; WOW64; rv:53.0) Gecko/20100101 Firefox/53.0"
185.33.198.21 - - [30/Apr/2017:07:23:00 +0000] "GET /docs/triton/search/search.js HTTP/1.1" 200 4533 "http://www.sundog-soft.com/docs/triton/gettingstarted.html" "Mozilla/5.0 (Windows NT 10.0; WOW64; rv:53.0) Gecko/20100101 Firefox/53.0"
185.33.198.21 - - [30/Apr/2017:07:23:00 +0000] "GET /docs/triton/doxygen.css HTTP/1.1" 200 3257 "http://www.sundog-soft.com/docs/triton/gettingstarted.html" "Mozilla/5.0 (Windows NT 10.0; WOW64; rv:53.0) Gecko/20100101 Firefox/53.0"
185.33.198.21 - - [30/Apr/2017:07:23:00 +0000] "GET /docs/triton/doxygen.png HTTP/1.1" 200 3942 "http://www.sundog-soft.com/docs/triton/gettingstarted.html" "Mozilla/5.0 (Windows NT 10.0; WOW64; rv:53.0) Gecko/20100101 Firefox/53.0"
185.33.198.21 - - [30/Apr/2017:07:23:00 +0000] "GET /docs/triton/search/close.png HTTP/1.1" 200 273 "http://www.sundog-soft.com/docs/triton/gettingstarted.html" "Mozilla/5.0 (Windows NT 10.0; WOW64; rv:53.0) Gecko/20100101 Firefox/53.0"
185.33.198.21 - - [30/Apr/2017:07:23:00 +0000] "GET /docs/triton/search/mag_sel.png HTTP/1.1" 200 563 "http://www.sundog-soft.com/docs/triton/gettingstarted.html" "Mozilla/5.0 (Windows NT 10.0; WOW64; rv:53.0) Gecko/20100101 Firefox/53.0"
185.33.198.21 - - [30/Apr/2017:07:23:00 +0000] "GET /docs/triton/tab_b.png HTTP/1.1" 200 178 "http://www.sundog-soft.com/docs/triton/tabs.css" "Mozilla/5.0 (Windows NT 10.0; WOW64; rv:53.0) Gecko/20100101 Firefox/53.0"
185.33.198.21 - - [30/Apr/2017:07:23:00 +0000] "GET /docs/triton/tab_s.png HTTP/1.1" 200 189 "http://www.sundog-soft.com/docs/triton/tabs.css" "Mozilla/5.0 (Windows NT 10.0; WOW64; rv:53.0) Gecko/20100101 Firefox/53.0"
185.33.198.21 - - [30/Apr/2017:07:23:00 +0000] "GET /docs/triton/tab_a.png HTTP/1.1" 200 140 "http://www.sundog-soft.com/docs/triton/tabs.css" "Mozilla/5.0 (Windows NT 10.0; WOW64; rv:53.0) Gecko/20100101 Firefox/53.0"
185.33.198.21 - - [30/Apr/2017:07:23:00 +0000] "GET /docs/triton/search/search_l.png HTTP/1.1" 200 604 "http://www.sundog-soft.com/docs/triton/search/search.css" "Mozilla/5.0 (Windows NT 10.0; WOW64; rv:53.0) Gecko/20100101 Firefox/53.0"
185.33.198.21 - - [30/Apr/2017:07:23:00 +0000] "GET /docs/triton/search/search_r.png HTTP/1.1" 200 612 "http://www.sundog-soft.com/docs/triton/search/search.css" "Mozilla/5.0 (Windows NT 10.0; WOW64; rv:53.0) Gecko/20100101 Firefox/53.0"
185.33.198.21 - - [30/Apr/2017:07:23:00 +0000] "GET /docs/triton/search/search_m.png HTTP/1.1" 200 158 "http://www.sundog-soft.com/docs/triton/search/search.css" "Mozilla/5.0 (Windows NT 10.0; WOW64; rv:53.0) Gecko/20100101 Firefox/53.0"
185.33.198.21 - - [30/Apr/2017:07:23:00 +0000] "GET /docs/triton/nav_h.png HTTP/1.1" 200 97 "http://www.sundog-soft.com/docs/triton/doxygen.css" "Mozilla/5.0 (Windows NT 10.0; WOW64; rv:53.0) Gecko/20100101 Firefox/53.0"
185.33.198.21 - - [30/Apr/2017:07:23:00 +0000] "GET /favicon.ico HTTP/1.1" 200 - "-" "Mozilla/5.0 (Windows NT 10.0; WOW64; rv:53.0) Gecko/20100101 Firefox/53.0"
::1 - - [30/Apr/2017:07:23:06 +0000] "OPTIONS * HTTP/1.0" 200 - "-" "Apache/2.4.25 (Amazon) OpenSSL/1.0.1k-fips PHP/5.6.30 (internal dummy connection)"
54.210.20.202 - - [30/Apr/2017:07:23:32 +0000] "POST /wp-cron.php?doing_wp_cron=1493537012.5652220249176025390625 HTTP/1.1" 200 - "http://sundog-soft.com/wp-cron.php?doing_wp_cron=1493537012.5652220249176025390625" "WordPress/4.7.4; http://sundog-soft.com"
180.76.15.5 - - [30/Apr/2017:07:23:31 +0000] "GET / HTTP/1.1" 301 - "-" "Mozilla/5.0 (compatible; Baiduspider/2.0; +http://www.baidu.com/search/spider.html)"
180.76.15.27 - - [30/Apr/2017:07:23:33 +0000] "GET / HTTP/1.1" 200 20503 "-" "Mozilla/5.0 (compatible; Baiduspider/2.0; +http://www.baidu.com/search/spider.html)"
54.210.20.202 - - [30/Apr/2017:07:24:00 +0000] "POST /wp-cron.php?doing_wp_cron=1493537040.5560588836669921875000 HTTP/1.1" 200 - "http://sundog-soft.com/wp-cron.php?doing_wp_cron=1493537040.5560588836669921875000" "WordPress/4.7.4; http://sundog-soft.com"
8.29.198.27 - - [30/Apr/2017:07:23:59 +0000] "GET /feed/ HTTP/1.1" 304 - "-" "Feedly/1.0 (+http://www.feedly.com/fetcher.html; like FeedFetcher-Google)"
54.210.20.202 - - [30/Apr/2017:07:24:19 +0000] "POST /wp-cron.php?doing_wp_cron=1493537059.5434699058532714843750 HTTP/1.1" 200 - "http://sundog-soft.com/wp-cron.php?doing_wp_cron=1493537059.5434699058532714843750" "WordPress/4.7.4; http://sundog-soft.com"
176.77.13.195 - - [30/Apr/2017:07:24:18 +0000] "GET /wp-login.php HTTP/1.1" 200 5226 "-" "Mozilla/5.0 (Windows NT 6.0; rv:34.0) Gecko/20100101 Firefox/34.0"
54.210.20.202 - - [30/Apr/2017:07:24:21 +0000] "POST /wp-cron.php?doing_wp_cron=1493537061.0360209941864013671875 HTTP/1.1" 200 - "http://sundog-soft.com/wp-cron.php?doing_wp_cron=1493537061.0360209941864013671875" "WordPress/4.7.4; http://sundog-soft.com"
176.77.13.195 - - [30/Apr/2017:07:24:20 +0000] "POST /wp-login.php HTTP/1.1" 200 6182 "http://sundog-soft.com/wp-login.php" "Mozilla/5.0 (Windows NT 6.0; rv:34.0) Gecko/20100101 Firefox/34.0"
54.210.20.202 - - [30/Apr/2017:07:24:53 +0000] "POST /wp-cron.php?doing_wp_cron=1493537093.4810650348663330078125 HTTP/1.1" 200 - "http://sundog-soft.com/wp-cron.php?doing_wp_cron=1493537093.4810650348663330078125" "WordPress/4.7.4; http://sundog-soft.com"
157.55.39.209 - - [30/Apr/2017:07:24:52 +0000] "GET /2013/10/silverlining-dynamic-skies-clouds-ios-launched/ HTTP/1.1" 200 14483 "-" "Mozilla/5.0 (compatible; bingbot/2.0; +http://www.bing.com/bingbot.htm)"
54.210.20.202 - - [30/Apr/2017:07:25:00 +0000] "POST /wp-cron.php?doing_wp_cron=1493537100.6809649467468261718750 HTTP/1.1" 200 - "http://sundog-soft.com/wp-cron.php?doing_wp_cron=1493537100.6809649467468261718750" "WordPress/4.7.4; http://sundog-soft.com"
104.154.198.228 - - [30/Apr/2017:07:25:00 +0000] "GET /feed/ HTTP/1.1" 200 31812 "-" "Java/1.8.0_121"
54.210.20.202 - - [30/Apr/2017:07:25:17 +0000] "POST /wp-cron.php?doing_wp_cron=1493537117.4277219772338867187500 HTTP/1.1" 200 - "http://sundog-soft.com/wp-cron.php?doing_wp_cron=1493537117.4277219772338867187500" "WordPress/4.7.4; http://sundog-soft.com"
157.55.39.63 - - [30/Apr/2017:07:25:16 +0000] "GET /2013/01/sundog-adds-god-rays-cloud-shadows-to-silverlining-sdk/ HTTP/1.1" 200 15231 "-" "Mozilla/5.0 (compatible; bingbot/2.0; +http://www.bing.com/bingbot.htm)"
178.79.143.171 - - [30/Apr/2017:07:27:10 +0000] "GET /sds/feed/ HTTP/1.1" 301 236 "-" "arss/testing; fsfeel@gmail.com"
54.210.20.202 - - [30/Apr/2017:07:27:11 +0000] "POST /wp-cron.php?doing_wp_cron=1493537231.4671421051025390625000 HTTP/1.1" 200 - "http://sundog-soft.com/wp-cron.php?doing_wp_cron=1493537231.4671421051025390625000" "WordPress/4.7.4; http://sundog-soft.com"
178.79.143.171 - - [30/Apr/2017:07:27:10 +0000] "GET /feed/ HTTP/1.1" 200 31812 "-" "arss/testing; fsfeel@gmail.com"
54.210.20.202 - - [30/Apr/2017:07:27:57 +0000] "POST /wp-cron.php?doing_wp_cron=1493537277.4646248817443847656250 HTTP/1.1" 200 - "http://sundog-soft.com/wp-cron.php?doing_wp_cron=1493537277.4646248817443847656250" "WordPress/4.7.4; http://sundog-soft.com"
157.55.39.63 - - [30/Apr/2017:07:27:56 +0000] "GET /2013/12/sundog-iitsec-2013/?show=slide&pageid=1994 HTTP/1.1" 200 15228 "-" "Mozilla/5.0 (compatible; bingbot/2.0; +http://www.bing.com/bingbot.htm)"
54.210.20.202 - - [30/Apr/2017:07:28:24 +0000] "POST /wp-cron.php?doing_wp_cron=1493537304.3027911186218261718750 HTTP/1.1" 200 - "http://sundog-soft.com/wp-cron.php?doing_wp_cron=1493537304.3027911186218261718750" "WordPress/4.7.4; http://sundog-soft.com"
31.134.248.10 - - [30/Apr/2017:07:28:23 +0000] "GET /wp-login.php HTTP/1.1" 200 5226 "-" "Mozilla/5.0 (Windows NT 6.0; rv:34.0) Gecko/20100101 Firefox/34.0"
54.210.20.202 - - [30/Apr/2017:07:28:25 +0000] "POST /wp-cron.php?doing_wp_cron=1493537305.9384760856628417968750 HTTP/1.1" 200 - "http://sundog-soft.com/wp-cron.php?doing_wp_cron=1493537305.9384760856628417968750" "WordPress/4.7.4; http://sundog-soft.com"
31.134.248.10 - - [30/Apr/2017:07:28:25 +0000] "POST /wp-login.php HTTP/1.1" 200 6182 "http://sundog-soft.com/wp-login.php" "Mozilla/5.0 (Windows NT 6.0; rv:34.0) Gecko/20100101 Firefox/34.0"
54.210.20.202 - - [30/Apr/2017:07:28:56 +0000] "POST /wp-cron.php?doing_wp_cron=1493537336.4261789321899414062500 HTTP/1.1" 200 - "http://sundog-soft.com/wp-cron.php?doing_wp_cron=1493537336.4261789321899414062500" "WordPress/4.7.4; http://sundog-soft.com"
88.147.174.57 - - [30/Apr/2017:07:28:55 +0000] "GET /wp-login.php HTTP/1.1" 200 5226 "-" "Mozilla/5.0 (Windows NT 6.0; rv:34.0) Gecko/20100101 Firefox/34.0"
54.210.20.202 - - [30/Apr/2017:07:28:57 +0000] "POST /wp-cron.php?doing_wp_cron=1493537337.9573929309844970703125 HTTP/1.1" 200 - "http://sundog-soft.com/wp-cron.php?doing_wp_cron=1493537337.9573929309844970703125" "WordPress/4.7.4; http://sundog-soft.com"
88.147.174.57 - - [30/Apr/2017:07:28:57 +0000] "POST /wp-login.php HTTP/1.1" 200 6182 "http://sundog-soft.com/wp-login.php" "Mozilla/5.0 (Windows NT 6.0; rv:34.0) Gecko/20100101 Firefox/34.0"
52.70.48.63 - - [30/Apr/2017:07:30:06 +0000] "GET / HTTP/1.1" 200 110612 "-" "Mozilla/5.0 (Macintosh; Intel Mac OS X 10_8_3) AppleWebKit/537.31 (KHTML, like Gecko) Chrome/26.0.1410.65 Safari/537.31"
37.9.88.66 - - [30/Apr/2017:07:30:10 +0000] "GET /wp-content/gallery/triton/rough-best.jpg HTTP/1.1" 200 373957 "-" "Mozilla/5.0 (compatible; YandexImageResizer/2.0; +http://yandex.com/bots)"
92.55.37.150 - - [30/Apr/2017:07:30:28 +0000] "GET /wp-login.php HTTP/1.1" 200 5226 "-" "Mozilla/5.0 (Windows NT 6.0; rv:34.0) Gecko/20100101 Firefox/34.0"
54.210.20.202 - - [30/Apr/2017:07:30:29 +0000] "GET /sitemap_index.xml HTTP/1.1" 200 389 "http://sundog-soft.com/sitemap_index.xml" "W3 Total Cache"
92.55.37.150 - - [30/Apr/2017:07:30:30 +0000] "POST /wp-login.php HTTP/1.1" 200 6182 "http://sundog-soft.com/wp-login.php" "Mozilla/5.0 (Windows NT 6.0; rv:34.0) Gecko/20100101 Firefox/34.0"
54.210.20.202 - - [30/Apr/2017:07:30:30 +0000] "GET /post-sitemap.xml HTTP/1.1" 200 13654 "http://sundog-soft.com/post-sitemap.xml" "W3 Total Cache"
54.210.20.202 - - [30/Apr/2017:07:30:32 +0000] "GET /page-sitemap.xml HTTP/1.1" 200 2198 "http://sundog-soft.com/page-sitemap.xml" "W3 Total Cache"
54.210.20.202 - - [30/Apr/2017:07:30:32 +0000] "GET /product-sitemap.xml HTTP/1.1" 200 555 "http://sundog-soft.com/product-sitemap.xml" "W3 Total Cache"
54.210.20.202 - - [30/Apr/2017:07:30:33 +0000] "GET /creativo_portfolio-sitemap.xml HTTP/1.1" 200 658 "http://sundog-soft.com/creativo_portfolio-sitemap.xml" "W3 Total Cache"
54.210.20.202 - - [30/Apr/2017:07:30:34 +0000] "GET /clients-sitemap.xml HTTP/1.1" 200 3298 "http://sundog-soft.com/clients-sitemap.xml" "W3 Total Cache"
54.210.20.202 - - [30/Apr/2017:07:30:34 +0000] "GET /category-sitemap.xml HTTP/1.1" 200 411 "http://sundog-soft.com/category-sitemap.xml" "W3 Total Cache"
54.210.20.202 - - [30/Apr/2017:07:30:35 +0000] "GET /portfolio_category-sitemap.xml HTTP/1.1" 200 337 "http://sundog-soft.com/portfolio_category-sitemap.xml" "W3 Total Cache"
54.210.20.202 - - [30/Apr/2017:07:30:36 +0000] "GET /author-sitemap.xml HTTP/1.1" 200 347 "http://sundog-soft.com/author-sitemap.xml" "W3 Total Cache"
54.210.20.202 - - [30/Apr/2017:07:30:36 +0000] "GET /clients/indra/ HTTP/1.1" 200 13292 "http://sundog-soft.com/clients/indra/" "WordPress"
54.210.20.202 - - [30/Apr/2017:07:30:37 +0000] "GET /clients/ifad/ HTTP/1.1" 200 13295 "http://sundog-soft.com/clients/ifad/" "WordPress"
54.210.20.202 - - [30/Apr/2017:07:30:38 +0000] "GET /clients/inp/ HTTP/1.1" 200 13291 "http://sundog-soft.com/clients/inp/" "WordPress"
54.210.20.202 - - [30/Apr/2017:07:30:39 +0000] "GET /clients/ipacs/ HTTP/1.1" 200 13302 "http://sundog-soft.com/clients/ipacs/" "WordPress"
54.210.20.202 - - [30/Apr/2017:07:30:40 +0000] "GET /clients/ivory-lake/ HTTP/1.1" 200 13328 "http://sundog-soft.com/clients/ivory-lake/" "WordPress"
54.210.20.202 - - [30/Apr/2017:07:30:41 +0000] "GET /clients/mak/ HTTP/1.1" 200 13294 "http://sundog-soft.com/clients/mak/" "WordPress"
54.210.20.202 - - [30/Apr/2017:07:30:42 +0000] "GET /clients/max/ HTTP/1.1" 200 13288 "http://sundog-soft.com/clients/max/" "WordPress"
54.210.20.202 - - [30/Apr/2017:07:30:43 +0000] "GET /clients/nlr/ HTTP/1.1" 200 13312 "http://sundog-soft.com/clients/nlr/" "WordPress"
54.210.20.202 - - [30/Apr/2017:07:30:43 +0000] "GET /clients/nexon/ HTTP/1.1" 200 13295 "http://sundog-soft.com/clients/nexon/" "WordPress"
54.210.20.202 - - [30/Apr/2017:07:30:44 +0000] "GET /clients/nova-technologies/ HTTP/1.1" 200 13332 "http://sundog-soft.com/clients/nova-technologies/" "WordPress"
54.210.20.202 - - [30/Apr/2017:07:30:29 +0000] "POST /wp-cron.php?doing_wp_cron=1493537429.2787320613861083984375 HTTP/1.1" 200 - "http://sundog-soft.com/wp-cron.php?doing_wp_cron=1493537429.2787320613861083984375" "WordPress/4.7.4; http://sundog-soft.com"
54.210.20.202 - - [30/Apr/2017:07:33:32 +0000] "POST /wp-cron.php?doing_wp_cron=1493537612.1894590854644775390625 HTTP/1.1" 200 - "http://sundog-soft.com/wp-cron.php?doing_wp_cron=1493537612.1894590854644775390625" "WordPress/4.7.4; http://sundog-soft.com"
108.171.129.169 - - [30/Apr/2017:07:33:31 +0000] "GET /feed/ HTTP/1.1" 200 31812 "-" "Mozilla/5.0 (Windows NT 6.1; Win64; x64; rv:53.0) Gecko/20100101 Firefox/53.0"
199.21.99.207 - - [30/Apr/2017:07:33:42 +0000] "GET /wp-content/uploads/2016/04/a320neo_40.jpg HTTP/1.1" 304 - "-" "Mozilla/5.0 (compatible; YandexImages/3.0; +http://yandex.com/bots)"
54.210.20.202 - - [30/Apr/2017:07:34:33 +0000] "POST /wp-cron.php?doing_wp_cron=1493537673.9179430007934570312500 HTTP/1.1" 200 - "http://sundog-soft.com/wp-cron.php?doing_wp_cron=1493537673.9179430007934570312500" "WordPress/4.7.4; http://sundog-soft.com"
157.55.39.123 - - [30/Apr/2017:07:34:33 +0000] "GET /2014/05/silverlining-3-adds-hi-res-cloud-detail-towering-cumulus/?wc-ajax=get_refreshed_fragments HTTP/1.1" 200 255 "-" "Mozilla/5.0 (compatible; bingbot/2.0; +http://www.bing.com/bingbot.htm)"
54.210.20.202 - - [30/Apr/2017:07:34:39 +0000] "POST /wp-cron.php?doing_wp_cron=1493537679.8126769065856933593750 HTTP/1.1" 200 - "http://sundog-soft.com/wp-cron.php?doing_wp_cron=1493537679.8126769065856933593750" "WordPress/4.7.4; http://sundog-soft.com"
104.154.198.228 - - [30/Apr/2017:07:34:39 +0000] "GET /feed/ HTTP/1.1" 200 31812 "-" "Java/1.8.0_121"
54.210.20.202 - - [30/Apr/2017:07:36:03 +0000] "POST /wp-cron.php?doing_wp_cron=1493537763.1973741054534912109375 HTTP/1.1" 200 - "http://sundog-soft.com/wp-cron.php?doing_wp_cron=1493537763.1973741054534912109375" "WordPress/4.7.4; http://sundog-soft.com"
199.21.99.207 - - [30/Apr/2017:07:36:02 +0000] "GET /portfolio-items/sundog-tech-demo/ HTTP/1.1" 200 13048 "-" "Mozilla/5.0 (compatible; YandexBot/3.0; +http://yandex.com/bots)"
54.210.20.202 - - [30/Apr/2017:07:37:03 +0000] "POST /wp-cron.php?doing_wp_cron=1493537823.4114279747009277343750 HTTP/1.1" 200 - "http://sundog-soft.com/wp-cron.php?doing_wp_cron=1493537823.4114279747009277343750" "WordPress/4.7.4; http://sundog-soft.com"
157.55.39.63 - - [30/Apr/2017:07:37:02 +0000] "GET /dynamic-skies-3d-clouds-ogre/?nggpage=7&show=gallery HTTP/1.1" 200 14965 "-" "Mozilla/5.0 (compatible; bingbot/2.0; +http://www.bing.com/bingbot.htm)"
54.210.20.202 - - [30/Apr/2017:07:37:34 +0000] "POST /wp-cron.php?doing_wp_cron=1493537854.4417409896850585937500 HTTP/1.1" 200 - "http://sundog-soft.com/wp-cron.php?doing_wp_cron=1493537854.4417409896850585937500" "WordPress/4.7.4; http://sundog-soft.com"
195.88.59.145 - - [30/Apr/2017:07:37:33 +0000] "GET /wp-login.php HTTP/1.1" 200 5226 "-" "Mozilla/5.0 (Windows NT 6.0; rv:34.0) Gecko/20100101 Firefox/34.0"
54.210.20.202 - - [30/Apr/2017:07:37:35 +0000] "POST /wp-cron.php?doing_wp_cron=1493537855.9578220844268798828125 HTTP/1.1" 200 - "http://sundog-soft.com/wp-cron.php?doing_wp_cron=1493537855.9578220844268798828125" "WordPress/4.7.4; http://sundog-soft.com"
195.88.59.145 - - [30/Apr/2017:07:37:35 +0000] "POST /wp-login.php HTTP/1.1" 200 6182 "http://sundog-soft.com/wp-login.php" "Mozilla/5.0 (Windows NT 6.0; rv:34.0) Gecko/20100101 Firefox/34.0"
40.77.167.139 - - [30/Apr/2017:07:37:45 +0000] "GET /robots.txt HTTP/1.1" 200 67 "-" "Mozilla/5.0 (compatible; bingbot/2.0; +http://www.bing.com/bingbot.htm)"
54.210.20.202 - - [30/Apr/2017:07:37:46 +0000] "POST /wp-cron.php?doing_wp_cron=1493537866.2487900257110595703125 HTTP/1.1" 200 - "http://sundog-soft.com/wp-cron.php?doing_wp_cron=1493537866.2487900257110595703125" "WordPress/4.7.4; http://sundog-soft.com"
40.77.167.139 - - [30/Apr/2017:07:37:46 +0000] "GET /robots.txt HTTP/1.1" 200 67 "-" "Mozilla/5.0 (compatible; bingbot/2.0; +http://www.bing.com/bingbot.htm)"
54.210.20.202 - - [30/Apr/2017:07:37:50 +0000] "POST /wp-cron.php?doing_wp_cron=1493537870.2166349887847900390625 HTTP/1.1" 200 - "http://sundog-soft.com/wp-cron.php?doing_wp_cron=1493537870.2166349887847900390625" "WordPress/4.7.4; http://sundog-soft.com"
40.77.167.26 - - [30/Apr/2017:07:37:49 +0000] "GET /clients/cuesim/ HTTP/1.1" 200 13303 "-" "Mozilla/5.0 (compatible; bingbot/2.0; +http://www.bing.com/bingbot.htm)"
109.74.1.174 - - [30/Apr/2017:07:38:58 +0000] "GET /sds/feed/rss/ HTTP/1.1" 301 240 "-" "Mozilla/5.0 (Macintosh; U; PPC Mac OS X Mach-O; en-US; rv:1.8) Gecko/20051130 Firefox/1.5"
54.210.20.202 - - [30/Apr/2017:07:38:59 +0000] "POST /wp-cron.php?doing_wp_cron=1493537939.0646669864654541015625 HTTP/1.1" 200 - "http://sundog-soft.com/wp-cron.php?doing_wp_cron=1493537939.0646669864654541015625" "WordPress/4.7.4; http://sundog-soft.com"
109.74.1.174 - - [30/Apr/2017:07:38:58 +0000] "GET /feed/rss/ HTTP/1.1" 301 - "-" "Mozilla/5.0 (Macintosh; U; PPC Mac OS X Mach-O; en-US; rv:1.8) Gecko/20051130 Firefox/1.5"
46.190.115.87 - - [30/Apr/2017:07:38:59 +0000] "GET /wp-login.php HTTP/1.1" 200 5226 "-" "Mozilla/5.0 (Windows NT 6.0; rv:34.0) Gecko/20100101 Firefox/34.0"
46.190.115.87 - - [30/Apr/2017:07:39:00 +0000] "POST /wp-login.php HTTP/1.1" 200 6182 "http://sundog-soft.com/wp-login.php" "Mozilla/5.0 (Windows NT 6.0; rv:34.0) Gecko/20100101 Firefox/34.0"
54.210.20.202 - - [30/Apr/2017:07:39:01 +0000] "POST /wp-cron.php?doing_wp_cron=1493537941.4977409839630126953125 HTTP/1.1" 200 - "http://sundog-soft.com/wp-cron.php?doing_wp_cron=1493537941.4977409839630126953125" "WordPress/4.7.4; http://sundog-soft.com"
109.74.1.174 - - [30/Apr/2017:07:39:00 +0000] "GET /feed/ HTTP/1.1" 200 31812 "-" "Mozilla/5.0 (Macintosh; U; PPC Mac OS X Mach-O; en-US; rv:1.8) Gecko/20051130 Firefox/1.5"
54.210.20.202 - - [30/Apr/2017:07:39:04 +0000] "POST /wp-cron.php?doing_wp_cron=1493537944.8468449115753173828125 HTTP/1.1" 200 - "http://sundog-soft.com/wp-cron.php?doing_wp_cron=1493537944.8468449115753173828125" "WordPress/4.7.4; http://sundog-soft.com"
176.56.7.24 - - [30/Apr/2017:07:39:04 +0000] "GET /wp-login.php HTTP/1.1" 200 5226 "-" "Mozilla/5.0 (Windows NT 6.0; rv:34.0) Gecko/20100101 Firefox/34.0"
54.210.20.202 - - [30/Apr/2017:07:39:06 +0000] "POST /wp-cron.php?doing_wp_cron=1493537946.4219479560852050781250 HTTP/1.1" 200 - "http://sundog-soft.com/wp-cron.php?doing_wp_cron=1493537946.4219479560852050781250" "WordPress/4.7.4; http://sundog-soft.com"
176.56.7.24 - - [30/Apr/2017:07:39:05 +0000] "POST /wp-login.php HTTP/1.1" 200 6182 "http://sundog-soft.com/wp-login.php" "Mozilla/5.0 (Windows NT 6.0; rv:34.0) Gecko/20100101 Firefox/34.0"
103.3.61.114 - - [30/Apr/2017:07:39:20 +0000] "GET / HTTP/1.1" 200 20503 "-" "Mozilla/5.0 (Windows NT 5.1; rv:7.0.1) Gecko/20100101 Firefox/7.0.1"
54.210.20.202 - - [30/Apr/2017:07:39:22 +0000] "POST /wp-cron.php?doing_wp_cron=1493537962.6562550067901611328125 HTTP/1.1" 200 - "http://sundog-soft.com/wp-cron.php?doing_wp_cron=1493537962.6562550067901611328125" "WordPress/4.7.4; http://sundog-soft.com"
103.3.61.114 - - [30/Apr/2017:07:39:21 +0000] "POST / HTTP/1.1" 200 20542 "http://sundog-soft.com/" "Mozilla/5.0 (Windows NT 5.1; rv:7.0.1) Gecko/20100101 Firefox/7.0.1"
54.210.20.202 - - [30/Apr/2017:07:40:01 +0000] "POST /wp-cron.php?doing_wp_cron=1493538001.2380330562591552734375 HTTP/1.1" 200 - "http://sundog-soft.com/wp-cron.php?doing_wp_cron=1493538001.2380330562591552734375" "WordPress/4.7.4; http://sundog-soft.com"
180.76.15.136 - - [30/Apr/2017:07:40:00 +0000] "GET / HTTP/1.1" 301 - "-" "Mozilla/5.0 (compatible; Baiduspider/2.0; +http://www.baidu.com/search/spider.html)"
180.76.15.161 - - [30/Apr/2017:07:40:06 +0000] "GET /sds/3d-water-oceans-ogre/?show=gallery&nggpage=5 HTTP/1.1" 301 283 "-" "Mozilla/5.0 (compatible; Baiduspider/2.0; +http://www.baidu.com/search/spider.html)"
54.210.20.202 - - [30/Apr/2017:07:40:07 +0000] "POST /wp-cron.php?doing_wp_cron=1493538007.2017679214477539062500 HTTP/1.1" 200 - "http://sundog-soft.com/wp-cron.php?doing_wp_cron=1493538007.2017679214477539062500" "WordPress/4.7.4; http://sundog-soft.com"
180.76.15.145 - - [30/Apr/2017:07:40:06 +0000] "GET /3d-water-oceans-ogre/?show=gallery&nggpage=5 HTTP/1.1" 301 - "-" "Mozilla/5.0 (compatible; Baiduspider/2.0; +http://www.baidu.com/search/spider.html)"
54.210.20.202 - - [30/Apr/2017:07:40:09 +0000] "POST /wp-cron.php?doing_wp_cron=1493538009.1343219280242919921875 HTTP/1.1" 200 - "http://sundog-soft.com/wp-cron.php?doing_wp_cron=1493538009.1343219280242919921875" "WordPress/4.7.4; http://sundog-soft.com"
180.76.15.158 - - [30/Apr/2017:07:40:08 +0000] "GET /3d-water-oceans-ogre/?show=gallery&nggpage=5 HTTP/1.1" 200 15003 "-" "Mozilla/5.0 (compatible; Baiduspider/2.0; +http://www.baidu.com/search/spider.html)"
54.210.20.202 - - [30/Apr/2017:07:40:13 +0000] "POST /wp-cron.php?doing_wp_cron=1493538013.1165699958801269531250 HTTP/1.1" 200 - "http://sundog-soft.com/wp-cron.php?doing_wp_cron=1493538013.1165699958801269531250" "WordPress/4.7.4; http://sundog-soft.com"
49.149.224.133 - - [30/Apr/2017:07:40:12 +0000] "GET /wp-login.php HTTP/1.1" 200 5226 "-" "Mozilla/5.0 (Windows NT 6.0; rv:34.0) Gecko/20100101 Firefox/34.0"
54.210.20.202 - - [30/Apr/2017:07:40:14 +0000] "POST /wp-cron.php?doing_wp_cron=1493538014.7517769336700439453125 HTTP/1.1" 200 - "http://sundog-soft.com/wp-cron.php?doing_wp_cron=1493538014.7517769336700439453125" "WordPress/4.7.4; http://sundog-soft.com"
49.149.224.133 - - [30/Apr/2017:07:40:14 +0000] "POST /wp-login.php HTTP/1.1" 200 6182 "http://sundog-soft.com/wp-login.php" "Mozilla/5.0 (Windows NT 6.0; rv:34.0) Gecko/20100101 Firefox/34.0"
54.210.20.202 - - [30/Apr/2017:07:41:02 +0000] "POST /wp-cron.php?doing_wp_cron=1493538062.4728260040283203125000 HTTP/1.1" 200 - "http://sundog-soft.com/wp-cron.php?doing_wp_cron=1493538062.4728260040283203125000" "WordPress/4.7.4; http://sundog-soft.com"
180.76.15.13 - - [30/Apr/2017:07:41:01 +0000] "GET / HTTP/1.1" 301 - "-" "Mozilla/5.0 (compatible; Baiduspider/2.0; +http://www.baidu.com/search/spider.html)"
54.197.39.49 - - [30/Apr/2017:07:41:08 +0000] "GET / HTTP/1.1" 200 20503 "-" "Mozilla/5.0 (X11; Linux x86_64) AppleWebKit/537.36 (KHTML, like Gecko) Chrome/43.0.2357.134 Safari/537.36 http://notifyninja.com/monitoring"
52.202.221.29 - - [30/Apr/2017:07:41:57 +0000] "GET / HTTP/1.1" 200 20503 "-" "Mozilla/5.0 (X11; Linux x86_64) AppleWebKit/537.36 (KHTML, like Gecko) Chrome/43.0.2357.134 Safari/537.36 http://notifyninja.com/monitoring"
54.210.20.202 - - [30/Apr/2017:07:42:47 +0000] "POST /wp-cron.php?doing_wp_cron=1493538167.0893809795379638671875 HTTP/1.1" 200 - "http://sundog-soft.com/wp-cron.php?doing_wp_cron=1493538167.0893809795379638671875" "WordPress/4.7.4; http://sundog-soft.com"
77.232.53.14 - - [30/Apr/2017:07:42:46 +0000] "GET /wp-login.php HTTP/1.1" 200 5226 "-" "Mozilla/5.0 (Windows NT 6.0; rv:34.0) Gecko/20100101 Firefox/34.0"
54.197.39.49 - - [30/Apr/2017:07:42:49 +0000] "GET / HTTP/1.1" 200 20503 "-" "Mozilla/5.0 (X11; Linux x86_64) AppleWebKit/537.36 (KHTML, like Gecko) Chrome/43.0.2357.134 Safari/537.36 http://notifyninja.com/monitoring"
54.210.20.202 - - [30/Apr/2017:07:42:48 +0000] "POST /wp-cron.php?doing_wp_cron=1493538168.6017050743103027343750 HTTP/1.1" 200 - "http://sundog-soft.com/wp-cron.php?doing_wp_cron=1493538168.6017050743103027343750" "WordPress/4.7.4; http://sundog-soft.com"
77.232.53.14 - - [30/Apr/2017:07:42:48 +0000] "POST /wp-login.php HTTP/1.1" 200 6182 "http://sundog-soft.com/wp-login.php" "Mozilla/5.0 (Windows NT 6.0; rv:34.0) Gecko/20100101 Firefox/34.0"
54.210.20.202 - - [30/Apr/2017:07:42:51 +0000] "POST /wp-cron.php?doing_wp_cron=1493538171.3626151084899902343750 HTTP/1.1" 200 - "http://sundog-soft.com/wp-cron.php?doing_wp_cron=1493538171.3626151084899902343750" "WordPress/4.7.4; http://sundog-soft.com"
157.55.39.63 - - [30/Apr/2017:07:42:50 +0000] "GET /2012/08/triton-ocean-sdk-1-5-adds-multithreading-c-user-geometry-visual-studio-2012-support/ HTTP/1.1" 200 15417 "-" "Mozilla/5.0 (compatible; bingbot/2.0; +http://www.bing.com/bingbot.htm)"
54.210.20.202 - - [30/Apr/2017:07:43:29 +0000] "POST /wp-cron.php?doing_wp_cron=1493538209.5780580043792724609375 HTTP/1.1" 200 - "http://sundog-soft.com/wp-cron.php?doing_wp_cron=1493538209.5780580043792724609375" "WordPress/4.7.4; http://sundog-soft.com"
77.213.91.33 - - [30/Apr/2017:07:43:28 +0000] "GET /wp-login.php HTTP/1.1" 200 5283 "-" "Mozilla/5.0 (Windows NT 6.1; WOW64; rv:40.0) Gecko/20100101 Firefox/40.1"
54.210.20.202 - - [30/Apr/2017:07:43:31 +0000] "POST /wp-cron.php?doing_wp_cron=1493538211.0843670368194580078125 HTTP/1.1" 200 - "http://sundog-soft.com/wp-cron.php?doing_wp_cron=1493538211.0843670368194580078125" "WordPress/4.7.4; http://sundog-soft.com"
77.213.91.33 - - [30/Apr/2017:07:43:30 +0000] "GET / HTTP/1.1" 301 - "-" "Mozilla/5.0 (Windows NT 6.1; WOW64; rv:40.0) Gecko/20100101 Firefox/40.1"
77.213.91.33 - - [30/Apr/2017:07:43:32 +0000] "GET / HTTP/1.1" 200 110612 "-" "Mozilla/5.0 (Windows NT 6.1; WOW64; rv:40.0) Gecko/20100101 Firefox/40.1"
54.210.20.202 - - [30/Apr/2017:07:43:34 +0000] "POST /wp-cron.php?doing_wp_cron=1493538214.0226230621337890625000 HTTP/1.1" 200 - "http://sundog-soft.com/wp-cron.php?doing_wp_cron=1493538214.0226230621337890625000" "WordPress/4.7.4; http://sundog-soft.com"
194.187.170.117 - - [30/Apr/2017:07:43:33 +0000] "GET /category/uncategorized/page/5/ HTTP/1.0" 200 14501 "-" "Mozilla/5.0 (compatible; Qwantify/2.4w; +https://www.qwant.com/)/2.4w"
34.195.252.134 - - [30/Apr/2017:07:43:45 +0000] "GET /sds/wp-content/uploads/2014/07/TritonGodRays.jpg HTTP/1.1" 301 275 "-" "Amazon CloudFront"
65.78.106.97 - - [30/Apr/2017:07:43:45 +0000] "GET /wp-content/uploads/2014/07/TritonGodRays.jpg HTTP/1.1" 200 31178 "https://www.bing.com/" "Mozilla/5.0 (iPad; CPU OS 10_3_1 like Mac OS X) AppleWebKit/603.1.30 (KHTML, like Gecko) Version/10.0 Mobile/14E304 Safari/602.1"
54.210.20.202 - - [30/Apr/2017:07:43:54 +0000] "POST /wp-cron.php?doing_wp_cron=1493538234.7516939640045166015625 HTTP/1.1" 200 - "http://sundog-soft.com/wp-cron.php?doing_wp_cron=1493538234.7516939640045166015625" "WordPress/4.7.4; http://sundog-soft.com"
104.154.198.228 - - [30/Apr/2017:07:43:54 +0000] "GET /feed/ HTTP/1.1" 200 31812 "-" "Java/1.8.0_121"
54.210.20.202 - - [30/Apr/2017:07:44:46 +0000] "POST /wp-cron.php?doing_wp_cron=1493538286.7256669998168945312500 HTTP/1.1" 200 - "http://sundog-soft.com/wp-cron.php?doing_wp_cron=1493538286.7256669998168945312500" "WordPress/4.7.4; http://sundog-soft.com"
217.182.132.81 - - [30/Apr/2017:07:44:46 +0000] "GET /2014/06/book-1961-makes-realistic-virtual-reality-skies/ HTTP/1.1" 200 15762 "-" "Mozilla/5.0 (compatible; AhrefsBot/5.2; +http://ahrefs.com/robot/)"
106.120.173.150 - - [30/Apr/2017:07:45:23 +0000] "GET / HTTP/1.1" 200 20503 "-" "Sogou web spider/4.0(+http://www.sogou.com/docs/help/webmasters.htm#07)"
89.100.148.101 - - [30/Apr/2017:07:45:30 +0000] "GET / HTTP/1.1" 200 20503 "https://www.google.ie/" "Mozilla/5.0 (X11; Linux x86_64) AppleWebKit/537.36 (KHTML, like Gecko) Chrome/57.0.2987.133 Safari/537.36"
89.100.148.101 - - [30/Apr/2017:07:45:30 +0000] "GET /wp-content/plugins/LayerSlider/static/layerslider/css/layerslider.css?ver=6.3.0 HTTP/1.1" 200 3792 "http://sundog-soft.com/" "Mozilla/5.0 (X11; Linux x86_64) AppleWebKit/537.36 (KHTML, like Gecko) Chrome/57.0.2987.133 Safari/537.36"
89.100.148.101 - - [30/Apr/2017:07:45:30 +0000] "GET /wp-content/plugins/contact-form-7/includes/css/styles.css?ver=4.7 HTTP/1.1" 200 634 "http://sundog-soft.com/" "Mozilla/5.0 (X11; Linux x86_64) AppleWebKit/537.36 (KHTML, like Gecko) Chrome/57.0.2987.133 Safari/537.36"
89.100.148.101 - - [30/Apr/2017:07:45:30 +0000] "GET /wp-content/plugins/revslider/public/assets/css/settings.css?ver=5.4.1 HTTP/1.1" 200 7067 "http://sundog-soft.com/" "Mozilla/5.0 (X11; Linux x86_64) AppleWebKit/537.36 (KHTML, like Gecko) Chrome/57.0.2987.133 Safari/537.36"
89.100.148.101 - - [30/Apr/2017:07:45:31 +0000] "GET /wp-content/plugins/tablepress/css/default.min.css?ver=1.8 HTTP/1.1" 200 2739 "http://sundog-soft.com/" "Mozilla/5.0 (X11; Linux x86_64) AppleWebKit/537.36 (KHTML, like Gecko) Chrome/57.0.2987.133 Safari/537.36"
89.100.148.101 - - [30/Apr/2017:07:45:31 +0000] "GET /wp-content/plugins/mailchimp-for-wp/assets/css/form-basic.min.css?ver=4.1.1 HTTP/1.1" 200 697 "http://sundog-soft.com/" "Mozilla/5.0 (X11; Linux x86_64) AppleWebKit/537.36 (KHTML, like Gecko) Chrome/57.0.2987.133 Safari/537.36"
89.100.148.101 - - [30/Apr/2017:07:45:31 +0000] "GET /wp-content/plugins/js_composer/assets/css/js_composer.min.css?ver=5.1.2 HTTP/1.1" 200 44414 "http://sundog-soft.com/" "Mozilla/5.0 (X11; Linux x86_64) AppleWebKit/537.36 (KHTML, like Gecko) Chrome/57.0.2987.133 Safari/537.36"
89.100.148.101 - - [30/Apr/2017:07:45:31 +0000] "GET /wp-content/plugins/mailchimp-widget/js/mailchimp-widget-min.js?ver=4.7.4 HTTP/1.1" 200 587 "http://sundog-soft.com/" "Mozilla/5.0 (X11; Linux x86_64) AppleWebKit/537.36 (KHTML, like Gecko) Chrome/57.0.2987.133 Safari/537.36"
89.100.148.101 - - [30/Apr/2017:07:45:31 +0000] "GET /wp-content/plugins/LayerSlider/static/layerslider/js/greensock.js?ver=1.19.0 HTTP/1.1" 200 39570 "http://sundog-soft.com/" "Mozilla/5.0 (X11; Linux x86_64) AppleWebKit/537.36 (KHTML, like Gecko) Chrome/57.0.2987.133 Safari/537.36"
89.100.148.101 - - [30/Apr/2017:07:45:31 +0000] "GET /wp-content/plugins/LayerSlider/static/layerslider/js/layerslider.kreaturamedia.jquery.js?ver=6.3.0 HTTP/1.1" 200 42430 "http://sundog-soft.com/" "Mozilla/5.0 (X11; Linux x86_64) AppleWebKit/537.36 (KHTML, like Gecko) Chrome/57.0.2987.133 Safari/537.36"
89.100.148.101 - - [30/Apr/2017:07:45:31 +0000] "GET /wp-content/plugins/LayerSlider/static/layerslider/js/layerslider.transitions.js?ver=6.3.0 HTTP/1.1" 200 3396 "http://sundog-soft.com/" "Mozilla/5.0 (X11; Linux x86_64) AppleWebKit/537.36 (KHTML, like Gecko) Chrome/57.0.2987.133 Safari/537.36"
89.100.148.101 - - [30/Apr/2017:07:45:32 +0000] "GET /wp-content/plugins/revslider/public/assets/js/jquery.themepunch.tools.min.js?ver=5.4.1 HTTP/1.1" 200 37359 "http://sundog-soft.com/" "Mozilla/5.0 (X11; Linux x86_64) AppleWebKit/537.36 (KHTML, like Gecko) Chrome/57.0.2987.133 Safari/537.36"
