54.210.20.202 - - [30/Apr/2017:08:01:57 +0000] "GET /clients-sitemap.xml HTTP/1.1" 200 3298 "http://sundog-soft.com/clients-sitemap.xml" "W3 Total Cache"
54.210.20.202 - - [30/Apr/2017:08:01:58 +0000] "GET /category-sitemap.xml HTTP/1.1" 200 411 "http://sundog-soft.com/category-sitemap.xml" "W3 Total Cache"
54.210.20.202 - - [30/Apr/2017:08:01:58 +0000] "GET /portfolio_category-sitemap.xml HTTP/1.1" 200 337 "http://sundog-soft.com/portfolio_category-sitemap.xml" "W3 Total Cache"
54.210.20.202 - - [30/Apr/2017:08:01:59 +0000] "GET /author-sitemap.xml HTTP/1.1" 200 347 "http://sundog-soft.com/author-sitemap.xml" "W3 Total Cache"
54.210.20.202 - - [30/Apr/2017:08:02:00 +0000] "GET /category/software/ HTTP/1.1" 200 13155 "http://sundog-soft.com/category/software/" "WordPress"
54.210.20.202 - - [30/Apr/2017:08:02:01 +0000] "GET /category/silverliningtm/ HTTP/1.1" 200 13457 "http://sundog-soft.com/category/silverliningtm/" "WordPress"
54.210.20.202 - - [30/Apr/2017:08:02:01 +0000] "GET /category/new-releases/ HTTP/1.1" 200 13319 "http://sundog-soft.com/category/new-releases/" "WordPress"
54.210.20.202 - - [30/Apr/2017:08:02:02 +0000] "GET /portfolio_category/demo/ HTTP/1.1" 200 12484 "http://sundog-soft.com/portfolio_category/demo/" "WordPress"
54.210.20.202 - - [30/Apr/2017:08:02:03 +0000] "GET /author/admin/ HTTP/1.1" 200 15025 "http://sundog-soft.com/author/admin/" "WordPress"
54.210.20.202 - - [30/Apr/2017:08:02:04 +0000] "GET /author/deepdishcreative/ HTTP/1.1" 200 12681 "http://sundog-soft.com/author/deepdishcreative/" "WordPress"
54.210.20.202 - - [30/Apr/2017:08:02:05 +0000] "GET /sitemap_index.xml HTTP/1.1" 200 389 "http://sundog-soft.com/sitemap_index.xml" "W3 Total Cache"
54.210.20.202 - - [30/Apr/2017:08:02:06 +0000] "GET /post-sitemap.xml HTTP/1.1" 200 13654 "http://sundog-soft.com/post-sitemap.xml" "W3 Total Cache"
54.210.20.202 - - [30/Apr/2017:08:02:06 +0000] "GET /page-sitemap.xml HTTP/1.1" 200 2198 "http://sundog-soft.com/page-sitemap.xml" "W3 Total Cache"
54.210.20.202 - - [30/Apr/2017:08:02:07 +0000] "GET /product-sitemap.xml HTTP/1.1" 200 555 "http://sundog-soft.com/product-sitemap.xml" "W3 Total Cache"
54.210.20.202 - - [30/Apr/2017:08:02:08 +0000] "GET /creativo_portfolio-sitemap.xml HTTP/1.1" 200 658 "http://sundog-soft.com/creativo_portfolio-sitemap.xml" "W3 Total Cache"
54.210.20.202 - - [30/Apr/2017:08:02:09 +0000] "GET /clients-sitemap.xml HTTP/1.1" 200 3298 "http://sundog-soft.com/clients-sitemap.xml" "W3 Total Cache"
54.210.20.202 - - [30/Apr/2017:08:02:09 +0000] "GET /category-sitemap.xml HTTP/1.1" 200 411 "http://sundog-soft.com/category-sitemap.xml" "W3 Total Cache"
54.210.20.202 - - [30/Apr/2017:08:02:10 +0000] "GET /portfolio_category-sitemap.xml HTTP/1.1" 200 337 "http://sundog-soft.com/portfolio_category-sitemap.xml" "W3 Total Cache"
54.210.20.202 - - [30/Apr/2017:08:02:11 +0000] "GET /author-sitemap.xml HTTP/1.1" 200 347 "http://sundog-soft.com/author-sitemap.xml" "W3 Total Cache"
54.210.20.202 - - [30/Apr/2017:08:02:11 +0000] "GET /2015/06/3d-clouds-for-havok-vision-engine-2014-2/ HTTP/1.1" 200 14509 "http://sundog-soft.com/2015/06/3d-clouds-for-havok-vision-engine-2014-2/" "WordPress"
194.135.235.62 - - [30/Apr/2017:08:02:12 +0000] "GET /wp-login.php HTTP/1.1" 200 5226 "-" "Mozilla/5.0 (Windows NT 6.0; rv:34.0) Gecko/20100101 Firefox/34.0"
54.210.20.202 - - [30/Apr/2017:08:02:12 +0000] "GET /2015/05/propeller-backwash-turbulent-wake-enhancements/ HTTP/1.1" 200 15505 "http://sundog-soft.com/2015/05/propeller-backwash-turbulent-wake-enhancements/" "WordPress"
194.135.235.62 - - [30/Apr/2017:08:02:14 +0000] "POST /wp-login.php HTTP/1.1" 200 6182 "http://sundog-soft.com/wp-login.php" "Mozilla/5.0 (Windows NT 6.0; rv:34.0) Gecko/20100101 Firefox/34.0"
104.154.198.228 - - [30/Apr/2017:08:02:14 +0000] "GET /feed/ HTTP/1.1" 200 31812 "-" "Java/1.8.0_121"
54.210.20.202 - - [30/Apr/2017:08:02:14 +0000] "GET /2015/06/torque-3d-triton-ocean-integration-updated/ HTTP/1.1" 200 14973 "http://sundog-soft.com/2015/06/torque-3d-triton-ocean-integration-updated/" "WordPress"
54.210.20.202 - - [30/Apr/2017:08:02:16 +0000] "GET /2015/06/accelerating-tritons-cuda-performance/ HTTP/1.1" 200 14602 "http://sundog-soft.com/2015/06/accelerating-tritons-cuda-performance/" "WordPress"
54.210.20.202 - - [30/Apr/2017:08:02:17 +0000] "GET /2015/06/project-spotlight-the-golden-age-vr/ HTTP/1.1" 200 15020 "http://sundog-soft.com/2015/06/project-spotlight-the-golden-age-vr/" "WordPress"
54.210.20.202 - - [30/Apr/2017:08:02:18 +0000] "GET /2015/06/using-an-opengl-logarithmic-depth-buffer-in-silverlining-and-triton/ HTTP/1.1" 200 15902 "http://sundog-soft.com/2015/06/using-an-opengl-logarithmic-depth-buffer-in-silverlining-and-triton/" "WordPress"
54.210.20.202 - - [30/Apr/2017:08:02:19 +0000] "GET /2015/06/triton-now-uses-cuda-6-5/ HTTP/1.1" 200 14590 "http://sundog-soft.com/2015/06/triton-now-uses-cuda-6-5/" "WordPress"
54.210.20.202 - - [30/Apr/2017:08:02:20 +0000] "GET /2015/06/soft-clouds-with-silverlining/ HTTP/1.1" 200 17803 "http://sundog-soft.com/2015/06/soft-clouds-with-silverlining/" "WordPress"
54.210.20.202 - - [30/Apr/2017:08:02:21 +0000] "GET /2015/03/tuning-precipitation-effects-in-silverlining/ HTTP/1.1" 200 15603 "http://sundog-soft.com/2015/03/tuning-precipitation-effects-in-silverlining/" "WordPress"
54.210.20.202 - - [30/Apr/2017:08:02:22 +0000] "GET /2015/03/triton-3d-water-updated-for-unity-5/ HTTP/1.1" 200 14523 "http://sundog-soft.com/2015/03/triton-3d-water-updated-for-unity-5/" "WordPress"
54.210.20.202 - - [30/Apr/2017:08:01:52 +0000] "POST /wp-cron.php?doing_wp_cron=1493539312.3488190174102783203125 HTTP/1.1" 200 - "http://sundog-soft.com/wp-cron.php?doing_wp_cron=1493539312.3488190174102783203125" "WordPress/4.7.4; http://sundog-soft.com"
54.210.20.202 - - [30/Apr/2017:08:02:30 +0000] "POST /wp-cron.php?doing_wp_cron=1493539350.3374199867248535156250 HTTP/1.1" 200 - "http://sundog-soft.com/wp-cron.php?doing_wp_cron=1493539350.3374199867248535156250" "WordPress/4.7.4; http://sundog-soft.com"
188.234.221.21 - - [30/Apr/2017:08:02:29 +0000] "GET /wp-login.php HTTP/1.1" 200 5226 "-" "Mozilla/5.0 (Windows NT 6.0; rv:34.0) Gecko/20100101 Firefox/34.0"
54.210.20.202 - - [30/Apr/2017:08:02:31 +0000] "POST /wp-cron.php?doing_wp_cron=1493539351.8742198944091796875000 HTTP/1.1" 200 - "http://sundog-soft.com/wp-cron.php?doing_wp_cron=1493539351.8742198944091796875000" "WordPress/4.7.4; http://sundog-soft.com"
188.234.221.21 - - [30/Apr/2017:08:02:31 +0000] "POST /wp-login.php HTTP/1.1" 200 6182 "http://sundog-soft.com/wp-login.php" "Mozilla/5.0 (Windows NT 6.0; rv:34.0) Gecko/20100101 Firefox/34.0"
54.210.20.202 - - [30/Apr/2017:08:03:32 +0000] "POST /wp-cron.php?doing_wp_cron=1493539412.4369530677795410156250 HTTP/1.1" 200 - "http://sundog-soft.com/wp-cron.php?doing_wp_cron=1493539412.4369530677795410156250" "WordPress/4.7.4; http://sundog-soft.com"
108.171.129.169 - - [30/Apr/2017:08:03:31 +0000] "GET /feed/ HTTP/1.1" 200 31812 "-" "Mozilla/5.0 (Windows NT 6.1; Win64; x64; rv:53.0) Gecko/20100101 Firefox/53.0"
54.210.20.202 - - [30/Apr/2017:08:03:54 +0000] "POST /wp-cron.php?doing_wp_cron=1493539434.4282031059265136718750 HTTP/1.1" 200 - "http://sundog-soft.com/wp-cron.php?doing_wp_cron=1493539434.4282031059265136718750" "WordPress/4.7.4; http://sundog-soft.com"
183.82.227.0 - - [30/Apr/2017:08:03:53 +0000] "GET /hadoop/HbaseExamples.py HTTP/1.1" 404 48284 "-" "Mozilla/5.0 (Windows NT 10.0; Win64; x64) AppleWebKit/537.36 (KHTML, like Gecko) Chrome/58.0.3029.81 Safari/537.36"
183.82.227.0 - - [30/Apr/2017:08:03:55 +0000] "GET /wp-content/plugins/LayerSlider/static/layerslider/css/layerslider.css?ver=6.3.0 HTTP/1.1" 200 3792 "http://sundog-soft.com/hadoop/HbaseExamples.py" "Mozilla/5.0 (Windows NT 10.0; Win64; x64) AppleWebKit/537.36 (KHTML, like Gecko) Chrome/58.0.3029.81 Safari/537.36"
183.82.227.0 - - [30/Apr/2017:08:03:55 +0000] "GET /wp-content/plugins/contact-form-7/includes/css/styles.css?ver=4.7 HTTP/1.1" 200 634 "http://sundog-soft.com/hadoop/HbaseExamples.py" "Mozilla/5.0 (Windows NT 10.0; Win64; x64) AppleWebKit/537.36 (KHTML, like Gecko) Chrome/58.0.3029.81 Safari/537.36"
183.82.227.0 - - [30/Apr/2017:08:03:56 +0000] "GET /wp-content/plugins/revslider/public/assets/css/settings.css?ver=5.4.1 HTTP/1.1" 200 7067 "http://sundog-soft.com/hadoop/HbaseExamples.py" "Mozilla/5.0 (Windows NT 10.0; Win64; x64) AppleWebKit/537.36 (KHTML, like Gecko) Chrome/58.0.3029.81 Safari/537.36"
183.82.227.0 - - [30/Apr/2017:08:03:56 +0000] "GET /wp-content/plugins/tablepress/css/default.min.css?ver=1.8 HTTP/1.1" 200 2739 "http://sundog-soft.com/hadoop/HbaseExamples.py" "Mozilla/5.0 (Windows NT 10.0; Win64; x64) AppleWebKit/537.36 (KHTML, like Gecko) Chrome/58.0.3029.81 Safari/537.36"
183.82.227.0 - - [30/Apr/2017:08:03:56 +0000] "GET /wp-content/plugins/mailchimp-for-wp/assets/css/form-basic.min.css?ver=4.1.1 HTTP/1.1" 200 697 "http://sundog-soft.com/hadoop/HbaseExamples.py" "Mozilla/5.0 (Windows NT 10.0; Win64; x64) AppleWebKit/537.36 (KHTML, like Gecko) Chrome/58.0.3029.81 Safari/537.36"
183.82.227.0 - - [30/Apr/2017:08:03:56 +0000] "GET /wp-content/plugins/mailchimp-widget/js/mailchimp-widget-min.js?ver=4.7.4 HTTP/1.1" 200 587 "http://sundog-soft.com/hadoop/HbaseExamples.py" "Mozilla/5.0 (Windows NT 10.0; Win64; x64) AppleWebKit/537.36 (KHTML, like Gecko) Chrome/58.0.3029.81 Safari/537.36"
183.82.227.0 - - [30/Apr/2017:08:03:56 +0000] "GET /wp-content/plugins/LayerSlider/static/layerslider/js/layerslider.transitions.js?ver=6.3.0 HTTP/1.1" 200 3396 "http://sundog-soft.com/hadoop/HbaseExamples.py" "Mozilla/5.0 (Windows NT 10.0; Win64; x64) AppleWebKit/537.36 (KHTML, like Gecko) Chrome/58.0.3029.81 Safari/537.36"
183.82.227.0 - - [30/Apr/2017:08:03:56 +0000] "GET /wp-content/plugins/LayerSlider/static/layerslider/js/layerslider.kreaturamedia.jquery.js?ver=6.3.0 HTTP/1.1" 200 42430 "http://sundog-soft.com/hadoop/HbaseExamples.py" "Mozilla/5.0 (Windows NT 10.0; Win64; x64) AppleWebKit/537.36 (KHTML, like Gecko) Chrome/58.0.3029.81 Safari/537.36"
183.82.227.0 - - [30/Apr/2017:08:03:56 +0000] "GET /wp-content/plugins/LayerSlider/static/layerslider/js/greensock.js?ver=1.19.0 HTTP/1.1" 200 39570 "http://sundog-soft.com/hadoop/HbaseExamples.py" "Mozilla/5.0 (Windows NT 10.0; Win64; x64) AppleWebKit/537.36 (KHTML, like Gecko) Chrome/58.0.3029.81 Safari/537.36"
183.82.227.0 - - [30/Apr/2017:08:03:56 +0000] "GET /wp-content/plugins/woocommerce/assets/js/frontend/add-to-cart.min.js?ver=3.0.4 HTTP/1.1" 200 803 "http://sundog-soft.com/hadoop/HbaseExamples.py" "Mozilla/5.0 (Windows NT 10.0; Win64; x64) AppleWebKit/537.36 (KHTML, like Gecko) Chrome/58.0.3029.81 Safari/537.36"
183.82.227.0 - - [30/Apr/2017:08:03:57 +0000] "GET /wp-content/plugins/js_composer/assets/js/vendors/woocommerce-add-to-cart.js?ver=5.1.2 HTTP/1.1" 200 351 "http://sundog-soft.com/hadoop/HbaseExamples.py" "Mozilla/5.0 (Windows NT 10.0; Win64; x64) AppleWebKit/537.36 (KHTML, like Gecko) Chrome/58.0.3029.81 Safari/537.36"
183.82.227.0 - - [30/Apr/2017:08:03:59 +0000] "GET /wp-content/plugins/contact-form-7/includes/js/jquery.form.min.js?ver=3.51.0-2014.06.20 HTTP/1.1" 200 5860 "http://sundog-soft.com/hadoop/HbaseExamples.py" "Mozilla/5.0 (Windows NT 10.0; Win64; x64) AppleWebKit/537.36 (KHTML, like Gecko) Chrome/58.0.3029.81 Safari/537.36"
183.82.227.0 - - [30/Apr/2017:08:03:59 +0000] "GET /wp-content/plugins/contact-form-7/includes/js/scripts.js?ver=4.7 HTTP/1.1" 200 3667 "http://sundog-soft.com/hadoop/HbaseExamples.py" "Mozilla/5.0 (Windows NT 10.0; Win64; x64) AppleWebKit/537.36 (KHTML, like Gecko) Chrome/58.0.3029.81 Safari/537.36"
183.82.227.0 - - [30/Apr/2017:08:04:00 +0000] "GET /wp-content/plugins/woocommerce/assets/js/jquery-blockui/jquery.blockUI.min.js?ver=2.70 HTTP/1.1" 200 3547 "http://sundog-soft.com/hadoop/HbaseExamples.py" "Mozilla/5.0 (Windows NT 10.0; Win64; x64) AppleWebKit/537.36 (KHTML, like Gecko) Chrome/58.0.3029.81 Safari/537.36"
183.82.227.0 - - [30/Apr/2017:08:04:00 +0000] "GET /wp-content/plugins/woocommerce/assets/js/js-cookie/js.cookie.min.js?ver=2.1.4 HTTP/1.1" 200 987 "http://sundog-soft.com/hadoop/HbaseExamples.py" "Mozilla/5.0 (Windows NT 10.0; Win64; x64) AppleWebKit/537.36 (KHTML, like Gecko) Chrome/58.0.3029.81 Safari/537.36"
183.82.227.0 - - [30/Apr/2017:08:04:00 +0000] "GET /wp-content/plugins/woocommerce/assets/js/frontend/woocommerce.min.js?ver=3.0.4 HTTP/1.1" 200 291 "http://sundog-soft.com/hadoop/HbaseExamples.py" "Mozilla/5.0 (Windows NT 10.0; Win64; x64) AppleWebKit/537.36 (KHTML, like Gecko) Chrome/58.0.3029.81 Safari/537.36"
183.82.227.0 - - [30/Apr/2017:08:04:00 +0000] "GET /favicon.ico HTTP/1.1" 200 - "http://sundog-soft.com/hadoop/HbaseExamples.py" "Mozilla/5.0 (Windows NT 10.0; Win64; x64) AppleWebKit/537.36 (KHTML, like Gecko) Chrome/58.0.3029.81 Safari/537.36"
::1 - - [30/Apr/2017:08:04:08 +0000] "OPTIONS * HTTP/1.0" 200 - "-" "Apache/2.4.25 (Amazon) OpenSSL/1.0.1k-fips PHP/5.6.30 (internal dummy connection)"
66.249.64.253 - - [30/Apr/2017:08:05:29 +0000] "GET /wp-content/plugins/tablepress/css/default.min.css?ver=1.8 HTTP/1.1" 200 2739 "http://sundog-soft.com/" "Mozilla/5.0 (Linux; Android 6.0.1; Nexus 5X Build/MMB29P) AppleWebKit/537.36 (KHTML, like Gecko) Chrome/41.0.2272.96 Mobile Safari/537.36 (compatible; Googlebot/2.1; +http://www.google.com/bot.html)"
54.210.20.202 - - [30/Apr/2017:08:05:29 +0000] "POST /wp-cron.php?doing_wp_cron=1493539529.8835411071777343750000 HTTP/1.1" 200 - "http://sundog-soft.com/wp-cron.php?doing_wp_cron=1493539529.8835411071777343750000" "WordPress/4.7.4; http://sundog-soft.com"
66.249.64.253 - - [30/Apr/2017:08:05:29 +0000] "GET /robots.txt HTTP/1.1" 200 67 "-" "Mozilla/5.0 (compatible; Googlebot/2.1; +http://www.google.com/bot.html)"
54.210.20.202 - - [30/Apr/2017:08:05:36 +0000] "POST /wp-cron.php?doing_wp_cron=1493539536.9176330566406250000000 HTTP/1.1" 200 - "http://sundog-soft.com/wp-cron.php?doing_wp_cron=1493539536.9176330566406250000000" "WordPress/4.7.4; http://sundog-soft.com"
62.133.162.232 - - [30/Apr/2017:08:05:36 +0000] "GET /wp-login.php HTTP/1.1" 200 5226 "-" "Mozilla/5.0 (Windows NT 6.0; rv:34.0) Gecko/20100101 Firefox/34.0"
54.210.20.202 - - [30/Apr/2017:08:05:38 +0000] "POST /wp-cron.php?doing_wp_cron=1493539538.4980120658874511718750 HTTP/1.1" 200 - "http://sundog-soft.com/wp-cron.php?doing_wp_cron=1493539538.4980120658874511718750" "WordPress/4.7.4; http://sundog-soft.com"
62.133.162.232 - - [30/Apr/2017:08:05:37 +0000] "POST /wp-login.php HTTP/1.1" 200 6182 "http://sundog-soft.com/wp-login.php" "Mozilla/5.0 (Windows NT 6.0; rv:34.0) Gecko/20100101 Firefox/34.0"
54.210.20.202 - - [30/Apr/2017:08:05:48 +0000] "POST /wp-cron.php?doing_wp_cron=1493539548.4498319625854492187500 HTTP/1.1" 200 - "http://sundog-soft.com/wp-cron.php?doing_wp_cron=1493539548.4498319625854492187500" "WordPress/4.7.4; http://sundog-soft.com"
212.150.211.166 - - [30/Apr/2017:08:05:47 +0000] "GET /robots.txt HTTP/1.0" 200 67 "-" "omgili/0.5 +http://omgili.com"
212.150.211.166 - - [30/Apr/2017:08:05:49 +0000] "GET /sds/wp-content/plugins/nextgen-gallery/xml/media-rss.php HTTP/1.1" 301 283 "-" "UniversalFeedParser/5.1.3 +https://code.google.com/p/feedparser/"
54.210.20.202 - - [30/Apr/2017:08:05:50 +0000] "POST /wp-cron.php?doing_wp_cron=1493539550.7751269340515136718750 HTTP/1.1" 200 - "http://sundog-soft.com/wp-cron.php?doing_wp_cron=1493539550.7751269340515136718750" "WordPress/4.7.4; http://sundog-soft.com"
212.150.211.166 - - [30/Apr/2017:08:05:50 +0000] "GET /wp-content/plugins/nextgen-gallery/xml/media-rss.php HTTP/1.1" 404 48380 "-" "UniversalFeedParser/5.1.3 +https://code.google.com/p/feedparser/"
212.150.211.166 - - [30/Apr/2017:08:05:56 +0000] "GET /sds/wp-content/plugins/nextgen-gallery/xml/media-rss.php HTTP/1.1" 301 283 "-" "omgili/0.5 +http://omgili.com"
54.210.20.202 - - [30/Apr/2017:08:05:57 +0000] "POST /wp-cron.php?doing_wp_cron=1493539557.8222460746765136718750 HTTP/1.1" 200 - "http://sundog-soft.com/wp-cron.php?doing_wp_cron=1493539557.8222460746765136718750" "WordPress/4.7.4; http://sundog-soft.com"
212.150.211.166 - - [30/Apr/2017:08:05:57 +0000] "GET /wp-content/plugins/nextgen-gallery/xml/media-rss.php HTTP/1.1" 404 48380 "-" "omgili/0.5 +http://omgili.com"
54.210.20.202 - - [30/Apr/2017:08:06:11 +0000] "POST /wp-cron.php?doing_wp_cron=1493539571.3294570446014404296875 HTTP/1.1" 200 - "http://sundog-soft.com/wp-cron.php?doing_wp_cron=1493539571.3294570446014404296875" "WordPress/4.7.4; http://sundog-soft.com"
199.21.99.207 - - [30/Apr/2017:08:06:10 +0000] "GET /product/silverlining-product-license-source-code/ HTTP/1.1" 200 14520 "-" "Mozilla/5.0 (compatible; YandexBot/3.0; +http://yandex.com/bots)"
51.15.37.18 - - [30/Apr/2017:08:06:56 +0000] "GET / HTTP/1.1" 200 20503 "-" "Mozilla/5.0 (Windows NT 5.1; rv:7.0.1) Gecko/20100101 Firefox/7.0.1"
54.210.20.202 - - [30/Apr/2017:08:06:57 +0000] "POST /wp-cron.php?doing_wp_cron=1493539617.8777289390563964843750 HTTP/1.1" 200 - "http://sundog-soft.com/wp-cron.php?doing_wp_cron=1493539617.8777289390563964843750" "WordPress/4.7.4; http://sundog-soft.com"
51.15.37.18 - - [30/Apr/2017:08:06:57 +0000] "POST / HTTP/1.1" 200 20542 "http://sundog-soft.com/" "Mozilla/5.0 (Windows NT 5.1; rv:7.0.1) Gecko/20100101 Firefox/7.0.1"
178.79.143.171 - - [30/Apr/2017:08:07:15 +0000] "GET /sds/feed/ HTTP/1.1" 301 236 "-" "arss/testing; fsfeel@gmail.com"
54.210.20.202 - - [30/Apr/2017:08:07:15 +0000] "POST /wp-cron.php?doing_wp_cron=1493539635.7017118930816650390625 HTTP/1.1" 200 - "http://sundog-soft.com/wp-cron.php?doing_wp_cron=1493539635.7017118930816650390625" "WordPress/4.7.4; http://sundog-soft.com"
178.79.143.171 - - [30/Apr/2017:08:07:15 +0000] "GET /feed/ HTTP/1.1" 200 31812 "-" "arss/testing; fsfeel@gmail.com"
54.210.20.202 - - [30/Apr/2017:08:08:07 +0000] "POST /wp-cron.php?doing_wp_cron=1493539687.8311491012573242187500 HTTP/1.1" 200 - "http://sundog-soft.com/wp-cron.php?doing_wp_cron=1493539687.8311491012573242187500" "WordPress/4.7.4; http://sundog-soft.com"
178.185.72.136 - - [30/Apr/2017:08:08:07 +0000] "GET /wp-login.php HTTP/1.1" 200 5226 "-" "Mozilla/5.0 (Windows NT 6.0; rv:34.0) Gecko/20100101 Firefox/34.0"
54.210.20.202 - - [30/Apr/2017:08:08:09 +0000] "POST /wp-cron.php?doing_wp_cron=1493539689.5206561088562011718750 HTTP/1.1" 200 - "http://sundog-soft.com/wp-cron.php?doing_wp_cron=1493539689.5206561088562011718750" "WordPress/4.7.4; http://sundog-soft.com"
178.185.72.136 - - [30/Apr/2017:08:08:08 +0000] "POST /wp-login.php HTTP/1.1" 200 6182 "http://sundog-soft.com/wp-login.php" "Mozilla/5.0 (Windows NT 6.0; rv:34.0) Gecko/20100101 Firefox/34.0"
54.210.20.202 - - [30/Apr/2017:08:08:29 +0000] "POST /wp-cron.php?doing_wp_cron=1493539709.8691658973693847656250 HTTP/1.1" 200 - "http://sundog-soft.com/wp-cron.php?doing_wp_cron=1493539709.8691658973693847656250" "WordPress/4.7.4; http://sundog-soft.com"
31.173.243.32 - - [30/Apr/2017:08:08:29 +0000] "GET /wp-login.php HTTP/1.1" 200 5226 "-" "Mozilla/5.0 (Windows NT 6.0; rv:34.0) Gecko/20100101 Firefox/34.0"
54.210.20.202 - - [30/Apr/2017:08:08:31 +0000] "POST /wp-cron.php?doing_wp_cron=1493539711.5138421058654785156250 HTTP/1.1" 200 - "http://sundog-soft.com/wp-cron.php?doing_wp_cron=1493539711.5138421058654785156250" "WordPress/4.7.4; http://sundog-soft.com"
31.173.243.32 - - [30/Apr/2017:08:08:30 +0000] "POST /wp-login.php HTTP/1.1" 200 6182 "http://sundog-soft.com/wp-login.php" "Mozilla/5.0 (Windows NT 6.0; rv:34.0) Gecko/20100101 Firefox/34.0"
66.249.64.40 - - [30/Apr/2017:08:08:40 +0000] "GET /docs/html/graph_legend.png HTTP/1.1" 200 14422 "-" "Googlebot-Image/1.0"
66.249.64.40 - - [30/Apr/2017:08:08:41 +0000] "GET /docs/triton/class_triton_1_1_wake_generator__inherit__graph.png HTTP/1.1" 304 - "-" "Googlebot-Image/1.0"
66.249.64.42 - - [30/Apr/2017:08:08:45 +0000] "GET /docs/html/class_silver_lining_1_1_plane__inherit__graph.png HTTP/1.1" 200 1700 "-" "Googlebot-Image/1.0"
122.61.16.21 - - [30/Apr/2017:08:09:07 +0000] "GET /sds/wp-content/gallery/triton/triton-13-wake2.jpg HTTP/1.1" 301 276 "https://www.google.co.nz/" "Mozilla/5.0 (Windows NT 10.0; Win64; x64) AppleWebKit/537.36 (KHTML, like Gecko) Chrome/57.0.2987.133 Safari/537.36"
122.61.16.21 - - [30/Apr/2017:08:09:07 +0000] "GET /wp-content/gallery/triton/triton-13-wake2.jpg HTTP/1.1" 200 130749 "https://www.google.co.nz/" "Mozilla/5.0 (Windows NT 10.0; Win64; x64) AppleWebKit/537.36 (KHTML, like Gecko) Chrome/57.0.2987.133 Safari/537.36"
54.210.20.202 - - [30/Apr/2017:08:09:27 +0000] "POST /wp-cron.php?doing_wp_cron=1493539767.7337899208068847656250 HTTP/1.1" 200 - "http://sundog-soft.com/wp-cron.php?doing_wp_cron=1493539767.7337899208068847656250" "WordPress/4.7.4; http://sundog-soft.com"
34.195.252.134 - - [30/Apr/2017:08:09:27 +0000] "GET /robots.txt HTTP/1.1" 200 67 "-" "Amazon CloudFront"
52.56.127.29 - - [30/Apr/2017:08:09:57 +0000] "GET /wp-content/uploads/2017/04/CirrusSF50_2.png HTTP/1.1" 200 487959 "-" "Amazon CloudFront"
54.210.20.202 - - [30/Apr/2017:08:11:39 +0000] "POST /wp-cron.php?doing_wp_cron=1493539899.6413540840148925781250 HTTP/1.1" 200 - "http://sundog-soft.com/wp-cron.php?doing_wp_cron=1493539899.6413540840148925781250" "WordPress/4.7.4; http://sundog-soft.com"
216.244.66.246 - - [30/Apr/2017:08:11:39 +0000] "GET /2013/07/1851/ HTTP/1.1" 200 63876 "-" "Mozilla/5.0 (compatible; DotBot/1.1; http://www.opensiteexplorer.org/dotbot, help@moz.com)"
54.210.20.202 - - [30/Apr/2017:08:11:46 +0000] "POST /wp-cron.php?doing_wp_cron=1493539906.6410510540008544921875 HTTP/1.1" 200 - "http://sundog-soft.com/wp-cron.php?doing_wp_cron=1493539906.6410510540008544921875" "WordPress/4.7.4; http://sundog-soft.com"
216.244.66.246 - - [30/Apr/2017:08:11:46 +0000] "GET /2016/12/skymaxx-pro-4-releases-tomorrow/ HTTP/1.1" 200 61586 "-" "Mozilla/5.0 (compatible; DotBot/1.1; http://www.opensiteexplorer.org/dotbot, help@moz.com)"
54.210.20.202 - - [30/Apr/2017:08:11:55 +0000] "POST /wp-cron.php?doing_wp_cron=1493539915.0419120788574218750000 HTTP/1.1" 200 - "http://sundog-soft.com/wp-cron.php?doing_wp_cron=1493539915.0419120788574218750000" "WordPress/4.7.4; http://sundog-soft.com"
216.244.66.246 - - [30/Apr/2017:08:11:54 +0000] "GET /category/uncategorized/page/6/ HTTP/1.1" 200 62522 "-" "Mozilla/5.0 (compatible; DotBot/1.1; http://www.opensiteexplorer.org/dotbot, help@moz.com)"
54.210.20.202 - - [30/Apr/2017:08:12:00 +0000] "POST /wp-cron.php?doing_wp_cron=1493539920.8320720195770263671875 HTTP/1.1" 200 - "http://sundog-soft.com/wp-cron.php?doing_wp_cron=1493539920.8320720195770263671875" "WordPress/4.7.4; http://sundog-soft.com"
104.154.198.228 - - [30/Apr/2017:08:12:00 +0000] "GET /feed/ HTTP/1.1" 200 31812 "-" "Java/1.8.0_121"
216.244.66.246 - - [30/Apr/2017:08:12:02 +0000] "GET /sds/2010/09/silverlining-2-0-beta-1-available/feed/ HTTP/1.1" 301 278 "-" "Mozilla/5.0 (compatible; DotBot/1.1; http://www.opensiteexplorer.org/dotbot, help@moz.com)"
216.244.66.246 - - [30/Apr/2017:08:12:03 +0000] "GET /sds/2013/01/sundog-adds-god-rays-cloud-shadows-to-silverlining-sdk/ HTTP/1.1" 301 294 "-" "Mozilla/5.0 (compatible; DotBot/1.1; http://www.opensiteexplorer.org/dotbot, help@moz.com)"
54.210.20.202 - - [30/Apr/2017:08:14:29 +0000] "POST /wp-cron.php?doing_wp_cron=1493540069.7566640377044677734375 HTTP/1.1" 200 - "http://sundog-soft.com/wp-cron.php?doing_wp_cron=1493540069.7566640377044677734375" "WordPress/4.7.4; http://sundog-soft.com"
109.194.60.106 - - [30/Apr/2017:08:14:29 +0000] "GET /wp-login.php HTTP/1.1" 200 5226 "-" "Mozilla/5.0 (Windows NT 6.0; rv:34.0) Gecko/20100101 Firefox/34.0"
54.210.20.202 - - [30/Apr/2017:08:14:31 +0000] "POST /wp-cron.php?doing_wp_cron=1493540071.2727050781250000000000 HTTP/1.1" 200 - "http://sundog-soft.com/wp-cron.php?doing_wp_cron=1493540071.2727050781250000000000" "WordPress/4.7.4; http://sundog-soft.com"
109.194.60.106 - - [30/Apr/2017:08:14:30 +0000] "POST /wp-login.php HTTP/1.1" 200 6182 "http://sundog-soft.com/wp-login.php" "Mozilla/5.0 (Windows NT 6.0; rv:34.0) Gecko/20100101 Firefox/34.0"
139.194.18.254 - - [30/Apr/2017:08:14:33 +0000] "GET /sds/wp-content/uploads/2014/10/SilverLiningTestApp-2014-11-03-08-19-24-29.jpg HTTP/1.1" 301 304 "https://www.google.co.id/" "Mozilla/5.0 (Windows NT 6.1; Win64; x64) AppleWebKit/537.36 (KHTML, like Gecko) Chrome/57.0.2987.133 Safari/537.36"
139.194.18.254 - - [30/Apr/2017:08:14:34 +0000] "GET /wp-content/uploads/2014/10/SilverLiningTestApp-2014-11-03-08-19-24-29.jpg HTTP/1.1" 200 58632 "https://www.google.co.id/" "Mozilla/5.0 (Windows NT 6.1; Win64; x64) AppleWebKit/537.36 (KHTML, like Gecko) Chrome/57.0.2987.133 Safari/537.36"
54.210.20.202 - - [30/Apr/2017:08:15:28 +0000] "POST /wp-cron.php?doing_wp_cron=1493540127.9948599338531494140625 HTTP/1.1" 200 - "http://sundog-soft.com/wp-cron.php?doing_wp_cron=1493540127.9948599338531494140625" "WordPress/4.7.4; http://sundog-soft.com"
46.183.218.199 - - [30/Apr/2017:08:15:27 +0000] "GET / HTTP/1.1" 301 - "-" "Mozilla/5.0 (Windows NT 5.1; rv:7.0.1) Gecko/20100101 Firefox/7.0.1"
79.134.234.247 - - [30/Apr/2017:08:15:30 +0000] "GET / HTTP/1.1" 200 20503 "-" "Mozilla/5.0 (Windows NT 5.1; rv:7.0.1) Gecko/20100101 Firefox/7.0.1"
54.210.20.202 - - [30/Apr/2017:08:15:37 +0000] "POST /wp-cron.php?doing_wp_cron=1493540137.6633279323577880859375 HTTP/1.1" 200 - "http://sundog-soft.com/wp-cron.php?doing_wp_cron=1493540137.6633279323577880859375" "WordPress/4.7.4; http://sundog-soft.com"
79.134.234.247 - - [30/Apr/2017:08:15:37 +0000] "GET / HTTP/1.1" 301 - "http://sundogsoftware.com/" "Mozilla/5.0 (Windows NT 5.1; rv:7.0.1) Gecko/20100101 Firefox/7.0.1"
79.134.234.247 - - [30/Apr/2017:08:15:38 +0000] "GET / HTTP/1.1" 200 20503 "http://sundogsoftware.com/" "Mozilla/5.0 (Windows NT 5.1; rv:7.0.1) Gecko/20100101 Firefox/7.0.1"
13.54.63.134 - - [30/Apr/2017:08:15:45 +0000] "GET /sds/wp-content/gallery/triton/rough-best.jpg HTTP/1.1" 301 271 "-" "Amazon CloudFront"
122.56.205.52 - - [30/Apr/2017:08:15:46 +0000] "GET /wp-content/gallery/triton/rough-best.jpg HTTP/1.1" 200 373957 "https://www.bing.com/" "Mozilla/5.0 (Windows NT 10.0; Win64; x64) AppleWebKit/537.36 (KHTML, like Gecko) Chrome/51.0.2704.79 Safari/537.36 Edge/14.14393"
54.210.20.202 - - [30/Apr/2017:08:17:04 +0000] "POST /wp-cron.php?doing_wp_cron=1493540224.0663070678710937500000 HTTP/1.1" 200 - "http://sundog-soft.com/wp-cron.php?doing_wp_cron=1493540224.0663070678710937500000" "WordPress/4.7.4; http://sundog-soft.com"
78.15.52.186 - - [30/Apr/2017:08:17:03 +0000] "GET /2017/02/big-changes-rolling-triton/ HTTP/1.1" 200 15273 "http://sundog-soft.com/2017/01/where-are-the-updates/" "Mozilla/5.0 (Windows NT 10.0; WOW64) AppleWebKit/537.36 (KHTML, like Gecko) Chrome/57.0.2987.133 Safari/537.36"
78.15.52.186 - - [30/Apr/2017:08:17:10 +0000] "POST /2017/02/big-changes-rolling-triton/?wc-ajax=get_refreshed_fragments HTTP/1.1" 200 255 "http://sundog-soft.com/2017/02/big-changes-rolling-triton/" "Mozilla/5.0 (Windows NT 10.0; WOW64) AppleWebKit/537.36 (KHTML, like Gecko) Chrome/57.0.2987.133 Safari/537.36"
54.210.20.202 - - [30/Apr/2017:08:17:12 +0000] "GET /sitemap_index.xml HTTP/1.1" 200 389 "http://sundog-soft.com/sitemap_index.xml" "W3 Total Cache"
78.15.52.186 - - [30/Apr/2017:08:17:13 +0000] "GET /favicon.ico HTTP/1.1" 200 - "http://sundog-soft.com/2017/02/big-changes-rolling-triton/" "Mozilla/5.0 (Windows NT 10.0; WOW64) AppleWebKit/537.36 (KHTML, like Gecko) Chrome/57.0.2987.133 Safari/537.36"
54.210.20.202 - - [30/Apr/2017:08:17:13 +0000] "GET /post-sitemap.xml HTTP/1.1" 200 13654 "http://sundog-soft.com/post-sitemap.xml" "W3 Total Cache"
54.210.20.202 - - [30/Apr/2017:08:17:13 +0000] "GET /page-sitemap.xml HTTP/1.1" 200 2198 "http://sundog-soft.com/page-sitemap.xml" "W3 Total Cache"
54.210.20.202 - - [30/Apr/2017:08:17:14 +0000] "GET /product-sitemap.xml HTTP/1.1" 200 555 "http://sundog-soft.com/product-sitemap.xml" "W3 Total Cache"
54.210.20.202 - - [30/Apr/2017:08:17:15 +0000] "GET /creativo_portfolio-sitemap.xml HTTP/1.1" 200 658 "http://sundog-soft.com/creativo_portfolio-sitemap.xml" "W3 Total Cache"
54.210.20.202 - - [30/Apr/2017:08:17:15 +0000] "GET /clients-sitemap.xml HTTP/1.1" 200 3298 "http://sundog-soft.com/clients-sitemap.xml" "W3 Total Cache"
54.210.20.202 - - [30/Apr/2017:08:17:16 +0000] "GET /category-sitemap.xml HTTP/1.1" 200 411 "http://sundog-soft.com/category-sitemap.xml" "W3 Total Cache"
54.210.20.202 - - [30/Apr/2017:08:17:17 +0000] "GET /portfolio_category-sitemap.xml HTTP/1.1" 200 337 "http://sundog-soft.com/portfolio_category-sitemap.xml" "W3 Total Cache"
54.210.20.202 - - [30/Apr/2017:08:17:17 +0000] "GET /author-sitemap.xml HTTP/1.1" 200 347 "http://sundog-soft.com/author-sitemap.xml" "W3 Total Cache"
54.210.20.202 - - [30/Apr/2017:08:17:18 +0000] "GET /2015/03/triton-ocean-sdk-performance-tips/ HTTP/1.1" 200 16371 "http://sundog-soft.com/2015/03/triton-ocean-sdk-performance-tips/" "WordPress"
54.210.20.202 - - [30/Apr/2017:08:17:19 +0000] "GET /2015/04/announcing-silverlining-4/ HTTP/1.1" 200 15633 "http://sundog-soft.com/2015/04/announcing-silverlining-4/" "WordPress"
54.210.20.202 - - [30/Apr/2017:08:17:20 +0000] "GET /2015/05/fog-and-haze-with-silverlining/ HTTP/1.1" 200 15732 "http://sundog-soft.com/2015/05/fog-and-haze-with-silverlining/" "WordPress"
54.210.20.202 - - [30/Apr/2017:08:17:21 +0000] "GET /2015/07/i-wrote-a-book-on-self-employment/ HTTP/1.1" 200 14827 "http://sundog-soft.com/2015/07/i-wrote-a-book-on-self-employment/" "WordPress"
54.210.20.202 - - [30/Apr/2017:08:17:22 +0000] "GET /2015/07/triton-3d-oceans-for-unity-updated/ HTTP/1.1" 200 14475 "http://sundog-soft.com/2015/07/triton-3d-oceans-for-unity-updated/" "WordPress"
54.210.20.202 - - [30/Apr/2017:08:17:23 +0000] "GET /2015/09/triton-oceans-for-unity-updated/ HTTP/1.1" 200 14758 "http://sundog-soft.com/2015/09/triton-oceans-for-unity-updated/" "WordPress"
54.210.20.202 - - [30/Apr/2017:08:17:23 +0000] "GET /2014/07/triton-oceans-unity-pro-documentation/ HTTP/1.1" 200 25893 "http://sundog-soft.com/2014/07/triton-oceans-unity-pro-documentation/" "WordPress"
54.210.20.202 - - [30/Apr/2017:08:17:24 +0000] "GET /2015/08/sundog-software-is-a-2015-top-simulation-and-training-company/ HTTP/1.1" 200 14345 "http://sundog-soft.com/2015/08/sundog-software-is-a-2015-top-simulation-and-training-company/" "WordPress"
54.210.20.202 - - [30/Apr/2017:08:17:25 +0000] "GET /2015/09/check-out-our-new-silverlining-promo-video/ HTTP/1.1" 200 14176 "http://sundog-soft.com/2015/09/check-out-our-new-silverlining-promo-video/" "WordPress"
54.210.20.202 - - [30/Apr/2017:08:17:26 +0000] "GET /2015/09/skymaxx-pro-3-is-coming/ HTTP/1.1" 200 14192 "http://sundog-soft.com/2015/09/skymaxx-pro-3-is-coming/" "WordPress"
54.210.20.202 - - [30/Apr/2017:08:17:11 +0000] "POST /wp-cron.php?doing_wp_cron=1493540231.5781610012054443359375 HTTP/1.1" 200 - "http://sundog-soft.com/wp-cron.php?doing_wp_cron=1493540231.5781610012054443359375" "WordPress/4.7.4; http://sundog-soft.com"
199.21.99.207 - - [30/Apr/2017:08:19:06 +0000] "GET /docs/triton/_matrix3_8h.html HTTP/1.1" 200 2192 "-" "Mozilla/5.0 (compatible; YandexBot/3.0; +http://yandex.com/bots)"
54.210.20.202 - - [30/Apr/2017:08:19:11 +0000] "POST /wp-cron.php?doing_wp_cron=1493540351.0446770191192626953125 HTTP/1.1" 200 - "http://sundog-soft.com/wp-cron.php?doing_wp_cron=1493540351.0446770191192626953125" "WordPress/4.7.4; http://sundog-soft.com"
199.21.99.207 - - [30/Apr/2017:08:19:10 +0000] "GET /2012/02/triton-1-3-improves-ship-wakes-geocentric-support/ HTTP/1.1" 200 14801 "-" "Mozilla/5.0 (compatible; YandexBot/3.0; +http://yandex.com/bots)"
66.249.64.44 - - [30/Apr/2017:08:19:40 +0000] "GET /docs/triton/class_triton_1_1_wake_generator__coll__graph.png HTTP/1.1" 304 - "-" "Googlebot-Image/1.0"
54.210.20.202 - - [30/Apr/2017:08:20:03 +0000] "POST /wp-cron.php?doing_wp_cron=1493540403.5656690597534179687500 HTTP/1.1" 200 - "http://sundog-soft.com/wp-cron.php?doing_wp_cron=1493540403.5656690597534179687500" "WordPress/4.7.4; http://sundog-soft.com"
104.154.198.228 - - [30/Apr/2017:08:20:02 +0000] "GET /feed/ HTTP/1.1" 200 31812 "-" "Java/1.8.0_121"
54.210.20.202 - - [30/Apr/2017:08:21:27 +0000] "POST /wp-cron.php?doing_wp_cron=1493540487.2408308982849121093750 HTTP/1.1" 200 - "http://sundog-soft.com/wp-cron.php?doing_wp_cron=1493540487.2408308982849121093750" "WordPress/4.7.4; http://sundog-soft.com"
195.9.189.190 - - [30/Apr/2017:08:21:26 +0000] "GET /wp-login.php HTTP/1.1" 200 5226 "-" "Mozilla/5.0 (Windows NT 6.0; rv:34.0) Gecko/20100101 Firefox/34.0"
54.210.20.202 - - [30/Apr/2017:08:21:28 +0000] "POST /wp-cron.php?doing_wp_cron=1493540488.8294250965118408203125 HTTP/1.1" 200 - "http://sundog-soft.com/wp-cron.php?doing_wp_cron=1493540488.8294250965118408203125" "WordPress/4.7.4; http://sundog-soft.com"
195.9.189.190 - - [30/Apr/2017:08:21:28 +0000] "POST /wp-login.php HTTP/1.1" 200 6182 "http://sundog-soft.com/wp-login.php" "Mozilla/5.0 (Windows NT 6.0; rv:34.0) Gecko/20100101 Firefox/34.0"
54.210.20.202 - - [30/Apr/2017:08:22:21 +0000] "POST /wp-cron.php?doing_wp_cron=1493540541.5102849006652832031250 HTTP/1.1" 200 - "http://sundog-soft.com/wp-cron.php?doing_wp_cron=1493540541.5102849006652832031250" "WordPress/4.7.4; http://sundog-soft.com"
23.23.222.65 - - [30/Apr/2017:08:22:20 +0000] "HEAD / HTTP/1.1" 301 - "-" "SiteUptime.com"
23.23.222.65 - - [30/Apr/2017:08:22:22 +0000] "HEAD / HTTP/1.1" 200 - "-" "SiteUptime.com"
54.210.20.202 - - [30/Apr/2017:08:22:44 +0000] "POST /wp-cron.php?doing_wp_cron=1493540564.7268879413604736328125 HTTP/1.1" 200 - "http://sundog-soft.com/wp-cron.php?doing_wp_cron=1493540564.7268879413604736328125" "WordPress/4.7.4; http://sundog-soft.com"
47.15.10.134 - - [30/Apr/2017:08:22:44 +0000] "GET /2016/02/check-out-my-new-course-on-data-science-and-machine-learning-with-python/ HTTP/1.1" 200 14711 "https://www.google.co.in/" "Mozilla/5.0 (X11; Linux x86_64) AppleWebKit/537.36 (KHTML, like Gecko) Chrome/58.0.3029.81 Safari/537.36"
47.15.10.134 - - [30/Apr/2017:08:22:46 +0000] "GET /wp-content/plugins/LayerSlider/static/layerslider/css/layerslider.css?ver=6.3.0 HTTP/1.1" 200 3792 "http://sundog-soft.com/2016/02/check-out-my-new-course-on-data-science-and-machine-learning-with-python/" "Mozilla/5.0 (X11; Linux x86_64) AppleWebKit/537.36 (KHTML, like Gecko) Chrome/58.0.3029.81 Safari/537.36"
47.15.10.134 - - [30/Apr/2017:08:22:46 +0000] "GET /wp-content/plugins/contact-form-7/includes/css/styles.css?ver=4.7 HTTP/1.1" 200 634 "http://sundog-soft.com/2016/02/check-out-my-new-course-on-data-science-and-machine-learning-with-python/" "Mozilla/5.0 (X11; Linux x86_64) AppleWebKit/537.36 (KHTML, like Gecko) Chrome/58.0.3029.81 Safari/537.36"
47.15.10.134 - - [30/Apr/2017:08:22:46 +0000] "GET /wp-content/plugins/tablepress/css/default.min.css?ver=1.8 HTTP/1.1" 200 2739 "http://sundog-soft.com/2016/02/check-out-my-new-course-on-data-science-and-machine-learning-with-python/" "Mozilla/5.0 (X11; Linux x86_64) AppleWebKit/537.36 (KHTML, like Gecko) Chrome/58.0.3029.81 Safari/537.36"
47.15.10.134 - - [30/Apr/2017:08:22:46 +0000] "GET /wp-content/plugins/revslider/public/assets/css/settings.css?ver=5.4.1 HTTP/1.1" 200 7067 "http://sundog-soft.com/2016/02/check-out-my-new-course-on-data-science-and-machine-learning-with-python/" "Mozilla/5.0 (X11; Linux x86_64) AppleWebKit/537.36 (KHTML, like Gecko) Chrome/58.0.3029.81 Safari/537.36"
47.15.10.134 - - [30/Apr/2017:08:22:46 +0000] "GET /wp-content/plugins/mailchimp-widget/js/mailchimp-widget-min.js?ver=4.7.4 HTTP/1.1" 200 587 "http://sundog-soft.com/2016/02/check-out-my-new-course-on-data-science-and-machine-learning-with-python/" "Mozilla/5.0 (X11; Linux x86_64) AppleWebKit/537.36 (KHTML, like Gecko) Chrome/58.0.3029.81 Safari/537.36"
47.15.10.134 - - [30/Apr/2017:08:22:46 +0000] "GET /wp-content/plugins/js_composer/assets/lib/bower/font-awesome/css/font-awesome.min.css?ver=5.1.2 HTTP/1.1" 200 6684 "http://sundog-soft.com/2016/02/check-out-my-new-course-on-data-science-and-machine-learning-with-python/" "Mozilla/5.0 (X11; Linux x86_64) AppleWebKit/537.36 (KHTML, like Gecko) Chrome/58.0.3029.81 Safari/537.36"
47.15.10.134 - - [30/Apr/2017:08:22:46 +0000] "GET /wp-content/plugins/mailchimp-for-wp/assets/css/form-basic.min.css?ver=4.1.1 HTTP/1.1" 200 697 "http://sundog-soft.com/2016/02/check-out-my-new-course-on-data-science-and-machine-learning-with-python/" "Mozilla/5.0 (X11; Linux x86_64) AppleWebKit/537.36 (KHTML, like Gecko) Chrome/58.0.3029.81 Safari/537.36"
47.15.10.134 - - [30/Apr/2017:08:22:46 +0000] "GET /wp-content/plugins/LayerSlider/static/layerslider/js/greensock.js?ver=1.19.0 HTTP/1.1" 200 39570 "http://sundog-soft.com/2016/02/check-out-my-new-course-on-data-science-and-machine-learning-with-python/" "Mozilla/5.0 (X11; Linux x86_64) AppleWebKit/537.36 (KHTML, like Gecko) Chrome/58.0.3029.81 Safari/537.36"
47.15.10.134 - - [30/Apr/2017:08:22:46 +0000] "GET /wp-content/plugins/LayerSlider/static/layerslider/js/layerslider.transitions.js?ver=6.3.0 HTTP/1.1" 200 3396 "http://sundog-soft.com/2016/02/check-out-my-new-course-on-data-science-and-machine-learning-with-python/" "Mozilla/5.0 (X11; Linux x86_64) AppleWebKit/537.36 (KHTML, like Gecko) Chrome/58.0.3029.81 Safari/537.36"
47.15.10.134 - - [30/Apr/2017:08:22:46 +0000] "GET /wp-content/plugins/LayerSlider/static/layerslider/js/layerslider.kreaturamedia.jquery.js?ver=6.3.0 HTTP/1.1" 200 42430 "http://sundog-soft.com/2016/02/check-out-my-new-course-on-data-science-and-machine-learning-with-python/" "Mozilla/5.0 (X11; Linux x86_64) AppleWebKit/537.36 (KHTML, like Gecko) Chrome/58.0.3029.81 Safari/537.36"
47.15.10.134 - - [30/Apr/2017:08:22:46 +0000] "GET /wp-content/plugins/js_composer/assets/js/vendors/woocommerce-add-to-cart.js?ver=5.1.2 HTTP/1.1" 200 351 "http://sundog-soft.com/2016/02/check-out-my-new-course-on-data-science-and-machine-learning-with-python/" "Mozilla/5.0 (X11; Linux x86_64) AppleWebKit/537.36 (KHTML, like Gecko) Chrome/58.0.3029.81 Safari/537.36"
47.15.10.134 - - [30/Apr/2017:08:22:46 +0000] "GET /wp-content/plugins/woocommerce/assets/js/frontend/add-to-cart.min.js?ver=3.0.4 HTTP/1.1" 200 803 "http://sundog-soft.com/2016/02/check-out-my-new-course-on-data-science-and-machine-learning-with-python/" "Mozilla/5.0 (X11; Linux x86_64) AppleWebKit/537.36 (KHTML, like Gecko) Chrome/58.0.3029.81 Safari/537.36"
47.15.10.134 - - [30/Apr/2017:08:22:48 +0000] "GET /wp-content/plugins/contact-form-7/includes/js/jquery.form.min.js?ver=3.51.0-2014.06.20 HTTP/1.1" 200 5860 "http://sundog-soft.com/2016/02/check-out-my-new-course-on-data-science-and-machine-learning-with-python/" "Mozilla/5.0 (X11; Linux x86_64) AppleWebKit/537.36 (KHTML, like Gecko) Chrome/58.0.3029.81 Safari/537.36"
47.15.10.134 - - [30/Apr/2017:08:22:48 +0000] "GET /wp-content/plugins/contact-form-7/includes/js/scripts.js?ver=4.7 HTTP/1.1" 200 3667 "http://sundog-soft.com/2016/02/check-out-my-new-course-on-data-science-and-machine-learning-with-python/" "Mozilla/5.0 (X11; Linux x86_64) AppleWebKit/537.36 (KHTML, like Gecko) Chrome/58.0.3029.81 Safari/537.36"
47.15.10.134 - - [30/Apr/2017:08:22:48 +0000] "GET /wp-content/plugins/woocommerce/assets/js/frontend/woocommerce.min.js?ver=3.0.4 HTTP/1.1" 200 291 "http://sundog-soft.com/2016/02/check-out-my-new-course-on-data-science-and-machine-learning-with-python/" "Mozilla/5.0 (X11; Linux x86_64) AppleWebKit/537.36 (KHTML, like Gecko) Chrome/58.0.3029.81 Safari/537.36"
47.15.10.134 - - [30/Apr/2017:08:22:48 +0000] "GET /wp-content/plugins/woocommerce/assets/js/frontend/cart-fragments.min.js?ver=3.0.4 HTTP/1.1" 200 925 "http://sundog-soft.com/2016/02/check-out-my-new-course-on-data-science-and-machine-learning-with-python/" "Mozilla/5.0 (X11; Linux x86_64) AppleWebKit/537.36 (KHTML, like Gecko) Chrome/58.0.3029.81 Safari/537.36"
47.15.10.134 - - [30/Apr/2017:08:22:48 +0000] "GET /wp-content/plugins/woocommerce/assets/js/js-cookie/js.cookie.min.js?ver=2.1.4 HTTP/1.1" 200 987 "http://sundog-soft.com/2016/02/check-out-my-new-course-on-data-science-and-machine-learning-with-python/" "Mozilla/5.0 (X11; Linux x86_64) AppleWebKit/537.36 (KHTML, like Gecko) Chrome/58.0.3029.81 Safari/537.36"
47.15.10.134 - - [30/Apr/2017:08:22:48 +0000] "GET /wp-content/plugins/woocommerce/assets/js/jquery-blockui/jquery.blockUI.min.js?ver=2.70 HTTP/1.1" 200 3547 "http://sundog-soft.com/2016/02/check-out-my-new-course-on-data-science-and-machine-learning-with-python/" "Mozilla/5.0 (X11; Linux x86_64) AppleWebKit/537.36 (KHTML, like Gecko) Chrome/58.0.3029.81 Safari/537.36"
47.15.10.134 - - [30/Apr/2017:08:22:48 +0000] "GET /wp-content/plugins/revslider/public/assets/js/jquery.themepunch.tools.min.js?ver=5.4.1 HTTP/1.1" 200 37359 "http://sundog-soft.com/2016/02/check-out-my-new-course-on-data-science-and-machine-learning-with-python/" "Mozilla/5.0 (X11; Linux x86_64) AppleWebKit/537.36 (KHTML, like Gecko) Chrome/58.0.3029.81 Safari/537.36"
47.15.10.134 - - [30/Apr/2017:08:22:49 +0000] "GET /wp-content/plugins/js_composer/assets/lib/bower/font-awesome/fonts/fontawesome-webfont.woff2?v=4.6.3 HTTP/1.1" 200 71893 "http://sundog-soft.com/wp-content/plugins/js_composer/assets/lib/bower/font-awesome/css/font-awesome.min.css?ver=5.1.2" "Mozilla/5.0 (X11; Linux x86_64) AppleWebKit/537.36 (KHTML, like Gecko) Chrome/58.0.3029.81 Safari/537.36"
47.15.10.134 - - [30/Apr/2017:08:22:49 +0000] "GET /wp-content/plugins/revslider/public/assets/js/jquery.themepunch.revolution.min.js?ver=5.4.1 HTTP/1.1" 200 17555 "http://sundog-soft.com/2016/02/check-out-my-new-course-on-data-science-and-machine-learning-with-python/" "Mozilla/5.0 (X11; Linux x86_64) AppleWebKit/537.36 (KHTML, like Gecko) Chrome/58.0.3029.81 Safari/537.36"
47.15.10.134 - - [30/Apr/2017:08:22:49 +0000] "GET /wp-includes/js/wp-emoji-release.min.js?ver=4.7.4 HTTP/1.1" 200 4230 "http://sundog-soft.com/2016/02/check-out-my-new-course-on-data-science-and-machine-learning-with-python/" "Mozilla/5.0 (X11; Linux x86_64) AppleWebKit/537.36 (KHTML, like Gecko) Chrome/58.0.3029.81 Safari/537.36"
47.15.10.134 - - [30/Apr/2017:08:22:50 +0000] "GET /favicon.ico HTTP/1.1" 200 - "http://sundog-soft.com/2016/02/check-out-my-new-course-on-data-science-and-machine-learning-with-python/" "Mozilla/5.0 (X11; Linux x86_64) AppleWebKit/537.36 (KHTML, like Gecko) Chrome/58.0.3029.81 Safari/537.36"
8.29.198.26 - - [30/Apr/2017:08:22:49 +0000] "GET /feed/ HTTP/1.1" 304 - "-" "Feedly/1.0 (+http://www.feedly.com/fetcher.html; like FeedFetcher-Google)"
54.210.20.202 - - [30/Apr/2017:08:22:50 +0000] "POST /wp-cron.php?doing_wp_cron=1493540570.0195999145507812500000 HTTP/1.1" 200 - "http://sundog-soft.com/wp-cron.php?doing_wp_cron=1493540570.0195999145507812500000" "WordPress/4.7.4; http://sundog-soft.com"
47.15.10.134 - - [30/Apr/2017:08:22:50 +0000] "POST /2016/02/check-out-my-new-course-on-data-science-and-machine-learning-with-python/?wc-ajax=get_refreshed_fragments HTTP/1.1" 200 255 "http://sundog-soft.com/2016/02/check-out-my-new-course-on-data-science-and-machine-learning-with-python/" "Mozilla/5.0 (X11; Linux x86_64) AppleWebKit/537.36 (KHTML, like Gecko) Chrome/58.0.3029.81 Safari/537.36"
::1 - - [30/Apr/2017:08:22:54 +0000] "OPTIONS * HTTP/1.0" 200 - "-" "Apache/2.4.25 (Amazon) OpenSSL/1.0.1k-fips PHP/5.6.30 (internal dummy connection)"
::1 - - [30/Apr/2017:08:22:55 +0000] "OPTIONS * HTTP/1.0" 200 - "-" "Apache/2.4.25 (Amazon) OpenSSL/1.0.1k-fips PHP/5.6.30 (internal dummy connection)"
::1 - - [30/Apr/2017:08:22:56 +0000] "OPTIONS * HTTP/1.0" 200 - "-" "Apache/2.4.25 (Amazon) OpenSSL/1.0.1k-fips PHP/5.6.30 (internal dummy connection)"
::1 - - [30/Apr/2017:08:22:57 +0000] "OPTIONS * HTTP/1.0" 200 - "-" "Apache/2.4.25 (Amazon) OpenSSL/1.0.1k-fips PHP/5.6.30 (internal dummy connection)"
54.210.20.202 - - [30/Apr/2017:08:24:16 +0000] "POST /wp-cron.php?doing_wp_cron=1493540656.0696361064910888671875 HTTP/1.1" 200 - "http://sundog-soft.com/wp-cron.php?doing_wp_cron=1493540656.0696361064910888671875" "WordPress/4.7.4; http://sundog-soft.com"
125.164.247.125 - - [30/Apr/2017:08:24:15 +0000] "GET /wp-login.php HTTP/1.1" 200 5226 "-" "Mozilla/5.0 (Windows NT 6.0; rv:34.0) Gecko/20100101 Firefox/34.0"
54.210.20.202 - - [30/Apr/2017:08:24:18 +0000] "POST /wp-cron.php?doing_wp_cron=1493540658.3144750595092773437500 HTTP/1.1" 200 - "http://sundog-soft.com/wp-cron.php?doing_wp_cron=1493540658.3144750595092773437500" "WordPress/4.7.4; http://sundog-soft.com"
125.164.247.125 - - [30/Apr/2017:08:24:17 +0000] "POST /wp-login.php HTTP/1.1" 200 6182 "http://sundog-soft.com/wp-login.php" "Mozilla/5.0 (Windows NT 6.0; rv:34.0) Gecko/20100101 Firefox/34.0"
54.210.20.202 - - [30/Apr/2017:08:24:28 +0000] "POST /wp-cron.php?doing_wp_cron=1493540668.7290730476379394531250 HTTP/1.1" 200 - "http://sundog-soft.com/wp-cron.php?doing_wp_cron=1493540668.7290730476379394531250" "WordPress/4.7.4; http://sundog-soft.com"
8.29.198.25 - - [30/Apr/2017:08:24:28 +0000] "GET /feed/ HTTP/1.1" 304 - "-" "Feedly/1.0 (+http://www.feedly.com/fetcher.html; like FeedFetcher-Google)"
54.210.20.202 - - [30/Apr/2017:08:24:32 +0000] "POST /wp-cron.php?doing_wp_cron=1493540672.5949199199676513671875 HTTP/1.1" 200 - "http://sundog-soft.com/wp-cron.php?doing_wp_cron=1493540672.5949199199676513671875" "WordPress/4.7.4; http://sundog-soft.com"
188.43.94.94 - - [30/Apr/2017:08:24:31 +0000] "GET /wp-login.php HTTP/1.1" 200 5226 "-" "Mozilla/5.0 (Windows NT 6.0; rv:34.0) Gecko/20100101 Firefox/34.0"
54.210.20.202 - - [30/Apr/2017:08:24:34 +0000] "POST /wp-cron.php?doing_wp_cron=1493540674.1213591098785400390625 HTTP/1.1" 200 - "http://sundog-soft.com/wp-cron.php?doing_wp_cron=1493540674.1213591098785400390625" "WordPress/4.7.4; http://sundog-soft.com"
188.43.94.94 - - [30/Apr/2017:08:24:33 +0000] "POST /wp-login.php HTTP/1.1" 200 6182 "http://sundog-soft.com/wp-login.php" "Mozilla/5.0 (Windows NT 6.0; rv:34.0) Gecko/20100101 Firefox/34.0"
208.109.181.199 - - [30/Apr/2017:08:25:02 +0000] "GET /sds/ProcessExpires.php HTTP/1.0" 301 253 "-" "Wget/1.11.4 Red Hat modified"
208.109.181.199 - - [30/Apr/2017:08:25:02 +0000] "GET /ProcessExpires.php HTTP/1.0" 200 89 "-" "Wget/1.11.4 Red Hat modified"
54.210.20.202 - - [30/Apr/2017:08:25:07 +0000] "POST /wp-cron.php?doing_wp_cron=1493540707.1002700328826904296875 HTTP/1.1" 200 - "http://sundog-soft.com/wp-cron.php?doing_wp_cron=1493540707.1002700328826904296875" "WordPress/4.7.4; http://sundog-soft.com"
85.95.179.52 - - [30/Apr/2017:08:25:06 +0000] "GET /wp-login.php HTTP/1.1" 200 5226 "-" "Mozilla/5.0 (Windows NT 6.0; rv:34.0) Gecko/20100101 Firefox/34.0"
54.210.20.202 - - [30/Apr/2017:08:25:08 +0000] "POST /wp-cron.php?doing_wp_cron=1493540708.6462640762329101562500 HTTP/1.1" 200 - "http://sundog-soft.com/wp-cron.php?doing_wp_cron=1493540708.6462640762329101562500" "WordPress/4.7.4; http://sundog-soft.com"
85.95.179.52 - - [30/Apr/2017:08:25:08 +0000] "POST /wp-login.php HTTP/1.1" 200 6182 "http://sundog-soft.com/wp-login.php" "Mozilla/5.0 (Windows NT 6.0; rv:34.0) Gecko/20100101 Firefox/34.0"
54.210.20.202 - - [30/Apr/2017:08:26:05 +0000] "POST /wp-cron.php?doing_wp_cron=1493540765.9747290611267089843750 HTTP/1.1" 200 - "http://sundog-soft.com/wp-cron.php?doing_wp_cron=1493540765.9747290611267089843750" "WordPress/4.7.4; http://sundog-soft.com"
178.64.76.68 - - [30/Apr/2017:08:26:05 +0000] "GET /wp-login.php HTTP/1.1" 200 5226 "-" "Mozilla/5.0 (Windows NT 6.0; rv:34.0) Gecko/20100101 Firefox/34.0"
54.210.20.202 - - [30/Apr/2017:08:26:07 +0000] "POST /wp-cron.php?doing_wp_cron=1493540767.5720388889312744140625 HTTP/1.1" 200 - "http://sundog-soft.com/wp-cron.php?doing_wp_cron=1493540767.5720388889312744140625" "WordPress/4.7.4; http://sundog-soft.com"
178.64.76.68 - - [30/Apr/2017:08:26:06 +0000] "POST /wp-login.php HTTP/1.1" 200 6182 "http://sundog-soft.com/wp-login.php" "Mozilla/5.0 (Windows NT 6.0; rv:34.0) Gecko/20100101 Firefox/34.0"
54.210.20.202 - - [30/Apr/2017:08:26:32 +0000] "POST /wp-cron.php?doing_wp_cron=1493540792.8813281059265136718750 HTTP/1.1" 200 - "http://sundog-soft.com/wp-cron.php?doing_wp_cron=1493540792.8813281059265136718750" "WordPress/4.7.4; http://sundog-soft.com"
109.248.81.111 - - [30/Apr/2017:08:26:32 +0000] "GET /wp-login.php HTTP/1.1" 200 5226 "-" "Mozilla/5.0 (Windows NT 6.0; rv:34.0) Gecko/20100101 Firefox/34.0"
54.210.20.202 - - [30/Apr/2017:08:26:34 +0000] "POST /wp-cron.php?doing_wp_cron=1493540794.3902719020843505859375 HTTP/1.1" 200 - "http://sundog-soft.com/wp-cron.php?doing_wp_cron=1493540794.3902719020843505859375" "WordPress/4.7.4; http://sundog-soft.com"
109.248.81.111 - - [30/Apr/2017:08:26:33 +0000] "POST /wp-login.php HTTP/1.1" 200 6182 "http://sundog-soft.com/wp-login.php" "Mozilla/5.0 (Windows NT 6.0; rv:34.0) Gecko/20100101 Firefox/34.0"
54.210.20.202 - - [30/Apr/2017:08:26:47 +0000] "POST /wp-cron.php?doing_wp_cron=1493540807.1356279850006103515625 HTTP/1.1" 200 - "http://sundog-soft.com/wp-cron.php?doing_wp_cron=1493540807.1356279850006103515625" "WordPress/4.7.4; http://sundog-soft.com"
131.253.36.195 - - [30/Apr/2017:08:26:46 +0000] "GET /features/ocean-and-water-rendering-with-triton/ HTTP/1.1" 200 16609 "-" "Mozilla/5.0 (compatible; MSIE 9.0; Windows NT 6.0; Trident/5.0;  Trident/5.0)"
131.253.36.195 - - [30/Apr/2017:08:26:50 +0000] "GET /wp-content/plugins/LayerSlider/static/layerslider/css/layerslider.css?ver=6.3.0 HTTP/1.1" 200 3792 "http://sundog-soft.com/features/ocean-and-water-rendering-with-triton/" "Mozilla/5.0 (compatible; MSIE 9.0; Windows NT 6.0; Trident/5.0;  Trident/5.0)"
131.253.36.198 - - [30/Apr/2017:08:26:50 +0000] "GET /wp-content/plugins/contact-form-7/includes/css/styles.css?ver=4.7 HTTP/1.1" 200 634 "http://sundog-soft.com/features/ocean-and-water-rendering-with-triton/" "Mozilla/5.0 (compatible; MSIE 9.0; Windows NT 6.0; Trident/5.0;  Trident/5.0)"
131.253.36.195 - - [30/Apr/2017:08:26:50 +0000] "GET /wp-content/plugins/revslider/public/assets/css/settings.css?ver=5.4.1 HTTP/1.1" 200 7067 "http://sundog-soft.com/features/ocean-and-water-rendering-with-triton/" "Mozilla/5.0 (compatible; MSIE 9.0; Windows NT 6.0; Trident/5.0;  Trident/5.0)"
