89.100.148.101 - - [30/Apr/2017:07:45:32 +0000] "GET /wp-content/plugins/revslider/public/assets/js/jquery.themepunch.revolution.min.js?ver=5.4.1 HTTP/1.1" 200 17555 "http://sundog-soft.com/" "Mozilla/5.0 (X11; Linux x86_64) AppleWebKit/537.36 (KHTML, like Gecko) Chrome/57.0.2987.133 Safari/537.36"
89.100.148.101 - - [30/Apr/2017:07:45:32 +0000] "GET /wp-content/plugins/woocommerce/assets/js/frontend/add-to-cart.min.js?ver=3.0.4 HTTP/1.1" 200 803 "http://sundog-soft.com/" "Mozilla/5.0 (X11; Linux x86_64) AppleWebKit/537.36 (KHTML, like Gecko) Chrome/57.0.2987.133 Safari/537.36"
89.100.148.101 - - [30/Apr/2017:07:45:32 +0000] "GET /wp-content/plugins/js_composer/assets/js/vendors/woocommerce-add-to-cart.js?ver=5.1.2 HTTP/1.1" 200 351 "http://sundog-soft.com/" "Mozilla/5.0 (X11; Linux x86_64) AppleWebKit/537.36 (KHTML, like Gecko) Chrome/57.0.2987.133 Safari/537.36"
89.100.148.101 - - [30/Apr/2017:07:45:32 +0000] "GET /wp-content/plugins/revslider/admin/assets/images/dummy.png HTTP/1.1" 200 73 "http://sundog-soft.com/" "Mozilla/5.0 (X11; Linux x86_64) AppleWebKit/537.36 (KHTML, like Gecko) Chrome/57.0.2987.133 Safari/537.36"
89.100.148.101 - - [30/Apr/2017:07:45:32 +0000] "GET /wp-content/plugins/contact-form-7/includes/js/jquery.form.min.js?ver=3.51.0-2014.06.20 HTTP/1.1" 200 5860 "http://sundog-soft.com/" "Mozilla/5.0 (X11; Linux x86_64) AppleWebKit/537.36 (KHTML, like Gecko) Chrome/57.0.2987.133 Safari/537.36"
89.100.148.101 - - [30/Apr/2017:07:45:32 +0000] "GET /wp-content/plugins/js_composer/assets/lib/bower/font-awesome/css/font-awesome.min.css?ver=5.1.2 HTTP/1.1" 200 6684 "http://sundog-soft.com/" "Mozilla/5.0 (X11; Linux x86_64) AppleWebKit/537.36 (KHTML, like Gecko) Chrome/57.0.2987.133 Safari/537.36"
89.100.148.101 - - [30/Apr/2017:07:45:32 +0000] "GET /wp-content/plugins/contact-form-7/includes/js/scripts.js?ver=4.7 HTTP/1.1" 200 3667 "http://sundog-soft.com/" "Mozilla/5.0 (X11; Linux x86_64) AppleWebKit/537.36 (KHTML, like Gecko) Chrome/57.0.2987.133 Safari/537.36"
89.100.148.101 - - [30/Apr/2017:07:45:32 +0000] "GET /wp-content/plugins/woocommerce/assets/js/jquery-blockui/jquery.blockUI.min.js?ver=2.70 HTTP/1.1" 200 3547 "http://sundog-soft.com/" "Mozilla/5.0 (X11; Linux x86_64) AppleWebKit/537.36 (KHTML, like Gecko) Chrome/57.0.2987.133 Safari/537.36"
89.100.148.101 - - [30/Apr/2017:07:45:32 +0000] "GET /wp-content/plugins/woocommerce/assets/js/js-cookie/js.cookie.min.js?ver=2.1.4 HTTP/1.1" 200 987 "http://sundog-soft.com/" "Mozilla/5.0 (X11; Linux x86_64) AppleWebKit/537.36 (KHTML, like Gecko) Chrome/57.0.2987.133 Safari/537.36"
89.100.148.101 - - [30/Apr/2017:07:45:32 +0000] "GET /wp-content/plugins/woocommerce/assets/js/frontend/woocommerce.min.js?ver=3.0.4 HTTP/1.1" 200 291 "http://sundog-soft.com/" "Mozilla/5.0 (X11; Linux x86_64) AppleWebKit/537.36 (KHTML, like Gecko) Chrome/57.0.2987.133 Safari/537.36"
89.100.148.101 - - [30/Apr/2017:07:45:32 +0000] "GET /wp-content/plugins/woocommerce/assets/js/frontend/cart-fragments.min.js?ver=3.0.4 HTTP/1.1" 200 925 "http://sundog-soft.com/" "Mozilla/5.0 (X11; Linux x86_64) AppleWebKit/537.36 (KHTML, like Gecko) Chrome/57.0.2987.133 Safari/537.36"
89.100.148.101 - - [30/Apr/2017:07:45:32 +0000] "GET /wp-content/plugins/js_composer/assets/lib/bower/font-awesome/fonts/fontawesome-webfont.woff2?v=4.6.3 HTTP/1.1" 200 71893 "http://sundog-soft.com/wp-content/plugins/js_composer/assets/lib/bower/font-awesome/css/font-awesome.min.css?ver=5.1.2" "Mozilla/5.0 (X11; Linux x86_64) AppleWebKit/537.36 (KHTML, like Gecko) Chrome/57.0.2987.133 Safari/537.36"
52.56.127.29 - - [30/Apr/2017:07:45:32 +0000] "GET /wp-content/uploads/2016/07/playnet_0.jpg HTTP/1.1" 200 3348 "-" "Amazon CloudFront"
89.100.148.101 - - [30/Apr/2017:07:45:32 +0000] "GET /wp-content/plugins/js_composer/assets/js/dist/js_composer_front.min.js?ver=5.1.2 HTTP/1.1" 200 6450 "http://sundog-soft.com/" "Mozilla/5.0 (X11; Linux x86_64) AppleWebKit/537.36 (KHTML, like Gecko) Chrome/57.0.2987.133 Safari/537.36"
89.100.148.101 - - [30/Apr/2017:07:45:32 +0000] "GET /wp-includes/js/wp-emoji-release.min.js?ver=4.7.4 HTTP/1.1" 200 4230 "http://sundog-soft.com/" "Mozilla/5.0 (X11; Linux x86_64) AppleWebKit/537.36 (KHTML, like Gecko) Chrome/57.0.2987.133 Safari/537.36"
52.56.127.29 - - [30/Apr/2017:07:45:33 +0000] "GET /wp-content/uploads/2016/07/envisagereality_0.jpg HTTP/1.1" 200 2664 "-" "Amazon CloudFront"
89.100.148.101 - - [30/Apr/2017:07:45:34 +0000] "GET /wp-content/plugins/revslider/public/assets/js/extensions/revolution.extension.actions.min.js?version=5.4.1 HTTP/1.1" 200 2694 "http://sundog-soft.com/" "Mozilla/5.0 (X11; Linux x86_64) AppleWebKit/537.36 (KHTML, like Gecko) Chrome/57.0.2987.133 Safari/537.36"
89.100.148.101 - - [30/Apr/2017:07:45:34 +0000] "GET /wp-content/plugins/revslider/public/assets/js/extensions/revolution.extension.layeranimation.min.js?version=5.4.1 HTTP/1.1" 200 13985 "http://sundog-soft.com/" "Mozilla/5.0 (X11; Linux x86_64) AppleWebKit/537.36 (KHTML, like Gecko) Chrome/57.0.2987.133 Safari/537.36"
89.100.148.101 - - [30/Apr/2017:07:45:34 +0000] "GET /wp-content/plugins/revslider/public/assets/js/extensions/revolution.extension.navigation.min.js?version=5.4.1 HTTP/1.1" 200 7022 "http://sundog-soft.com/" "Mozilla/5.0 (X11; Linux x86_64) AppleWebKit/537.36 (KHTML, like Gecko) Chrome/57.0.2987.133 Safari/537.36"
89.100.148.101 - - [30/Apr/2017:07:45:34 +0000] "GET /wp-content/plugins/revslider/public/assets/js/extensions/revolution.extension.slideanims.min.js?version=5.4.1 HTTP/1.1" 200 6800 "http://sundog-soft.com/" "Mozilla/5.0 (X11; Linux x86_64) AppleWebKit/537.36 (KHTML, like Gecko) Chrome/57.0.2987.133 Safari/537.36"
89.100.148.101 - - [30/Apr/2017:07:45:34 +0000] "GET /wp-content/plugins/revslider/public/assets/assets/coloredbg.png HTTP/1.1" 200 184 "http://sundog-soft.com/wp-content/plugins/revslider/public/assets/css/settings.css?ver=5.4.1" "Mozilla/5.0 (X11; Linux x86_64) AppleWebKit/537.36 (KHTML, like Gecko) Chrome/57.0.2987.133 Safari/537.36"
89.100.148.101 - - [30/Apr/2017:07:45:34 +0000] "GET /wp-content/plugins/revslider/public/assets/assets/loader.gif HTTP/1.1" 200 2545 "http://sundog-soft.com/wp-content/plugins/revslider/public/assets/css/settings.css?ver=5.4.1" "Mozilla/5.0 (X11; Linux x86_64) AppleWebKit/537.36 (KHTML, like Gecko) Chrome/57.0.2987.133 Safari/537.36"
89.100.148.101 - - [30/Apr/2017:07:45:34 +0000] "GET /wp-content/plugins/revslider/public/assets/fonts/revicons/revicons.woff?5510888 HTTP/1.1" 200 7491 "http://sundog-soft.com/wp-content/plugins/revslider/public/assets/css/settings.css?ver=5.4.1" "Mozilla/5.0 (X11; Linux x86_64) AppleWebKit/537.36 (KHTML, like Gecko) Chrome/57.0.2987.133 Safari/537.36"
89.100.148.101 - - [30/Apr/2017:07:45:34 +0000] "GET /favicon.ico HTTP/1.1" 200 - "http://sundog-soft.com/" "Mozilla/5.0 (X11; Linux x86_64) AppleWebKit/537.36 (KHTML, like Gecko) Chrome/57.0.2987.133 Safari/537.36"
106.120.173.150 - - [30/Apr/2017:07:45:34 +0000] "GET / HTTP/1.1" 301 - "-" "Sogou web spider/4.0(+http://www.sogou.com/docs/help/webmasters.htm#07)"
89.100.148.101 - - [30/Apr/2017:07:45:34 +0000] "POST /?wc-ajax=get_refreshed_fragments HTTP/1.1" 200 255 "http://sundog-soft.com/" "Mozilla/5.0 (X11; Linux x86_64) AppleWebKit/537.36 (KHTML, like Gecko) Chrome/57.0.2987.133 Safari/537.36"
54.210.20.202 - - [30/Apr/2017:07:45:36 +0000] "GET /sitemap_index.xml HTTP/1.1" 200 389 "http://sundog-soft.com/sitemap_index.xml" "W3 Total Cache"
54.210.20.202 - - [30/Apr/2017:07:45:36 +0000] "GET /post-sitemap.xml HTTP/1.1" 200 13654 "http://sundog-soft.com/post-sitemap.xml" "W3 Total Cache"
54.210.20.202 - - [30/Apr/2017:07:45:37 +0000] "GET /page-sitemap.xml HTTP/1.1" 200 2198 "http://sundog-soft.com/page-sitemap.xml" "W3 Total Cache"
54.210.20.202 - - [30/Apr/2017:07:45:38 +0000] "GET /product-sitemap.xml HTTP/1.1" 200 555 "http://sundog-soft.com/product-sitemap.xml" "W3 Total Cache"
54.210.20.202 - - [30/Apr/2017:07:45:38 +0000] "GET /creativo_portfolio-sitemap.xml HTTP/1.1" 200 658 "http://sundog-soft.com/creativo_portfolio-sitemap.xml" "W3 Total Cache"
54.210.20.202 - - [30/Apr/2017:07:45:39 +0000] "GET /clients-sitemap.xml HTTP/1.1" 200 3298 "http://sundog-soft.com/clients-sitemap.xml" "W3 Total Cache"
54.210.20.202 - - [30/Apr/2017:07:45:40 +0000] "GET /category-sitemap.xml HTTP/1.1" 200 411 "http://sundog-soft.com/category-sitemap.xml" "W3 Total Cache"
::1 - - [30/Apr/2017:07:45:41 +0000] "OPTIONS * HTTP/1.0" 200 - "-" "Apache/2.4.25 (Amazon) OpenSSL/1.0.1k-fips PHP/5.6.30 (internal dummy connection)"
54.210.20.202 - - [30/Apr/2017:07:45:41 +0000] "GET /portfolio_category-sitemap.xml HTTP/1.1" 200 337 "http://sundog-soft.com/portfolio_category-sitemap.xml" "W3 Total Cache"
54.210.20.202 - - [30/Apr/2017:07:45:41 +0000] "GET /author-sitemap.xml HTTP/1.1" 200 347 "http://sundog-soft.com/author-sitemap.xml" "W3 Total Cache"
::1 - - [30/Apr/2017:07:45:42 +0000] "OPTIONS * HTTP/1.0" 200 - "-" "Apache/2.4.25 (Amazon) OpenSSL/1.0.1k-fips PHP/5.6.30 (internal dummy connection)"
54.210.20.202 - - [30/Apr/2017:07:45:42 +0000] "GET /clients/nps/ HTTP/1.1" 200 13308 "http://sundog-soft.com/clients/nps/" "WordPress"
::1 - - [30/Apr/2017:07:45:43 +0000] "OPTIONS * HTTP/1.0" 200 - "-" "Apache/2.4.25 (Amazon) OpenSSL/1.0.1k-fips PHP/5.6.30 (internal dummy connection)"
54.210.20.202 - - [30/Apr/2017:07:45:43 +0000] "GET /clients/new-york-air-brake/ HTTP/1.1" 200 13359 "http://sundog-soft.com/clients/new-york-air-brake/" "WordPress"
52.56.127.29 - - [30/Apr/2017:07:45:44 +0000] "GET /wp-content/uploads/2016/03/LES_Saab_340A_117-100x50.jpg HTTP/1.1" 200 1781 "-" "Amazon CloudFront"
::1 - - [30/Apr/2017:07:45:44 +0000] "OPTIONS * HTTP/1.0" 200 - "-" "Apache/2.4.25 (Amazon) OpenSSL/1.0.1k-fips PHP/5.6.30 (internal dummy connection)"
54.210.20.202 - - [30/Apr/2017:07:45:44 +0000] "GET /clients/nawc/ HTTP/1.1" 200 13303 "http://sundog-soft.com/clients/nawc/" "WordPress"
54.210.20.202 - - [30/Apr/2017:07:45:45 +0000] "GET /clients/naval-research-lab/ HTTP/1.1" 200 13345 "http://sundog-soft.com/clients/naval-research-lab/" "WordPress"
54.210.20.202 - - [30/Apr/2017:07:45:46 +0000] "GET /clients/merlin/ HTTP/1.1" 200 13305 "http://sundog-soft.com/clients/merlin/" "WordPress"
54.210.20.202 - - [30/Apr/2017:07:45:46 +0000] "GET /clients/meteksan/ HTTP/1.1" 200 13305 "http://sundog-soft.com/clients/meteksan/" "WordPress"
54.210.20.202 - - [30/Apr/2017:07:45:47 +0000] "GET /clients/nano-games/ HTTP/1.1" 200 13318 "http://sundog-soft.com/clients/nano-games/" "WordPress"
54.210.20.202 - - [30/Apr/2017:07:45:48 +0000] "GET /clients/nasa/ HTTP/1.1" 200 13303 "http://sundog-soft.com/clients/nasa/" "WordPress"
106.120.173.150 - - [30/Apr/2017:07:45:49 +0000] "GET /2011/10/silverlining-for-havok-vision-engine-8-2-1/ HTTP/1.1" 200 14332 "-" "Sogou web spider/4.0(+http://www.sogou.com/docs/help/webmasters.htm#07)"
54.210.20.202 - - [30/Apr/2017:07:45:49 +0000] "GET /clients/weather-central/ HTTP/1.1" 200 13328 "http://sundog-soft.com/clients/weather-central/" "WordPress"
54.210.20.202 - - [30/Apr/2017:07:45:51 +0000] "GET /category/uncategorized/ HTTP/1.1" 200 14671 "http://sundog-soft.com/category/uncategorized/" "WordPress"
54.210.20.202 - - [30/Apr/2017:07:45:35 +0000] "POST /wp-cron.php?doing_wp_cron=1493538335.0535409450531005859375 HTTP/1.1" 200 - "http://sundog-soft.com/wp-cron.php?doing_wp_cron=1493538335.0535409450531005859375" "WordPress/4.7.4; http://sundog-soft.com"
::1 - - [30/Apr/2017:07:45:51 +0000] "OPTIONS * HTTP/1.0" 200 - "-" "Apache/2.4.25 (Amazon) OpenSSL/1.0.1k-fips PHP/5.6.30 (internal dummy connection)"
::1 - - [30/Apr/2017:07:45:52 +0000] "OPTIONS * HTTP/1.0" 200 - "-" "Apache/2.4.25 (Amazon) OpenSSL/1.0.1k-fips PHP/5.6.30 (internal dummy connection)"
::1 - - [30/Apr/2017:07:45:53 +0000] "OPTIONS * HTTP/1.0" 200 - "-" "Apache/2.4.25 (Amazon) OpenSSL/1.0.1k-fips PHP/5.6.30 (internal dummy connection)"
40.77.167.26 - - [30/Apr/2017:07:45:58 +0000] "GET /docs/triton/_triton_common_8h_source.html HTTP/1.1" 200 4509 "-" "Mozilla/5.0 (compatible; bingbot/2.0; +http://www.bing.com/bingbot.htm)"
106.120.173.150 - - [30/Apr/2017:07:46:02 +0000] "GET /docs/html/class_silver_lining_1_1_cloud_layer.html HTTP/1.1" 200 23828 "-" "Sogou web spider/4.0(+http://www.sogou.com/docs/help/webmasters.htm#07)"
106.120.173.150 - - [30/Apr/2017:07:46:13 +0000] "GET / HTTP/1.1" 200 20503 "-" "Sogou web spider/4.0(+http://www.sogou.com/docs/help/webmasters.htm#07)"
54.210.20.202 - - [30/Apr/2017:07:46:24 +0000] "POST /wp-cron.php?doing_wp_cron=1493538383.9936048984527587890625 HTTP/1.1" 200 - "http://sundog-soft.com/wp-cron.php?doing_wp_cron=1493538383.9936048984527587890625" "WordPress/4.7.4; http://sundog-soft.com"
106.120.173.150 - - [30/Apr/2017:07:46:23 +0000] "GET /?gclid=CK7rxKiJracCFQrgbgodF1GQCg HTTP/1.1" 301 - "-" "Sogou web spider/4.0(+http://www.sogou.com/docs/help/webmasters.htm#07)"
66.249.64.249 - - [30/Apr/2017:07:46:34 +0000] "GET /sds/2015/11/whos-going-to-iitsec/ HTTP/1.1" 301 260 "-" "Mozilla/5.0 (compatible; Googlebot/2.1; +http://www.google.com/bot.html)"
66.249.64.194 - - [30/Apr/2017:07:46:34 +0000] "GET /2015/11/whos-going-to-iitsec/ HTTP/1.1" 200 14391 "-" "Mozilla/5.0 (compatible; Googlebot/2.1; +http://www.google.com/bot.html)"
106.120.173.150 - - [30/Apr/2017:07:46:34 +0000] "GET /sds/2010/10/silverlining-2-02-plus-a-new-video/ HTTP/1.1" 301 274 "-" "Sogou web spider/4.0(+http://www.sogou.com/docs/help/webmasters.htm#07)"
106.120.173.150 - - [30/Apr/2017:07:46:44 +0000] "GET /sds/download HTTP/1.1" 301 243 "-" "Sogou web spider/4.0(+http://www.sogou.com/docs/help/webmasters.htm#07)"
54.210.20.202 - - [30/Apr/2017:07:46:55 +0000] "POST /wp-cron.php?doing_wp_cron=1493538414.9864909648895263671875 HTTP/1.1" 200 - "http://sundog-soft.com/wp-cron.php?doing_wp_cron=1493538414.9864909648895263671875" "WordPress/4.7.4; http://sundog-soft.com"
106.120.173.150 - - [30/Apr/2017:07:46:54 +0000] "GET /?gclid=CK7rxKiJracCFQrgbgodF1GQCg HTTP/1.1" 200 20582 "-" "Sogou web spider/4.0(+http://www.sogou.com/docs/help/webmasters.htm#07)"
54.210.20.202 - - [30/Apr/2017:07:47:07 +0000] "POST /wp-cron.php?doing_wp_cron=1493538427.0002579689025878906250 HTTP/1.1" 200 - "http://sundog-soft.com/wp-cron.php?doing_wp_cron=1493538427.0002579689025878906250" "WordPress/4.7.4; http://sundog-soft.com"
106.120.173.150 - - [30/Apr/2017:07:47:06 +0000] "GET /download HTTP/1.1" 301 - "-" "Sogou web spider/4.0(+http://www.sogou.com/docs/help/webmasters.htm#07)"
178.79.143.171 - - [30/Apr/2017:07:47:12 +0000] "GET /sds/feed/ HTTP/1.1" 301 236 "-" "arss/testing; fsfeel@gmail.com"
54.210.20.202 - - [30/Apr/2017:07:47:13 +0000] "POST /wp-cron.php?doing_wp_cron=1493538433.4695680141448974609375 HTTP/1.1" 200 - "http://sundog-soft.com/wp-cron.php?doing_wp_cron=1493538433.4695680141448974609375" "WordPress/4.7.4; http://sundog-soft.com"
178.79.143.171 - - [30/Apr/2017:07:47:12 +0000] "GET /feed/ HTTP/1.1" 200 31812 "-" "arss/testing; fsfeel@gmail.com"
54.210.20.202 - - [30/Apr/2017:07:47:18 +0000] "POST /wp-cron.php?doing_wp_cron=1493538437.9912679195404052734375 HTTP/1.1" 200 - "http://sundog-soft.com/wp-cron.php?doing_wp_cron=1493538437.9912679195404052734375" "WordPress/4.7.4; http://sundog-soft.com"
106.120.173.150 - - [30/Apr/2017:07:47:17 +0000] "GET /2010/10/silverlining-2-02-plus-a-new-video/ HTTP/1.1" 200 14350 "-" "Sogou web spider/4.0(+http://www.sogou.com/docs/help/webmasters.htm#07)"
54.210.20.202 - - [30/Apr/2017:07:47:29 +0000] "POST /wp-cron.php?doing_wp_cron=1493538449.8938229084014892578125 HTTP/1.1" 200 - "http://sundog-soft.com/wp-cron.php?doing_wp_cron=1493538449.8938229084014892578125" "WordPress/4.7.4; http://sundog-soft.com"
106.120.173.150 - - [30/Apr/2017:07:47:29 +0000] "GET /evaluate/download/ HTTP/1.1" 200 15884 "-" "Sogou web spider/4.0(+http://www.sogou.com/docs/help/webmasters.htm#07)"
106.120.173.150 - - [30/Apr/2017:07:47:44 +0000] "GET /sds/2011/07/silverlining-for-scenix7-now-available/ HTTP/1.1" 301 278 "-" "Sogou web spider/4.0(+http://www.sogou.com/docs/help/webmasters.htm#07)"
106.120.173.150 - - [30/Apr/2017:07:47:54 +0000] "GET /sds/download/licensed-user-downloads/?utm_source=newsletter&utm_medium=email&utm_campaign=Triton-15 HTTP/1.1" 301 334 "-" "Sogou web spider/4.0(+http://www.sogou.com/docs/help/webmasters.htm#07)"
54.210.20.202 - - [30/Apr/2017:07:48:05 +0000] "POST /wp-cron.php?doing_wp_cron=1493538484.9954071044921875000000 HTTP/1.1" 200 - "http://sundog-soft.com/wp-cron.php?doing_wp_cron=1493538484.9954071044921875000000" "WordPress/4.7.4; http://sundog-soft.com"
106.120.173.150 - - [30/Apr/2017:07:48:04 +0000] "GET /2011/07/silverlining-for-scenix7-now-available/ HTTP/1.1" 200 14192 "-" "Sogou web spider/4.0(+http://www.sogou.com/docs/help/webmasters.htm#07)"
54.210.20.202 - - [30/Apr/2017:07:48:17 +0000] "POST /wp-cron.php?doing_wp_cron=1493538497.0821030139923095703125 HTTP/1.1" 200 - "http://sundog-soft.com/wp-cron.php?doing_wp_cron=1493538497.0821030139923095703125" "WordPress/4.7.4; http://sundog-soft.com"
106.120.173.150 - - [30/Apr/2017:07:48:16 +0000] "GET /download/licensed-user-downloads/?utm_source=newsletter&utm_medium=email&utm_campaign=Triton-15 HTTP/1.1" 301 - "-" "Sogou web spider/4.0(+http://www.sogou.com/docs/help/webmasters.htm#07)"
54.210.20.202 - - [30/Apr/2017:07:48:28 +0000] "POST /wp-cron.php?doing_wp_cron=1493538508.9873540401458740234375 HTTP/1.1" 200 - "http://sundog-soft.com/wp-cron.php?doing_wp_cron=1493538508.9873540401458740234375" "WordPress/4.7.4; http://sundog-soft.com"
106.120.173.150 - - [30/Apr/2017:07:48:28 +0000] "GET /evaluate/download/licensed-user-downloads/?utm_source=newsletter&utm_medium=email&utm_campaign=Triton-15 HTTP/1.1" 200 13514 "-" "Sogou web spider/4.0(+http://www.sogou.com/docs/help/webmasters.htm#07)"
89.100.148.101 - - [30/Apr/2017:07:48:53 +0000] "GET /evaluate/gallery/ HTTP/1.1" 200 15233 "http://sundog-soft.com/" "Mozilla/5.0 (X11; Linux x86_64) AppleWebKit/537.36 (KHTML, like Gecko) Chrome/57.0.2987.133 Safari/537.36"
89.100.148.101 - - [30/Apr/2017:07:48:53 +0000] "GET /wp-content/plugins/LayerSlider/static/layerslider/css/layerslider.css?ver=6.3.0 HTTP/1.1" 200 3792 "http://sundog-soft.com/evaluate/gallery/" "Mozilla/5.0 (X11; Linux x86_64) AppleWebKit/537.36 (KHTML, like Gecko) Chrome/57.0.2987.133 Safari/537.36"
89.100.148.101 - - [30/Apr/2017:07:48:53 +0000] "GET /wp-content/plugins/contact-form-7/includes/css/styles.css?ver=4.7 HTTP/1.1" 200 634 "http://sundog-soft.com/evaluate/gallery/" "Mozilla/5.0 (X11; Linux x86_64) AppleWebKit/537.36 (KHTML, like Gecko) Chrome/57.0.2987.133 Safari/537.36"
89.100.148.101 - - [30/Apr/2017:07:48:53 +0000] "GET /wp-content/plugins/revslider/public/assets/css/settings.css?ver=5.4.1 HTTP/1.1" 200 7067 "http://sundog-soft.com/evaluate/gallery/" "Mozilla/5.0 (X11; Linux x86_64) AppleWebKit/537.36 (KHTML, like Gecko) Chrome/57.0.2987.133 Safari/537.36"
52.56.127.29 - - [30/Apr/2017:07:48:53 +0000] "GET /wp-content/themes/creativo/style.css HTTP/1.1" 200 49748 "-" "Amazon CloudFront"
52.56.127.29 - - [30/Apr/2017:07:48:53 +0000] "GET /wp-content/themes/creativo/css/responsive.css HTTP/1.1" 200 7963 "-" "Amazon CloudFront"
52.56.127.29 - - [30/Apr/2017:07:48:53 +0000] "GET /wp-content/themes/creativo/css/fontawesome/css/font-awesome.css HTTP/1.1" 200 7488 "-" "Amazon CloudFront"
52.56.127.38 - - [30/Apr/2017:07:48:53 +0000] "GET /wp-content/themes/creativo/css/vc_style.css HTTP/1.1" 200 4658 "-" "Amazon CloudFront"
89.100.148.101 - - [30/Apr/2017:07:48:53 +0000] "GET /wp-content/plugins/tablepress/css/default.min.css?ver=1.8 HTTP/1.1" 200 2739 "http://sundog-soft.com/evaluate/gallery/" "Mozilla/5.0 (X11; Linux x86_64) AppleWebKit/537.36 (KHTML, like Gecko) Chrome/57.0.2987.133 Safari/537.36"
89.100.148.101 - - [30/Apr/2017:07:48:53 +0000] "GET /wp-content/plugins/mailchimp-for-wp/assets/css/form-basic.min.css?ver=4.1.1 HTTP/1.1" 200 697 "http://sundog-soft.com/evaluate/gallery/" "Mozilla/5.0 (X11; Linux x86_64) AppleWebKit/537.36 (KHTML, like Gecko) Chrome/57.0.2987.133 Safari/537.36"
89.100.148.101 - - [30/Apr/2017:07:48:53 +0000] "GET /wp-content/plugins/js_composer/assets/css/lib/isotope.min.css?ver=5.1.2 HTTP/1.1" 200 175 "http://sundog-soft.com/evaluate/gallery/" "Mozilla/5.0 (X11; Linux x86_64) AppleWebKit/537.36 (KHTML, like Gecko) Chrome/57.0.2987.133 Safari/537.36"
89.100.148.101 - - [30/Apr/2017:07:48:53 +0000] "GET /wp-content/plugins/js_composer/assets/lib/prettyphoto/css/prettyPhoto.min.css?ver=5.1.2 HTTP/1.1" 200 2828 "http://sundog-soft.com/evaluate/gallery/" "Mozilla/5.0 (X11; Linux x86_64) AppleWebKit/537.36 (KHTML, like Gecko) Chrome/57.0.2987.133 Safari/537.36"
89.100.148.101 - - [30/Apr/2017:07:48:54 +0000] "GET /wp-content/plugins/js_composer/assets/lib/bower/font-awesome/css/font-awesome.min.css?ver=5.1.2 HTTP/1.1" 200 6684 "http://sundog-soft.com/evaluate/gallery/" "Mozilla/5.0 (X11; Linux x86_64) AppleWebKit/537.36 (KHTML, like Gecko) Chrome/57.0.2987.133 Safari/537.36"
89.100.148.101 - - [30/Apr/2017:07:48:54 +0000] "GET /wp-content/plugins/shortcodes-ultimate/assets/css/content-shortcodes.css?ver=4.9.9 HTTP/1.1" 200 2235 "http://sundog-soft.com/evaluate/gallery/" "Mozilla/5.0 (X11; Linux x86_64) AppleWebKit/537.36 (KHTML, like Gecko) Chrome/57.0.2987.133 Safari/537.36"
89.100.148.101 - - [30/Apr/2017:07:48:54 +0000] "GET /wp-content/plugins/mailchimp-widget/js/mailchimp-widget-min.js?ver=4.7.4 HTTP/1.1" 200 587 "http://sundog-soft.com/evaluate/gallery/" "Mozilla/5.0 (X11; Linux x86_64) AppleWebKit/537.36 (KHTML, like Gecko) Chrome/57.0.2987.133 Safari/537.36"
89.100.148.101 - - [30/Apr/2017:07:48:53 +0000] "GET /wp-content/plugins/js_composer/assets/css/js_composer.min.css?ver=5.1.2 HTTP/1.1" 200 44414 "http://sundog-soft.com/evaluate/gallery/" "Mozilla/5.0 (X11; Linux x86_64) AppleWebKit/537.36 (KHTML, like Gecko) Chrome/57.0.2987.133 Safari/537.36"
89.100.148.101 - - [30/Apr/2017:07:48:54 +0000] "GET /wp-content/plugins/LayerSlider/static/layerslider/js/layerslider.kreaturamedia.jquery.js?ver=6.3.0 HTTP/1.1" 200 42430 "http://sundog-soft.com/evaluate/gallery/" "Mozilla/5.0 (X11; Linux x86_64) AppleWebKit/537.36 (KHTML, like Gecko) Chrome/57.0.2987.133 Safari/537.36"
89.100.148.101 - - [30/Apr/2017:07:48:54 +0000] "GET /wp-content/plugins/LayerSlider/static/layerslider/js/greensock.js?ver=1.19.0 HTTP/1.1" 200 39570 "http://sundog-soft.com/evaluate/gallery/" "Mozilla/5.0 (X11; Linux x86_64) AppleWebKit/537.36 (KHTML, like Gecko) Chrome/57.0.2987.133 Safari/537.36"
89.100.148.101 - - [30/Apr/2017:07:48:54 +0000] "GET /wp-content/plugins/LayerSlider/static/layerslider/js/layerslider.transitions.js?ver=6.3.0 HTTP/1.1" 200 3396 "http://sundog-soft.com/evaluate/gallery/" "Mozilla/5.0 (X11; Linux x86_64) AppleWebKit/537.36 (KHTML, like Gecko) Chrome/57.0.2987.133 Safari/537.36"
89.100.148.101 - - [30/Apr/2017:07:48:54 +0000] "GET /wp-content/plugins/woocommerce/assets/js/frontend/add-to-cart.min.js?ver=3.0.4 HTTP/1.1" 200 803 "http://sundog-soft.com/evaluate/gallery/" "Mozilla/5.0 (X11; Linux x86_64) AppleWebKit/537.36 (KHTML, like Gecko) Chrome/57.0.2987.133 Safari/537.36"
89.100.148.101 - - [30/Apr/2017:07:48:54 +0000] "GET /wp-content/plugins/js_composer/assets/js/vendors/woocommerce-add-to-cart.js?ver=5.1.2 HTTP/1.1" 200 351 "http://sundog-soft.com/evaluate/gallery/" "Mozilla/5.0 (X11; Linux x86_64) AppleWebKit/537.36 (KHTML, like Gecko) Chrome/57.0.2987.133 Safari/537.36"
89.100.148.101 - - [30/Apr/2017:07:48:54 +0000] "GET /wp-content/plugins/contact-form-7/includes/js/jquery.form.min.js?ver=3.51.0-2014.06.20 HTTP/1.1" 200 5860 "http://sundog-soft.com/evaluate/gallery/" "Mozilla/5.0 (X11; Linux x86_64) AppleWebKit/537.36 (KHTML, like Gecko) Chrome/57.0.2987.133 Safari/537.36"
89.100.148.101 - - [30/Apr/2017:07:48:54 +0000] "GET /wp-content/plugins/contact-form-7/includes/js/scripts.js?ver=4.7 HTTP/1.1" 200 3667 "http://sundog-soft.com/evaluate/gallery/" "Mozilla/5.0 (X11; Linux x86_64) AppleWebKit/537.36 (KHTML, like Gecko) Chrome/57.0.2987.133 Safari/537.36"
89.100.148.101 - - [30/Apr/2017:07:48:54 +0000] "GET /wp-content/plugins/woocommerce/assets/js/jquery-blockui/jquery.blockUI.min.js?ver=2.70 HTTP/1.1" 200 3547 "http://sundog-soft.com/evaluate/gallery/" "Mozilla/5.0 (X11; Linux x86_64) AppleWebKit/537.36 (KHTML, like Gecko) Chrome/57.0.2987.133 Safari/537.36"
89.100.148.101 - - [30/Apr/2017:07:48:54 +0000] "GET /wp-content/plugins/woocommerce/assets/js/frontend/cart-fragments.min.js?ver=3.0.4 HTTP/1.1" 200 925 "http://sundog-soft.com/evaluate/gallery/" "Mozilla/5.0 (X11; Linux x86_64) AppleWebKit/537.36 (KHTML, like Gecko) Chrome/57.0.2987.133 Safari/537.36"
89.100.148.101 - - [30/Apr/2017:07:48:54 +0000] "GET /wp-content/plugins/woocommerce/assets/js/frontend/woocommerce.min.js?ver=3.0.4 HTTP/1.1" 200 291 "http://sundog-soft.com/evaluate/gallery/" "Mozilla/5.0 (X11; Linux x86_64) AppleWebKit/537.36 (KHTML, like Gecko) Chrome/57.0.2987.133 Safari/537.36"
89.100.148.101 - - [30/Apr/2017:07:48:54 +0000] "GET /wp-content/plugins/woocommerce/assets/js/js-cookie/js.cookie.min.js?ver=2.1.4 HTTP/1.1" 200 987 "http://sundog-soft.com/evaluate/gallery/" "Mozilla/5.0 (X11; Linux x86_64) AppleWebKit/537.36 (KHTML, like Gecko) Chrome/57.0.2987.133 Safari/537.36"
52.56.127.38 - - [30/Apr/2017:07:48:55 +0000] "GET /wp-content/uploads/2009/12/sunset-150x150.jpg HTTP/1.1" 200 3494 "-" "Amazon CloudFront"
52.56.127.38 - - [30/Apr/2017:07:48:55 +0000] "GET /wp-content/uploads/2009/12/detailedsea-150x150.jpg HTTP/1.1" 200 5855 "-" "Amazon CloudFront"
89.100.148.101 - - [30/Apr/2017:07:48:55 +0000] "GET /wp-content/plugins/js_composer/assets/lib/bower/font-awesome/fonts/fontawesome-webfont.woff2?v=4.6.3 HTTP/1.1" 200 71893 "http://sundog-soft.com/wp-content/plugins/js_composer/assets/lib/bower/font-awesome/css/font-awesome.min.css?ver=5.1.2" "Mozilla/5.0 (X11; Linux x86_64) AppleWebKit/537.36 (KHTML, like Gecko) Chrome/57.0.2987.133 Safari/537.36"
52.56.127.38 - - [30/Apr/2017:07:48:55 +0000] "GET /wp-content/uploads/2009/12/seventeen-150x150.jpg HTTP/1.1" 200 6023 "-" "Amazon CloudFront"
52.56.127.29 - - [30/Apr/2017:07:48:55 +0000] "GET /wp-content/uploads/2016/07/a320neo_40-150x150.jpg HTTP/1.1" 200 4271 "-" "Amazon CloudFront"
89.100.148.101 - - [30/Apr/2017:07:48:55 +0000] "GET /wp-content/plugins/js_composer/assets/js/dist/js_composer_front.min.js?ver=5.1.2 HTTP/1.1" 200 6450 "http://sundog-soft.com/evaluate/gallery/" "Mozilla/5.0 (X11; Linux x86_64) AppleWebKit/537.36 (KHTML, like Gecko) Chrome/57.0.2987.133 Safari/537.36"
89.100.148.101 - - [30/Apr/2017:07:48:55 +0000] "GET /wp-content/plugins/js_composer/assets/lib/bower/isotope/dist/isotope.pkgd.min.js?ver=5.1.2 HTTP/1.1" 200 9714 "http://sundog-soft.com/evaluate/gallery/" "Mozilla/5.0 (X11; Linux x86_64) AppleWebKit/537.36 (KHTML, like Gecko) Chrome/57.0.2987.133 Safari/537.36"
89.100.148.101 - - [30/Apr/2017:07:48:55 +0000] "GET /wp-content/plugins/js_composer/assets/lib/prettyphoto/js/jquery.prettyPhoto.min.js?ver=5.1.2 HTTP/1.1" 200 6175 "http://sundog-soft.com/evaluate/gallery/" "Mozilla/5.0 (X11; Linux x86_64) AppleWebKit/537.36 (KHTML, like Gecko) Chrome/57.0.2987.133 Safari/537.36"
89.100.148.101 - - [30/Apr/2017:07:48:55 +0000] "GET /wp-content/plugins/js_composer/assets/lib/bower/imagesloaded/imagesloaded.pkgd.min.js?ver=4.7.4 HTTP/1.1" 200 2352 "http://sundog-soft.com/evaluate/gallery/" "Mozilla/5.0 (X11; Linux x86_64) AppleWebKit/537.36 (KHTML, like Gecko) Chrome/57.0.2987.133 Safari/537.36"
89.100.148.101 - - [30/Apr/2017:07:48:55 +0000] "GET /wp-content/plugins/revslider/public/assets/js/jquery.themepunch.tools.min.js?ver=5.4.1 HTTP/1.1" 200 37359 "http://sundog-soft.com/evaluate/gallery/" "Mozilla/5.0 (X11; Linux x86_64) AppleWebKit/537.36 (KHTML, like Gecko) Chrome/57.0.2987.133 Safari/537.36"
52.56.127.29 - - [30/Apr/2017:07:48:55 +0000] "GET /wp-content/uploads/2009/12/twentysix-150x150.jpg HTTP/1.1" 200 4652 "-" "Amazon CloudFront"
52.56.127.38 - - [30/Apr/2017:07:48:55 +0000] "GET /wp-content/uploads/2009/12/twentyfive-150x150.jpg HTTP/1.1" 200 5919 "-" "Amazon CloudFront"
52.56.127.38 - - [30/Apr/2017:07:48:55 +0000] "GET /wp-content/uploads/2016/07/cockpit-ovc-150x150.jpg HTTP/1.1" 200 4475 "-" "Amazon CloudFront"
52.56.127.29 - - [30/Apr/2017:07:48:55 +0000] "GET /wp-content/uploads/2009/12/fifteen-150x150.jpg HTTP/1.1" 200 6782 "-" "Amazon CloudFront"
52.56.127.29 - - [30/Apr/2017:07:48:55 +0000] "GET /wp-content/uploads/2016/07/godrays_0-150x150.jpg HTTP/1.1" 200 3970 "-" "Amazon CloudFront"
89.100.148.101 - - [30/Apr/2017:07:48:55 +0000] "GET /wp-content/plugins/revslider/public/assets/js/jquery.themepunch.revolution.min.js?ver=5.4.1 HTTP/1.1" 200 17555 "http://sundog-soft.com/evaluate/gallery/" "Mozilla/5.0 (X11; Linux x86_64) AppleWebKit/537.36 (KHTML, like Gecko) Chrome/57.0.2987.133 Safari/537.36"
89.100.148.101 - - [30/Apr/2017:07:48:55 +0000] "GET /wp-includes/js/wp-emoji-release.min.js?ver=4.7.4 HTTP/1.1" 200 4230 "http://sundog-soft.com/evaluate/gallery/" "Mozilla/5.0 (X11; Linux x86_64) AppleWebKit/537.36 (KHTML, like Gecko) Chrome/57.0.2987.133 Safari/537.36"
52.56.127.29 - - [30/Apr/2017:07:48:56 +0000] "GET /wp-content/uploads/2009/12/destroyer-150x150.jpg HTTP/1.1" 200 2819 "-" "Amazon CloudFront"
52.56.127.29 - - [30/Apr/2017:07:48:56 +0000] "GET /wp-content/uploads/2016/07/mig29_10-150x150.png HTTP/1.1" 200 9867 "-" "Amazon CloudFront"
52.56.127.38 - - [30/Apr/2017:07:48:56 +0000] "GET /wp-content/uploads/2009/12/dusk-150x150.jpg HTTP/1.1" 200 3554 "-" "Amazon CloudFront"
52.56.127.29 - - [30/Apr/2017:07:48:56 +0000] "GET /wp-content/uploads/2016/07/dhc6_twin_otter_38-150x150.jpg HTTP/1.1" 200 5090 "-" "Amazon CloudFront"
52.56.127.38 - - [30/Apr/2017:07:48:56 +0000] "GET /wp-content/uploads/2009/12/triton-sun-150x150.jpg HTTP/1.1" 200 4923 "-" "Amazon CloudFront"
52.56.127.38 - - [30/Apr/2017:07:48:56 +0000] "GET /wp-content/uploads/2009/12/confused-best-150x150.jpg HTTP/1.1" 200 5663 "-" "Amazon CloudFront"
52.56.127.38 - - [30/Apr/2017:07:48:56 +0000] "GET /wp-content/uploads/2016/07/x-plane-2015-07-24-17-45-16-15-150x150.jpg HTTP/1.1" 200 3963 "-" "Amazon CloudFront"
52.56.127.29 - - [30/Apr/2017:07:48:56 +0000] "GET /wp-content/uploads/2016/07/farclouds-150x150.jpg HTTP/1.1" 200 3772 "-" "Amazon CloudFront"
52.56.127.29 - - [30/Apr/2017:07:48:56 +0000] "GET /wp-content/uploads/2016/07/fjs_732_twinjet_35-150x150.jpg HTTP/1.1" 200 3969 "-" "Amazon CloudFront"
52.56.127.38 - - [30/Apr/2017:07:48:56 +0000] "GET /wp-content/uploads/2016/07/mig29_2-150x150.png HTTP/1.1" 200 6731 "-" "Amazon CloudFront"
52.56.127.29 - - [30/Apr/2017:07:48:56 +0000] "GET /wp-content/uploads/2009/12/rough-best-150x150.jpg HTTP/1.1" 200 4471 "-" "Amazon CloudFront"
52.56.127.29 - - [30/Apr/2017:07:48:56 +0000] "GET /wp-content/uploads/2009/12/ingame_1-150x150.jpg HTTP/1.1" 200 5241 "-" "Amazon CloudFront"
52.56.127.38 - - [30/Apr/2017:07:48:56 +0000] "GET /wp-content/uploads/2016/07/767pw-300er_90-150x150.jpg HTTP/1.1" 200 4095 "-" "Amazon CloudFront"
52.56.127.29 - - [30/Apr/2017:07:48:56 +0000] "GET /wp-content/uploads/2009/12/sink-150x150.jpg HTTP/1.1" 200 3523 "-" "Amazon CloudFront"
52.56.127.38 - - [30/Apr/2017:07:48:56 +0000] "GET /wp-content/uploads/2009/12/tritonsilverliningabove-150x150.jpg HTTP/1.1" 200 2954 "-" "Amazon CloudFront"
52.56.127.29 - - [30/Apr/2017:07:48:56 +0000] "GET /wp-content/uploads/2016/07/mig29_1-150x150.png HTTP/1.1" 200 10063 "-" "Amazon CloudFront"
52.56.127.38 - - [30/Apr/2017:07:48:56 +0000] "GET /wp-content/uploads/2016/07/car_b1900d_51-150x150.jpg HTTP/1.1" 200 3658 "-" "Amazon CloudFront"
52.56.127.38 - - [30/Apr/2017:07:48:56 +0000] "GET /wp-content/uploads/2009/12/roughseas-150x150.jpg HTTP/1.1" 200 6454 "-" "Amazon CloudFront"
89.100.148.101 - - [30/Apr/2017:07:48:57 +0000] "GET /favicon.ico HTTP/1.1" 200 - "http://sundog-soft.com/evaluate/gallery/" "Mozilla/5.0 (X11; Linux x86_64) AppleWebKit/537.36 (KHTML, like Gecko) Chrome/57.0.2987.133 Safari/537.36"
::1 - - [30/Apr/2017:07:49:01 +0000] "OPTIONS * HTTP/1.0" 200 - "-" "Apache/2.4.25 (Amazon) OpenSSL/1.0.1k-fips PHP/5.6.30 (internal dummy connection)"
::1 - - [30/Apr/2017:07:49:02 +0000] "OPTIONS * HTTP/1.0" 200 - "-" "Apache/2.4.25 (Amazon) OpenSSL/1.0.1k-fips PHP/5.6.30 (internal dummy connection)"
::1 - - [30/Apr/2017:07:49:03 +0000] "OPTIONS * HTTP/1.0" 200 - "-" "Apache/2.4.25 (Amazon) OpenSSL/1.0.1k-fips PHP/5.6.30 (internal dummy connection)"
::1 - - [30/Apr/2017:07:49:04 +0000] "OPTIONS * HTTP/1.0" 200 - "-" "Apache/2.4.25 (Amazon) OpenSSL/1.0.1k-fips PHP/5.6.30 (internal dummy connection)"
::1 - - [30/Apr/2017:07:49:05 +0000] "OPTIONS * HTTP/1.0" 200 - "-" "Apache/2.4.25 (Amazon) OpenSSL/1.0.1k-fips PHP/5.6.30 (internal dummy connection)"
::1 - - [30/Apr/2017:07:49:06 +0000] "OPTIONS * HTTP/1.0" 200 - "-" "Apache/2.4.25 (Amazon) OpenSSL/1.0.1k-fips PHP/5.6.30 (internal dummy connection)"
::1 - - [30/Apr/2017:07:49:07 +0000] "OPTIONS * HTTP/1.0" 200 - "-" "Apache/2.4.25 (Amazon) OpenSSL/1.0.1k-fips PHP/5.6.30 (internal dummy connection)"
::1 - - [30/Apr/2017:07:49:08 +0000] "OPTIONS * HTTP/1.0" 200 - "-" "Apache/2.4.25 (Amazon) OpenSSL/1.0.1k-fips PHP/5.6.30 (internal dummy connection)"
::1 - - [30/Apr/2017:07:49:09 +0000] "OPTIONS * HTTP/1.0" 200 - "-" "Apache/2.4.25 (Amazon) OpenSSL/1.0.1k-fips PHP/5.6.30 (internal dummy connection)"
::1 - - [30/Apr/2017:07:49:10 +0000] "OPTIONS * HTTP/1.0" 200 - "-" "Apache/2.4.25 (Amazon) OpenSSL/1.0.1k-fips PHP/5.6.30 (internal dummy connection)"
::1 - - [30/Apr/2017:07:49:11 +0000] "OPTIONS * HTTP/1.0" 200 - "-" "Apache/2.4.25 (Amazon) OpenSSL/1.0.1k-fips PHP/5.6.30 (internal dummy connection)"
::1 - - [30/Apr/2017:07:49:12 +0000] "OPTIONS * HTTP/1.0" 200 - "-" "Apache/2.4.25 (Amazon) OpenSSL/1.0.1k-fips PHP/5.6.30 (internal dummy connection)"
::1 - - [30/Apr/2017:07:49:13 +0000] "OPTIONS * HTTP/1.0" 200 - "-" "Apache/2.4.25 (Amazon) OpenSSL/1.0.1k-fips PHP/5.6.30 (internal dummy connection)"
::1 - - [30/Apr/2017:07:49:14 +0000] "OPTIONS * HTTP/1.0" 200 - "-" "Apache/2.4.25 (Amazon) OpenSSL/1.0.1k-fips PHP/5.6.30 (internal dummy connection)"
::1 - - [30/Apr/2017:07:49:15 +0000] "OPTIONS * HTTP/1.0" 200 - "-" "Apache/2.4.25 (Amazon) OpenSSL/1.0.1k-fips PHP/5.6.30 (internal dummy connection)"
54.210.20.202 - - [30/Apr/2017:07:50:23 +0000] "POST /wp-cron.php?doing_wp_cron=1493538622.9347879886627197265625 HTTP/1.1" 200 - "http://sundog-soft.com/wp-cron.php?doing_wp_cron=1493538622.9347879886627197265625" "WordPress/4.7.4; http://sundog-soft.com"
42.118.131.44 - - [30/Apr/2017:07:50:22 +0000] "GET /wp-login.php HTTP/1.1" 200 5226 "-" "Mozilla/5.0 (Windows NT 6.0; rv:34.0) Gecko/20100101 Firefox/34.0"
54.210.20.202 - - [30/Apr/2017:07:50:24 +0000] "POST /wp-cron.php?doing_wp_cron=1493538624.6822140216827392578125 HTTP/1.1" 200 - "http://sundog-soft.com/wp-cron.php?doing_wp_cron=1493538624.6822140216827392578125" "WordPress/4.7.4; http://sundog-soft.com"
42.118.131.44 - - [30/Apr/2017:07:50:24 +0000] "POST /wp-login.php HTTP/1.1" 200 6182 "http://sundog-soft.com/wp-login.php" "Mozilla/5.0 (Windows NT 6.0; rv:34.0) Gecko/20100101 Firefox/34.0"
54.210.20.202 - - [30/Apr/2017:07:51:06 +0000] "POST /wp-cron.php?doing_wp_cron=1493538666.5051560401916503906250 HTTP/1.1" 200 - "http://sundog-soft.com/wp-cron.php?doing_wp_cron=1493538666.5051560401916503906250" "WordPress/4.7.4; http://sundog-soft.com"
66.249.64.42 - - [30/Apr/2017:07:51:05 +0000] "GET /robots.txt HTTP/1.1" 200 67 "-" "Mozilla/5.0 (compatible; Googlebot/2.1; +http://www.google.com/bot.html)"
54.210.20.202 - - [30/Apr/2017:07:51:07 +0000] "POST /wp-cron.php?doing_wp_cron=1493538667.9468889236450195312500 HTTP/1.1" 200 - "http://sundog-soft.com/wp-cron.php?doing_wp_cron=1493538667.9468889236450195312500" "WordPress/4.7.4; http://sundog-soft.com"
66.249.64.42 - - [30/Apr/2017:07:51:07 +0000] "GET /about/ HTTP/1.1" 301 - "-" "Mozilla/5.0 (Linux; Android 6.0.1; Nexus 5X Build/MMB29P) AppleWebKit/537.36 (KHTML, like Gecko) Chrome/41.0.2272.96 Mobile Safari/537.36 (compatible; Googlebot/2.1; +http://www.google.com/bot.html)"
66.249.64.253 - - [30/Apr/2017:07:51:08 +0000] "GET /about/ HTTP/1.1" 200 14357 "-" "Mozilla/5.0 (Linux; Android 6.0.1; Nexus 5X Build/MMB29P) AppleWebKit/537.36 (KHTML, like Gecko) Chrome/41.0.2272.96 Mobile Safari/537.36 (compatible; Googlebot/2.1; +http://www.google.com/bot.html)"
54.210.20.202 - - [30/Apr/2017:07:51:16 +0000] "POST /wp-cron.php?doing_wp_cron=1493538676.7591578960418701171875 HTTP/1.1" 200 - "http://sundog-soft.com/wp-cron.php?doing_wp_cron=1493538676.7591578960418701171875" "WordPress/4.7.4; http://sundog-soft.com"
62.133.162.45 - - [30/Apr/2017:07:51:16 +0000] "GET /wp-login.php HTTP/1.1" 200 5226 "-" "Mozilla/5.0 (Windows NT 6.0; rv:34.0) Gecko/20100101 Firefox/34.0"
54.210.20.202 - - [30/Apr/2017:07:51:18 +0000] "POST /wp-cron.php?doing_wp_cron=1493538678.8374040126800537109375 HTTP/1.1" 200 - "http://sundog-soft.com/wp-cron.php?doing_wp_cron=1493538678.8374040126800537109375" "WordPress/4.7.4; http://sundog-soft.com"
62.133.162.45 - - [30/Apr/2017:07:51:18 +0000] "POST /wp-login.php HTTP/1.1" 200 6182 "http://sundog-soft.com/wp-login.php" "Mozilla/5.0 (Windows NT 6.0; rv:34.0) Gecko/20100101 Firefox/34.0"
66.249.64.253 - - [30/Apr/2017:07:51:21 +0000] "GET /features/ocean-and-water-rendering-with-triton/unity-water-effects-with-triton-for-unity-pro/ HTTP/1.1" 200 16358 "-" "Mozilla/5.0 (compatible; Googlebot/2.1; +http://www.google.com/bot.html)"
163.172.101.137 - - [30/Apr/2017:07:51:46 +0000] "GET / HTTP/1.1" 200 20503 "-" "Mozilla/5.0 (Windows NT 5.1; rv:7.0.1) Gecko/20100101 Firefox/7.0.1"
109.248.81.111 - - [30/Apr/2017:07:51:47 +0000] "GET /wp-login.php HTTP/1.1" 200 5226 "-" "Mozilla/5.0 (Windows NT 6.0; rv:34.0) Gecko/20100101 Firefox/34.0"
54.210.20.202 - - [30/Apr/2017:07:51:48 +0000] "POST /wp-cron.php?doing_wp_cron=1493538708.3060920238494873046875 HTTP/1.1" 200 - "http://sundog-soft.com/wp-cron.php?doing_wp_cron=1493538708.3060920238494873046875" "WordPress/4.7.4; http://sundog-soft.com"
163.172.101.137 - - [30/Apr/2017:07:51:47 +0000] "POST / HTTP/1.1" 200 20542 "http://sundog-soft.com/" "Mozilla/5.0 (Windows NT 5.1; rv:7.0.1) Gecko/20100101 Firefox/7.0.1"
54.210.20.202 - - [30/Apr/2017:07:51:50 +0000] "POST /wp-cron.php?doing_wp_cron=1493538710.4464259147644042968750 HTTP/1.1" 200 - "http://sundog-soft.com/wp-cron.php?doing_wp_cron=1493538710.4464259147644042968750" "WordPress/4.7.4; http://sundog-soft.com"
109.248.81.111 - - [30/Apr/2017:07:51:49 +0000] "POST /wp-login.php HTTP/1.1" 200 6182 "http://sundog-soft.com/wp-login.php" "Mozilla/5.0 (Windows NT 6.0; rv:34.0) Gecko/20100101 Firefox/34.0"
54.210.20.202 - - [30/Apr/2017:07:52:00 +0000] "POST /wp-cron.php?doing_wp_cron=1493538720.0014619827270507812500 HTTP/1.1" 200 - "http://sundog-soft.com/wp-cron.php?doing_wp_cron=1493538720.0014619827270507812500" "WordPress/4.7.4; http://sundog-soft.com"
23.23.222.66 - - [30/Apr/2017:07:51:59 +0000] "HEAD / HTTP/1.1" 301 - "-" "SiteUptime.com"
23.23.222.66 - - [30/Apr/2017:07:52:00 +0000] "HEAD / HTTP/1.1" 200 - "-" "SiteUptime.com"
54.210.20.202 - - [30/Apr/2017:07:52:35 +0000] "POST /wp-cron.php?doing_wp_cron=1493538755.0758678913116455078125 HTTP/1.1" 200 - "http://sundog-soft.com/wp-cron.php?doing_wp_cron=1493538755.0758678913116455078125" "WordPress/4.7.4; http://sundog-soft.com"
104.154.198.228 - - [30/Apr/2017:07:52:34 +0000] "GET /feed/ HTTP/1.1" 200 31812 "-" "Java/1.8.0_121"
54.210.20.202 - - [30/Apr/2017:07:52:37 +0000] "POST /wp-cron.php?doing_wp_cron=1493538757.5852079391479492187500 HTTP/1.1" 200 - "http://sundog-soft.com/wp-cron.php?doing_wp_cron=1493538757.5852079391479492187500" "WordPress/4.7.4; http://sundog-soft.com"
95.81.240.170 - - [30/Apr/2017:07:52:36 +0000] "GET /wp-login.php HTTP/1.1" 200 5226 "-" "Mozilla/5.0 (Windows NT 6.0; rv:34.0) Gecko/20100101 Firefox/34.0"
54.210.20.202 - - [30/Apr/2017:07:52:39 +0000] "POST /wp-cron.php?doing_wp_cron=1493538759.1825060844421386718750 HTTP/1.1" 200 - "http://sundog-soft.com/wp-cron.php?doing_wp_cron=1493538759.1825060844421386718750" "WordPress/4.7.4; http://sundog-soft.com"
95.81.240.170 - - [30/Apr/2017:07:52:38 +0000] "POST /wp-login.php HTTP/1.1" 200 6182 "http://sundog-soft.com/wp-login.php" "Mozilla/5.0 (Windows NT 6.0; rv:34.0) Gecko/20100101 Firefox/34.0"
54.210.20.202 - - [30/Apr/2017:07:52:41 +0000] "POST /wp-cron.php?doing_wp_cron=1493538761.3929779529571533203125 HTTP/1.1" 200 - "http://sundog-soft.com/wp-cron.php?doing_wp_cron=1493538761.3929779529571533203125" "WordPress/4.7.4; http://sundog-soft.com"
8.29.198.27 - - [30/Apr/2017:07:52:40 +0000] "GET /feed/ HTTP/1.1" 304 - "-" "Feedly/1.0 (+http://www.feedly.com/fetcher.html; like FeedFetcher-Google)"
54.210.20.202 - - [30/Apr/2017:07:54:09 +0000] "POST /wp-cron.php?doing_wp_cron=1493538849.2811350822448730468750 HTTP/1.1" 200 - "http://sundog-soft.com/wp-cron.php?doing_wp_cron=1493538849.2811350822448730468750" "WordPress/4.7.4; http://sundog-soft.com"
77.232.53.14 - - [30/Apr/2017:07:54:08 +0000] "GET /wp-login.php HTTP/1.1" 200 5226 "-" "Mozilla/5.0 (Windows NT 6.0; rv:34.0) Gecko/20100101 Firefox/34.0"
54.210.20.202 - - [30/Apr/2017:07:54:10 +0000] "POST /wp-cron.php?doing_wp_cron=1493538850.7836010456085205078125 HTTP/1.1" 200 - "http://sundog-soft.com/wp-cron.php?doing_wp_cron=1493538850.7836010456085205078125" "WordPress/4.7.4; http://sundog-soft.com"
77.232.53.14 - - [30/Apr/2017:07:54:10 +0000] "POST /wp-login.php HTTP/1.1" 200 6182 "http://sundog-soft.com/wp-login.php" "Mozilla/5.0 (Windows NT 6.0; rv:34.0) Gecko/20100101 Firefox/34.0"
54.210.20.202 - - [30/Apr/2017:07:54:21 +0000] "POST /wp-cron.php?doing_wp_cron=1493538861.2008941173553466796875 HTTP/1.1" 200 - "http://sundog-soft.com/wp-cron.php?doing_wp_cron=1493538861.2008941173553466796875" "WordPress/4.7.4; http://sundog-soft.com"
8.29.198.25 - - [30/Apr/2017:07:54:20 +0000] "GET /feed/ HTTP/1.1" 304 - "-" "Feedly/1.0 (+http://www.feedly.com/fetcher.html; like FeedFetcher-Google)"
54.210.20.202 - - [30/Apr/2017:07:54:48 +0000] "POST /wp-cron.php?doing_wp_cron=1493538888.2058720588684082031250 HTTP/1.1" 200 - "http://sundog-soft.com/wp-cron.php?doing_wp_cron=1493538888.2058720588684082031250" "WordPress/4.7.4; http://sundog-soft.com"
93.86.183.87 - - [30/Apr/2017:07:54:47 +0000] "GET /wp-login.php HTTP/1.1" 200 5226 "-" "Mozilla/5.0 (Windows NT 6.0; rv:34.0) Gecko/20100101 Firefox/34.0"
54.210.20.202 - - [30/Apr/2017:07:54:49 +0000] "POST /wp-cron.php?doing_wp_cron=1493538889.7161231040954589843750 HTTP/1.1" 200 - "http://sundog-soft.com/wp-cron.php?doing_wp_cron=1493538889.7161231040954589843750" "WordPress/4.7.4; http://sundog-soft.com"
93.86.183.87 - - [30/Apr/2017:07:54:49 +0000] "POST /wp-login.php HTTP/1.1" 200 6182 "http://sundog-soft.com/wp-login.php" "Mozilla/5.0 (Windows NT 6.0; rv:34.0) Gecko/20100101 Firefox/34.0"
54.210.20.202 - - [30/Apr/2017:07:55:41 +0000] "POST /wp-cron.php?doing_wp_cron=1493538941.8620879650115966796875 HTTP/1.1" 200 - "http://sundog-soft.com/wp-cron.php?doing_wp_cron=1493538941.8620879650115966796875" "WordPress/4.7.4; http://sundog-soft.com"
199.21.99.207 - - [30/Apr/2017:07:55:41 +0000] "GET /2014/07/hi-res-clouds-look-even-better-silverlining-3-009/ HTTP/1.1" 200 14727 "-" "Mozilla/5.0 (compatible; YandexBot/3.0; +http://yandex.com/bots)"
54.210.20.202 - - [30/Apr/2017:07:56:41 +0000] "POST /wp-cron.php?doing_wp_cron=1493539001.0732779502868652343750 HTTP/1.1" 200 - "http://sundog-soft.com/wp-cron.php?doing_wp_cron=1493539001.0732779502868652343750" "WordPress/4.7.4; http://sundog-soft.com"
180.76.15.139 - - [30/Apr/2017:07:56:40 +0000] "GET /2011/10/silverlining-for-havok-vision-engine-8-2-1/ HTTP/1.1" 301 - "-" "Mozilla/5.0 (compatible; Baiduspider/2.0; +http://www.baidu.com/search/spider.html)"
180.76.15.19 - - [30/Apr/2017:07:56:42 +0000] "GET /2011/10/silverlining-for-havok-vision-engine-8-2-1/ HTTP/1.1" 200 14332 "-" "Mozilla/5.0 (compatible; Baiduspider/2.0; +http://www.baidu.com/search/spider.html)"
54.210.20.202 - - [30/Apr/2017:07:56:43 +0000] "POST /wp-cron.php?doing_wp_cron=1493539003.9554700851440429687500 HTTP/1.1" 200 - "http://sundog-soft.com/wp-cron.php?doing_wp_cron=1493539003.9554700851440429687500" "WordPress/4.7.4; http://sundog-soft.com"
77.37.207.127 - - [30/Apr/2017:07:56:43 +0000] "GET /wp-login.php HTTP/1.1" 200 5226 "-" "Mozilla/5.0 (Windows NT 6.0; rv:34.0) Gecko/20100101 Firefox/34.0"
54.210.20.202 - - [30/Apr/2017:07:56:45 +0000] "POST /wp-cron.php?doing_wp_cron=1493539005.4675180912017822265625 HTTP/1.1" 200 - "http://sundog-soft.com/wp-cron.php?doing_wp_cron=1493539005.4675180912017822265625" "WordPress/4.7.4; http://sundog-soft.com"
77.37.207.127 - - [30/Apr/2017:07:56:44 +0000] "POST /wp-login.php HTTP/1.1" 200 6182 "http://sundog-soft.com/wp-login.php" "Mozilla/5.0 (Windows NT 6.0; rv:34.0) Gecko/20100101 Firefox/34.0"
199.21.99.207 - - [30/Apr/2017:07:56:53 +0000] "GET /docs/releasenotes.txt HTTP/1.1" 200 31902 "-" "Mozilla/5.0 (compatible; YandexBot/3.0; +http://yandex.com/bots)"
54.210.20.202 - - [30/Apr/2017:07:57:21 +0000] "POST /wp-cron.php?doing_wp_cron=1493539041.0130889415740966796875 HTTP/1.1" 200 - "http://sundog-soft.com/wp-cron.php?doing_wp_cron=1493539041.0130889415740966796875" "WordPress/4.7.4; http://sundog-soft.com"
89.109.42.59 - - [30/Apr/2017:07:57:20 +0000] "GET /wp-login.php HTTP/1.1" 200 5226 "-" "Mozilla/5.0 (Windows NT 6.0; rv:34.0) Gecko/20100101 Firefox/34.0"
54.210.20.202 - - [30/Apr/2017:07:57:22 +0000] "POST /wp-cron.php?doing_wp_cron=1493539042.5503571033477783203125 HTTP/1.1" 200 - "http://sundog-soft.com/wp-cron.php?doing_wp_cron=1493539042.5503571033477783203125" "WordPress/4.7.4; http://sundog-soft.com"
89.109.42.59 - - [30/Apr/2017:07:57:21 +0000] "POST /wp-login.php HTTP/1.1" 200 6182 "http://sundog-soft.com/wp-login.php" "Mozilla/5.0 (Windows NT 6.0; rv:34.0) Gecko/20100101 Firefox/34.0"
54.210.20.202 - - [30/Apr/2017:07:57:25 +0000] "POST /wp-cron.php?doing_wp_cron=1493539045.8745648860931396484375 HTTP/1.1" 200 - "http://sundog-soft.com/wp-cron.php?doing_wp_cron=1493539045.8745648860931396484375" "WordPress/4.7.4; http://sundog-soft.com"
188.75.5.178 - - [30/Apr/2017:07:57:25 +0000] "GET /wp-login.php HTTP/1.1" 200 5226 "-" "Mozilla/5.0 (Windows NT 6.0; rv:34.0) Gecko/20100101 Firefox/34.0"
54.210.20.202 - - [30/Apr/2017:07:57:27 +0000] "POST /wp-cron.php?doing_wp_cron=1493539047.3809609413146972656250 HTTP/1.1" 200 - "http://sundog-soft.com/wp-cron.php?doing_wp_cron=1493539047.3809609413146972656250" "WordPress/4.7.4; http://sundog-soft.com"
188.75.5.178 - - [30/Apr/2017:07:57:26 +0000] "POST /wp-login.php HTTP/1.1" 200 6182 "http://sundog-soft.com/wp-login.php" "Mozilla/5.0 (Windows NT 6.0; rv:34.0) Gecko/20100101 Firefox/34.0"
216.244.66.246 - - [30/Apr/2017:07:58:30 +0000] "GET /robots.txt HTTP/1.1" 200 67 "-" "Mozilla/5.0 (compatible; DotBot/1.1; http://www.opensiteexplorer.org/dotbot, help@moz.com)"
54.210.20.202 - - [30/Apr/2017:07:58:31 +0000] "POST /wp-cron.php?doing_wp_cron=1493539111.4798460006713867187500 HTTP/1.1" 200 - "http://sundog-soft.com/wp-cron.php?doing_wp_cron=1493539111.4798460006713867187500" "WordPress/4.7.4; http://sundog-soft.com"
216.244.66.246 - - [30/Apr/2017:07:58:30 +0000] "GET /robots.txt HTTP/1.1" 200 67 "-" "Mozilla/5.0 (compatible; DotBot/1.1; http://www.opensiteexplorer.org/dotbot, help@moz.com)"
220.181.108.104 - - [30/Apr/2017:07:58:51 +0000] "GET /2015/04/announcing-silverlining-4/ HTTP/1.1" 200 15633 "-" "Mozilla/5.0 (compatible; Baiduspider/2.0; +http://www.baidu.com/search/spider.html)"
54.210.20.202 - - [30/Apr/2017:08:00:32 +0000] "POST /wp-cron.php?doing_wp_cron=1493539232.9157450199127197265625 HTTP/1.1" 200 - "http://sundog-soft.com/wp-cron.php?doing_wp_cron=1493539232.9157450199127197265625" "WordPress/4.7.4; http://sundog-soft.com"
46.151.150.226 - - [30/Apr/2017:08:00:32 +0000] "GET /wp-login.php HTTP/1.1" 200 5226 "-" "Mozilla/5.0 (Windows NT 6.0; rv:34.0) Gecko/20100101 Firefox/34.0"
54.210.20.202 - - [30/Apr/2017:08:00:34 +0000] "POST /wp-cron.php?doing_wp_cron=1493539234.4695250988006591796875 HTTP/1.1" 200 - "http://sundog-soft.com/wp-cron.php?doing_wp_cron=1493539234.4695250988006591796875" "WordPress/4.7.4; http://sundog-soft.com"
46.151.150.226 - - [30/Apr/2017:08:00:33 +0000] "POST /wp-login.php HTTP/1.1" 200 6182 "http://sundog-soft.com/wp-login.php" "Mozilla/5.0 (Windows NT 6.0; rv:34.0) Gecko/20100101 Firefox/34.0"
180.76.15.152 - - [30/Apr/2017:08:01:51 +0000] "GET /sds/press/ HTTP/1.1" 301 237 "-" "Mozilla/5.0 (compatible; Baiduspider/2.0; +http://www.baidu.com/search/spider.html)"
180.76.15.155 - - [30/Apr/2017:08:01:51 +0000] "GET /press/ HTTP/1.1" 200 16617 "-" "Mozilla/5.0 (compatible; Baiduspider/2.0; +http://www.baidu.com/search/spider.html)"
54.210.20.202 - - [30/Apr/2017:08:01:53 +0000] "GET /sitemap_index.xml HTTP/1.1" 200 389 "http://sundog-soft.com/sitemap_index.xml" "W3 Total Cache"
104.193.88.244 - - [30/Apr/2017:08:01:54 +0000] "GET / HTTP/1.1" 301 - "-" "Mozilla/5.0 (Windows NT 10.0; WOW64) AppleWebKit/537.36 (KHTML, like Gecko) Chrome/45.0.2454.93 Safari/537.36"
54.210.20.202 - - [30/Apr/2017:08:01:54 +0000] "GET /post-sitemap.xml HTTP/1.1" 200 13654 "http://sundog-soft.com/post-sitemap.xml" "W3 Total Cache"
54.210.20.202 - - [30/Apr/2017:08:01:55 +0000] "GET /page-sitemap.xml HTTP/1.1" 200 2198 "http://sundog-soft.com/page-sitemap.xml" "W3 Total Cache"
104.193.88.244 - - [30/Apr/2017:08:01:56 +0000] "GET / HTTP/1.1" 200 110612 "-" "Mozilla/5.0 (Windows NT 10.0; WOW64) AppleWebKit/537.36 (KHTML, like Gecko) Chrome/45.0.2454.93 Safari/537.36"
54.210.20.202 - - [30/Apr/2017:08:01:56 +0000] "GET /product-sitemap.xml HTTP/1.1" 200 555 "http://sundog-soft.com/product-sitemap.xml" "W3 Total Cache"
54.210.20.202 - - [30/Apr/2017:08:01:56 +0000] "GET /creativo_portfolio-sitemap.xml HTTP/1.1" 200 658 "http://sundog-soft.com/creativo_portfolio-sitemap.xml" "W3 Total Cache"
