180.76.15.27 - - [30/Apr/2017:05:38:42 +0000] "GET / HTTP/1.1" 301 - "-" "Mozilla/5.0 (compatible; Baiduspider/2.0; +http://www.baidu.com/search/spider.html)"
104.154.198.228 - - [30/Apr/2017:05:39:35 +0000] "GET /feed/ HTTP/1.1" 200 31812 "-" "Java/1.8.0_121"
54.210.20.202 - - [30/Apr/2017:05:39:37 +0000] "GET /sitemap_index.xml HTTP/1.1" 200 389 "http://sundog-soft.com/sitemap_index.xml" "W3 Total Cache"
54.210.20.202 - - [30/Apr/2017:05:39:37 +0000] "GET /post-sitemap.xml HTTP/1.1" 200 13654 "http://sundog-soft.com/post-sitemap.xml" "W3 Total Cache"
180.76.15.141 - - [30/Apr/2017:05:39:38 +0000] "GET / HTTP/1.1" 301 - "-" "Mozilla/5.0 (compatible; Baiduspider/2.0; +http://www.baidu.com/search/spider.html)"
54.210.20.202 - - [30/Apr/2017:05:39:39 +0000] "GET /page-sitemap.xml HTTP/1.1" 200 2198 "http://sundog-soft.com/page-sitemap.xml" "W3 Total Cache"
54.210.20.202 - - [30/Apr/2017:05:39:40 +0000] "GET /product-sitemap.xml HTTP/1.1" 200 555 "http://sundog-soft.com/product-sitemap.xml" "W3 Total Cache"
54.210.20.202 - - [30/Apr/2017:05:39:40 +0000] "GET /creativo_portfolio-sitemap.xml HTTP/1.1" 200 658 "http://sundog-soft.com/creativo_portfolio-sitemap.xml" "W3 Total Cache"
54.210.20.202 - - [30/Apr/2017:05:39:41 +0000] "GET /clients-sitemap.xml HTTP/1.1" 200 3298 "http://sundog-soft.com/clients-sitemap.xml" "W3 Total Cache"
54.210.20.202 - - [30/Apr/2017:05:39:42 +0000] "GET /category-sitemap.xml HTTP/1.1" 200 411 "http://sundog-soft.com/category-sitemap.xml" "W3 Total Cache"
54.210.20.202 - - [30/Apr/2017:05:39:42 +0000] "GET /portfolio_category-sitemap.xml HTTP/1.1" 200 337 "http://sundog-soft.com/portfolio_category-sitemap.xml" "W3 Total Cache"
54.210.20.202 - - [30/Apr/2017:05:39:43 +0000] "GET /author-sitemap.xml HTTP/1.1" 200 347 "http://sundog-soft.com/author-sitemap.xml" "W3 Total Cache"
54.210.20.202 - - [30/Apr/2017:05:39:44 +0000] "GET /clients/gigasoft/ HTTP/1.1" 200 13307 "http://sundog-soft.com/clients/gigasoft/" "WordPress"
54.210.20.202 - - [30/Apr/2017:05:39:45 +0000] "GET /clients/force-technology/ HTTP/1.1" 200 13331 "http://sundog-soft.com/clients/force-technology/" "WordPress"
54.210.20.202 - - [30/Apr/2017:05:39:45 +0000] "GET /clients/faa/ HTTP/1.1" 200 13298 "http://sundog-soft.com/clients/faa/" "WordPress"
54.210.20.202 - - [30/Apr/2017:05:39:46 +0000] "GET /clients/e-sigma/ HTTP/1.1" 200 13312 "http://sundog-soft.com/clients/e-sigma/" "WordPress"
54.210.20.202 - - [30/Apr/2017:05:39:47 +0000] "GET /clients/eurocopter/ HTTP/1.1" 200 13309 "http://sundog-soft.com/clients/eurocopter/" "WordPress"
54.210.20.202 - - [30/Apr/2017:05:39:48 +0000] "GET /clients/ev-image/ HTTP/1.1" 200 13315 "http://sundog-soft.com/clients/ev-image/" "WordPress"
54.210.20.202 - - [30/Apr/2017:05:39:49 +0000] "GET /clients/eyasoft/ HTTP/1.1" 200 13298 "http://sundog-soft.com/clients/eyasoft/" "WordPress"
54.210.20.202 - - [30/Apr/2017:05:39:50 +0000] "GET /clients/china-graphics/ HTTP/1.1" 200 13332 "http://sundog-soft.com/clients/china-graphics/" "WordPress"
54.210.20.202 - - [30/Apr/2017:05:39:51 +0000] "GET /clients/chapman-university/ HTTP/1.1" 200 13336 "http://sundog-soft.com/clients/chapman-university/" "WordPress"
54.210.20.202 - - [30/Apr/2017:05:39:52 +0000] "GET /clients/3000ad/ HTTP/1.1" 200 13303 "http://sundog-soft.com/clients/3000ad/" "WordPress"
54.210.20.202 - - [30/Apr/2017:05:39:36 +0000] "POST /wp-cron.php?doing_wp_cron=1493530776.4205250740051269531250 HTTP/1.1" 200 - "http://sundog-soft.com/wp-cron.php?doing_wp_cron=1493530776.4205250740051269531250" "WordPress/4.7.4; http://sundog-soft.com"
54.210.20.202 - - [30/Apr/2017:05:40:08 +0000] "POST /wp-cron.php?doing_wp_cron=1493530808.3955810070037841796875 HTTP/1.1" 200 - "http://sundog-soft.com/wp-cron.php?doing_wp_cron=1493530808.3955810070037841796875" "WordPress/4.7.4; http://sundog-soft.com"
82.166.195.67 - - [30/Apr/2017:05:40:07 +0000] "GET /robots.txt HTTP/1.0" 200 67 "-" "omgili/0.5 +http://omgili.com"
82.166.195.67 - - [30/Apr/2017:05:40:09 +0000] "GET /sds/feed/atom HTTP/1.1" 301 240 "-" "UniversalFeedParser/5.1.3 +https://code.google.com/p/feedparser/"
54.210.20.202 - - [30/Apr/2017:05:40:10 +0000] "POST /wp-cron.php?doing_wp_cron=1493530810.4640579223632812500000 HTTP/1.1" 200 - "http://sundog-soft.com/wp-cron.php?doing_wp_cron=1493530810.4640579223632812500000" "WordPress/4.7.4; http://sundog-soft.com"
82.166.195.67 - - [30/Apr/2017:05:40:09 +0000] "GET /feed/atom HTTP/1.1" 301 - "-" "UniversalFeedParser/5.1.3 +https://code.google.com/p/feedparser/"
54.210.20.202 - - [30/Apr/2017:05:40:12 +0000] "POST /wp-cron.php?doing_wp_cron=1493530812.7636630535125732421875 HTTP/1.1" 200 - "http://sundog-soft.com/wp-cron.php?doing_wp_cron=1493530812.7636630535125732421875" "WordPress/4.7.4; http://sundog-soft.com"
82.166.195.67 - - [30/Apr/2017:05:40:12 +0000] "GET /feed/atom/ HTTP/1.1" 200 33677 "-" "UniversalFeedParser/5.1.3 +https://code.google.com/p/feedparser/"
54.210.20.202 - - [30/Apr/2017:05:40:17 +0000] "POST /wp-cron.php?doing_wp_cron=1493530817.6004860401153564453125 HTTP/1.1" 200 - "http://sundog-soft.com/wp-cron.php?doing_wp_cron=1493530817.6004860401153564453125" "WordPress/4.7.4; http://sundog-soft.com"
192.187.97.42 - - [30/Apr/2017:05:40:17 +0000] "GET / HTTP/1.1" 301 - "-" "Mozilla/5.0 (Windows NT 5.1) BrokenLinkCheck.com/1.1"
192.187.97.42 - - [30/Apr/2017:05:40:18 +0000] "GET / HTTP/1.1" 200 20503 "-" "Mozilla/5.0 (Windows NT 5.1) BrokenLinkCheck.com/1.1"
199.21.99.207 - - [30/Apr/2017:05:42:13 +0000] "GET /docs/triton/_impact_8h.html HTTP/1.1" 200 2192 "-" "Mozilla/5.0 (compatible; YandexBot/3.0; +http://yandex.com/bots)"
54.210.20.202 - - [30/Apr/2017:05:42:24 +0000] "POST /wp-cron.php?doing_wp_cron=1493530944.7026979923248291015625 HTTP/1.1" 200 - "http://sundog-soft.com/wp-cron.php?doing_wp_cron=1493530944.7026979923248291015625" "WordPress/4.7.4; http://sundog-soft.com"
188.234.246.104 - - [30/Apr/2017:05:42:24 +0000] "GET /wp-login.php HTTP/1.1" 200 5226 "-" "Mozilla/5.0 (Windows NT 6.0; rv:34.0) Gecko/20100101 Firefox/34.0"
54.210.20.202 - - [30/Apr/2017:05:42:26 +0000] "POST /wp-cron.php?doing_wp_cron=1493530946.2340879440307617187500 HTTP/1.1" 200 - "http://sundog-soft.com/wp-cron.php?doing_wp_cron=1493530946.2340879440307617187500" "WordPress/4.7.4; http://sundog-soft.com"
188.234.246.104 - - [30/Apr/2017:05:42:25 +0000] "POST /wp-login.php HTTP/1.1" 200 6182 "http://sundog-soft.com/wp-login.php" "Mozilla/5.0 (Windows NT 6.0; rv:34.0) Gecko/20100101 Firefox/34.0"
190.106.223.126 - - [30/Apr/2017:05:43:30 +0000] "GET /features/ocean-and-water-rendering-with-triton/unity-water-effects-with-triton-for-unity-pro/ HTTP/1.1" 200 16358 "https://www.google.com/" "Mozilla/5.0 (Windows NT 10.0; WOW64; rv:53.0) Gecko/20100101 Firefox/53.0"
190.106.223.126 - - [30/Apr/2017:05:43:30 +0000] "GET /wp-content/plugins/LayerSlider/static/layerslider/css/layerslider.css?ver=6.3.0 HTTP/1.1" 200 3792 "http://sundog-soft.com/features/ocean-and-water-rendering-with-triton/unity-water-effects-with-triton-for-unity-pro/" "Mozilla/5.0 (Windows NT 10.0; WOW64; rv:53.0) Gecko/20100101 Firefox/53.0"
190.106.223.126 - - [30/Apr/2017:05:43:30 +0000] "GET /wp-content/plugins/revslider/public/assets/css/settings.css?ver=5.4.1 HTTP/1.1" 200 7067 "http://sundog-soft.com/features/ocean-and-water-rendering-with-triton/unity-water-effects-with-triton-for-unity-pro/" "Mozilla/5.0 (Windows NT 10.0; WOW64; rv:53.0) Gecko/20100101 Firefox/53.0"
190.106.223.126 - - [30/Apr/2017:05:43:30 +0000] "GET /wp-content/plugins/contact-form-7/includes/css/styles.css?ver=4.7 HTTP/1.1" 200 634 "http://sundog-soft.com/features/ocean-and-water-rendering-with-triton/unity-water-effects-with-triton-for-unity-pro/" "Mozilla/5.0 (Windows NT 10.0; WOW64; rv:53.0) Gecko/20100101 Firefox/53.0"
190.106.223.126 - - [30/Apr/2017:05:43:30 +0000] "GET /wp-content/plugins/mailchimp-for-wp/assets/css/form-basic.min.css?ver=4.1.1 HTTP/1.1" 200 697 "http://sundog-soft.com/features/ocean-and-water-rendering-with-triton/unity-water-effects-with-triton-for-unity-pro/" "Mozilla/5.0 (Windows NT 10.0; WOW64; rv:53.0) Gecko/20100101 Firefox/53.0"
190.106.223.126 - - [30/Apr/2017:05:43:30 +0000] "GET /wp-content/plugins/tablepress/css/default.min.css?ver=1.8 HTTP/1.1" 200 2739 "http://sundog-soft.com/features/ocean-and-water-rendering-with-triton/unity-water-effects-with-triton-for-unity-pro/" "Mozilla/5.0 (Windows NT 10.0; WOW64; rv:53.0) Gecko/20100101 Firefox/53.0"
190.106.223.126 - - [30/Apr/2017:05:43:30 +0000] "GET /wp-content/plugins/mailchimp-widget/js/mailchimp-widget-min.js?ver=4.7.4 HTTP/1.1" 200 587 "http://sundog-soft.com/features/ocean-and-water-rendering-with-triton/unity-water-effects-with-triton-for-unity-pro/" "Mozilla/5.0 (Windows NT 10.0; WOW64; rv:53.0) Gecko/20100101 Firefox/53.0"
190.106.223.126 - - [30/Apr/2017:05:43:30 +0000] "GET /wp-content/plugins/LayerSlider/static/layerslider/js/layerslider.transitions.js?ver=6.3.0 HTTP/1.1" 200 3396 "http://sundog-soft.com/features/ocean-and-water-rendering-with-triton/unity-water-effects-with-triton-for-unity-pro/" "Mozilla/5.0 (Windows NT 10.0; WOW64; rv:53.0) Gecko/20100101 Firefox/53.0"
190.106.223.126 - - [30/Apr/2017:05:43:30 +0000] "GET /wp-content/plugins/revslider/public/assets/js/jquery.themepunch.tools.min.js?ver=5.4.1 HTTP/1.1" 200 37359 "http://sundog-soft.com/features/ocean-and-water-rendering-with-triton/unity-water-effects-with-triton-for-unity-pro/" "Mozilla/5.0 (Windows NT 10.0; WOW64; rv:53.0) Gecko/20100101 Firefox/53.0"
190.106.223.126 - - [30/Apr/2017:05:43:30 +0000] "GET /wp-content/plugins/LayerSlider/static/layerslider/js/layerslider.kreaturamedia.jquery.js?ver=6.3.0 HTTP/1.1" 200 42430 "http://sundog-soft.com/features/ocean-and-water-rendering-with-triton/unity-water-effects-with-triton-for-unity-pro/" "Mozilla/5.0 (Windows NT 10.0; WOW64; rv:53.0) Gecko/20100101 Firefox/53.0"
190.106.223.126 - - [30/Apr/2017:05:43:30 +0000] "GET /wp-content/plugins/LayerSlider/static/layerslider/js/greensock.js?ver=1.19.0 HTTP/1.1" 200 39570 "http://sundog-soft.com/features/ocean-and-water-rendering-with-triton/unity-water-effects-with-triton-for-unity-pro/" "Mozilla/5.0 (Windows NT 10.0; WOW64; rv:53.0) Gecko/20100101 Firefox/53.0"
190.106.223.126 - - [30/Apr/2017:05:43:30 +0000] "GET /wp-content/plugins/woocommerce/assets/js/frontend/add-to-cart.min.js?ver=3.0.4 HTTP/1.1" 200 803 "http://sundog-soft.com/features/ocean-and-water-rendering-with-triton/unity-water-effects-with-triton-for-unity-pro/" "Mozilla/5.0 (Windows NT 10.0; WOW64; rv:53.0) Gecko/20100101 Firefox/53.0"
190.106.223.126 - - [30/Apr/2017:05:43:30 +0000] "GET /wp-content/plugins/revslider/public/assets/js/jquery.themepunch.revolution.min.js?ver=5.4.1 HTTP/1.1" 200 17555 "http://sundog-soft.com/features/ocean-and-water-rendering-with-triton/unity-water-effects-with-triton-for-unity-pro/" "Mozilla/5.0 (Windows NT 10.0; WOW64; rv:53.0) Gecko/20100101 Firefox/53.0"
190.106.223.126 - - [30/Apr/2017:05:43:31 +0000] "GET /wp-content/plugins/js_composer/assets/js/vendors/woocommerce-add-to-cart.js?ver=5.1.2 HTTP/1.1" 200 351 "http://sundog-soft.com/features/ocean-and-water-rendering-with-triton/unity-water-effects-with-triton-for-unity-pro/" "Mozilla/5.0 (Windows NT 10.0; WOW64; rv:53.0) Gecko/20100101 Firefox/53.0"
190.106.223.126 - - [30/Apr/2017:05:43:31 +0000] "GET /wp-content/plugins/contact-form-7/includes/js/jquery.form.min.js?ver=3.51.0-2014.06.20 HTTP/1.1" 200 5860 "http://sundog-soft.com/features/ocean-and-water-rendering-with-triton/unity-water-effects-with-triton-for-unity-pro/" "Mozilla/5.0 (Windows NT 10.0; WOW64; rv:53.0) Gecko/20100101 Firefox/53.0"
190.106.223.126 - - [30/Apr/2017:05:43:31 +0000] "GET /wp-content/plugins/woocommerce/assets/js/jquery-blockui/jquery.blockUI.min.js?ver=2.70 HTTP/1.1" 200 3547 "http://sundog-soft.com/features/ocean-and-water-rendering-with-triton/unity-water-effects-with-triton-for-unity-pro/" "Mozilla/5.0 (Windows NT 10.0; WOW64; rv:53.0) Gecko/20100101 Firefox/53.0"
190.106.223.126 - - [30/Apr/2017:05:43:31 +0000] "GET /wp-content/plugins/js_composer/assets/lib/bower/font-awesome/css/font-awesome.min.css?ver=5.1.2 HTTP/1.1" 200 6684 "http://sundog-soft.com/features/ocean-and-water-rendering-with-triton/unity-water-effects-with-triton-for-unity-pro/" "Mozilla/5.0 (Windows NT 10.0; WOW64; rv:53.0) Gecko/20100101 Firefox/53.0"
190.106.223.126 - - [30/Apr/2017:05:43:31 +0000] "GET /wp-content/plugins/contact-form-7/includes/js/scripts.js?ver=4.7 HTTP/1.1" 200 3667 "http://sundog-soft.com/features/ocean-and-water-rendering-with-triton/unity-water-effects-with-triton-for-unity-pro/" "Mozilla/5.0 (Windows NT 10.0; WOW64; rv:53.0) Gecko/20100101 Firefox/53.0"
190.106.223.126 - - [30/Apr/2017:05:43:31 +0000] "GET /wp-content/plugins/woocommerce/assets/js/js-cookie/js.cookie.min.js?ver=2.1.4 HTTP/1.1" 200 987 "http://sundog-soft.com/features/ocean-and-water-rendering-with-triton/unity-water-effects-with-triton-for-unity-pro/" "Mozilla/5.0 (Windows NT 10.0; WOW64; rv:53.0) Gecko/20100101 Firefox/53.0"
190.106.223.126 - - [30/Apr/2017:05:43:31 +0000] "GET /wp-content/plugins/woocommerce/assets/js/frontend/cart-fragments.min.js?ver=3.0.4 HTTP/1.1" 200 925 "http://sundog-soft.com/features/ocean-and-water-rendering-with-triton/unity-water-effects-with-triton-for-unity-pro/" "Mozilla/5.0 (Windows NT 10.0; WOW64; rv:53.0) Gecko/20100101 Firefox/53.0"
190.106.223.126 - - [30/Apr/2017:05:43:31 +0000] "GET /wp-content/plugins/woocommerce/assets/js/frontend/woocommerce.min.js?ver=3.0.4 HTTP/1.1" 200 291 "http://sundog-soft.com/features/ocean-and-water-rendering-with-triton/unity-water-effects-with-triton-for-unity-pro/" "Mozilla/5.0 (Windows NT 10.0; WOW64; rv:53.0) Gecko/20100101 Firefox/53.0"
190.106.223.126 - - [30/Apr/2017:05:43:31 +0000] "GET /wp-includes/js/wp-emoji-release.min.js?ver=4.7.4 HTTP/1.1" 200 4230 "http://sundog-soft.com/features/ocean-and-water-rendering-with-triton/unity-water-effects-with-triton-for-unity-pro/" "Mozilla/5.0 (Windows NT 10.0; WOW64; rv:53.0) Gecko/20100101 Firefox/53.0"
190.106.223.126 - - [30/Apr/2017:05:43:32 +0000] "GET /wp-content/plugins/js_composer/assets/lib/bower/font-awesome/fonts/fontawesome-webfont.woff2?v=4.6.3 HTTP/1.1" 200 71896 "http://sundog-soft.com/wp-content/plugins/js_composer/assets/lib/bower/font-awesome/css/font-awesome.min.css?ver=5.1.2" "Mozilla/5.0 (Windows NT 10.0; WOW64; rv:53.0) Gecko/20100101 Firefox/53.0"
54.210.20.202 - - [30/Apr/2017:05:43:33 +0000] "POST /wp-cron.php?doing_wp_cron=1493531013.1072940826416015625000 HTTP/1.1" 200 - "http://sundog-soft.com/wp-cron.php?doing_wp_cron=1493531013.1072940826416015625000" "WordPress/4.7.4; http://sundog-soft.com"
190.106.223.126 - - [30/Apr/2017:05:43:32 +0000] "POST /features/ocean-and-water-rendering-with-triton/unity-water-effects-with-triton-for-unity-pro/?wc-ajax=get_refreshed_fragments HTTP/1.1" 200 255 "http://sundog-soft.com/features/ocean-and-water-rendering-with-triton/unity-water-effects-with-triton-for-unity-pro/" "Mozilla/5.0 (Windows NT 10.0; WOW64; rv:53.0) Gecko/20100101 Firefox/53.0"
::1 - - [30/Apr/2017:05:43:36 +0000] "OPTIONS * HTTP/1.0" 200 - "-" "Apache/2.4.25 (Amazon) OpenSSL/1.0.1k-fips PHP/5.6.30 (internal dummy connection)"
::1 - - [30/Apr/2017:05:43:39 +0000] "OPTIONS * HTTP/1.0" 200 - "-" "Apache/2.4.25 (Amazon) OpenSSL/1.0.1k-fips PHP/5.6.30 (internal dummy connection)"
190.106.223.126 - - [30/Apr/2017:05:43:53 +0000] "GET /favicon.ico HTTP/1.1" 200 - "-" "Mozilla/5.0 (Windows NT 10.0; WOW64; rv:53.0) Gecko/20100101 Firefox/53.0"
190.106.223.126 - - [30/Apr/2017:05:43:53 +0000] "GET /favicon.ico HTTP/1.1" 200 - "-" "Mozilla/5.0 (Windows NT 10.0; WOW64; rv:53.0) Gecko/20100101 Firefox/53.0"
66.249.64.253 - - [30/Apr/2017:05:43:59 +0000] "GET /category/uncategorized/page/7/ HTTP/1.1" 200 14597 "-" "Mozilla/5.0 (Linux; Android 6.0.1; Nexus 5X Build/MMB29P) AppleWebKit/537.36 (KHTML, like Gecko) Chrome/41.0.2272.96 Mobile Safari/537.36 (compatible; Googlebot/2.1; +http://www.google.com/bot.html)"
54.210.20.202 - - [30/Apr/2017:05:44:00 +0000] "POST /wp-cron.php?doing_wp_cron=1493531040.7616040706634521484375 HTTP/1.1" 200 - "http://sundog-soft.com/wp-cron.php?doing_wp_cron=1493531040.7616040706634521484375" "WordPress/4.7.4; http://sundog-soft.com"
66.249.64.194 - - [30/Apr/2017:05:43:59 +0000] "GET /robots.txt HTTP/1.1" 200 67 "-" "Mozilla/5.0 (compatible; Googlebot/2.1; +http://www.google.com/bot.html)"
180.76.15.160 - - [30/Apr/2017:05:44:06 +0000] "GET /sds/2014/10/time-day-illumination-effects-unity-5/ HTTP/1.1" 301 281 "-" "Mozilla/5.0 (compatible; Baiduspider/2.0; +http://www.baidu.com/search/spider.html)"
54.210.20.202 - - [30/Apr/2017:05:44:07 +0000] "POST /wp-cron.php?doing_wp_cron=1493531047.6258060932159423828125 HTTP/1.1" 200 - "http://sundog-soft.com/wp-cron.php?doing_wp_cron=1493531047.6258060932159423828125" "WordPress/4.7.4; http://sundog-soft.com"
180.76.15.159 - - [30/Apr/2017:05:44:07 +0000] "GET /2014/10/time-day-illumination-effects-unity-5/ HTTP/1.1" 301 - "-" "Mozilla/5.0 (compatible; Baiduspider/2.0; +http://www.baidu.com/search/spider.html)"
54.210.20.202 - - [30/Apr/2017:05:44:09 +0000] "POST /wp-cron.php?doing_wp_cron=1493531049.5317380428314208984375 HTTP/1.1" 200 - "http://sundog-soft.com/wp-cron.php?doing_wp_cron=1493531049.5317380428314208984375" "WordPress/4.7.4; http://sundog-soft.com"
180.76.15.16 - - [30/Apr/2017:05:44:08 +0000] "GET /2014/10/time-day-illumination-effects-unity-5/ HTTP/1.1" 200 14757 "-" "Mozilla/5.0 (compatible; Baiduspider/2.0; +http://www.baidu.com/search/spider.html)"
54.210.20.202 - - [30/Apr/2017:05:44:52 +0000] "POST /wp-cron.php?doing_wp_cron=1493531092.5870349407196044921875 HTTP/1.1" 200 - "http://sundog-soft.com/wp-cron.php?doing_wp_cron=1493531092.5870349407196044921875" "WordPress/4.7.4; http://sundog-soft.com"
104.129.192.81 - - [30/Apr/2017:05:44:52 +0000] "HEAD / HTTP/1.1" 301 - "-" "Mozilla/5.0 (Macintosh; Intel Mac OS X 10_10_1) AppleWebKit/537.36 (KHTML, like Gecko) Chrome/49.0.2623.87 Safari/537.36"
217.182.132.182 - - [30/Apr/2017:05:45:07 +0000] "GET /sds/2014/01/check-new-game-demo-video/ HTTP/1.1" 301 265 "-" "Mozilla/5.0 (compatible; AhrefsBot/5.2; +http://ahrefs.com/robot/)"
178.79.143.171 - - [30/Apr/2017:05:47:00 +0000] "GET /sds/feed/ HTTP/1.1" 301 236 "-" "arss/testing; fsfeel@gmail.com"
54.210.20.202 - - [30/Apr/2017:05:47:01 +0000] "POST /wp-cron.php?doing_wp_cron=1493531221.4016590118408203125000 HTTP/1.1" 200 - "http://sundog-soft.com/wp-cron.php?doing_wp_cron=1493531221.4016590118408203125000" "WordPress/4.7.4; http://sundog-soft.com"
178.79.143.171 - - [30/Apr/2017:05:47:00 +0000] "GET /feed/ HTTP/1.1" 200 31812 "-" "arss/testing; fsfeel@gmail.com"
34.195.252.134 - - [30/Apr/2017:05:49:35 +0000] "GET /robots.txt HTTP/1.1" 200 67 "-" "Amazon CloudFront"
54.210.20.202 - - [30/Apr/2017:05:49:36 +0000] "POST /wp-cron.php?doing_wp_cron=1493531376.8828709125518798828125 HTTP/1.1" 200 - "http://sundog-soft.com/wp-cron.php?doing_wp_cron=1493531376.8828709125518798828125" "WordPress/4.7.4; http://sundog-soft.com"
104.154.198.228 - - [30/Apr/2017:05:49:35 +0000] "GET /feed/ HTTP/1.1" 200 31812 "-" "Java/1.8.0_121"
54.210.20.202 - - [30/Apr/2017:05:50:52 +0000] "POST /wp-cron.php?doing_wp_cron=1493531452.8251950740814208984375 HTTP/1.1" 200 - "http://sundog-soft.com/wp-cron.php?doing_wp_cron=1493531452.8251950740814208984375" "WordPress/4.7.4; http://sundog-soft.com"
194.154.73.150 - - [30/Apr/2017:05:50:52 +0000] "GET /wp-login.php HTTP/1.1" 200 5226 "-" "Mozilla/5.0 (Windows NT 6.0; rv:34.0) Gecko/20100101 Firefox/34.0"
54.210.20.202 - - [30/Apr/2017:05:50:54 +0000] "POST /wp-cron.php?doing_wp_cron=1493531454.5419929027557373046875 HTTP/1.1" 200 - "http://sundog-soft.com/wp-cron.php?doing_wp_cron=1493531454.5419929027557373046875" "WordPress/4.7.4; http://sundog-soft.com"
194.154.73.150 - - [30/Apr/2017:05:50:53 +0000] "POST /wp-login.php HTTP/1.1" 200 6182 "http://sundog-soft.com/wp-login.php" "Mozilla/5.0 (Windows NT 6.0; rv:34.0) Gecko/20100101 Firefox/34.0"
54.210.20.202 - - [30/Apr/2017:05:51:28 +0000] "POST /wp-cron.php?doing_wp_cron=1493531488.0561580657958984375000 HTTP/1.1" 200 - "http://sundog-soft.com/wp-cron.php?doing_wp_cron=1493531488.0561580657958984375000" "WordPress/4.7.4; http://sundog-soft.com"
79.98.138.9 - - [30/Apr/2017:05:51:27 +0000] "GET /wp-login.php HTTP/1.1" 200 5226 "-" "Mozilla/5.0 (Windows NT 6.0; rv:34.0) Gecko/20100101 Firefox/34.0"
54.210.20.202 - - [30/Apr/2017:05:51:29 +0000] "POST /wp-cron.php?doing_wp_cron=1493531489.5658171176910400390625 HTTP/1.1" 200 - "http://sundog-soft.com/wp-cron.php?doing_wp_cron=1493531489.5658171176910400390625" "WordPress/4.7.4; http://sundog-soft.com"
79.98.138.9 - - [30/Apr/2017:05:51:28 +0000] "POST /wp-login.php HTTP/1.1" 200 6182 "http://sundog-soft.com/wp-login.php" "Mozilla/5.0 (Windows NT 6.0; rv:34.0) Gecko/20100101 Firefox/34.0"
54.210.20.202 - - [30/Apr/2017:05:51:40 +0000] "POST /wp-cron.php?doing_wp_cron=1493531500.3134989738464355468750 HTTP/1.1" 200 - "http://sundog-soft.com/wp-cron.php?doing_wp_cron=1493531500.3134989738464355468750" "WordPress/4.7.4; http://sundog-soft.com"
23.23.222.66 - - [30/Apr/2017:05:51:39 +0000] "HEAD / HTTP/1.1" 301 - "-" "SiteUptime.com"
23.23.222.66 - - [30/Apr/2017:05:51:41 +0000] "HEAD / HTTP/1.1" 200 - "-" "SiteUptime.com"
54.210.20.202 - - [30/Apr/2017:05:52:02 +0000] "POST /wp-cron.php?doing_wp_cron=1493531522.7048470973968505859375 HTTP/1.1" 200 - "http://sundog-soft.com/wp-cron.php?doing_wp_cron=1493531522.7048470973968505859375" "WordPress/4.7.4; http://sundog-soft.com"
8.29.198.26 - - [30/Apr/2017:05:52:02 +0000] "GET /feed/ HTTP/1.1" 304 - "-" "Feedly/1.0 (+http://www.feedly.com/fetcher.html; like FeedFetcher-Google)"
176.31.231.10 - - [30/Apr/2017:05:52:05 +0000] "GET /wp-content/uploads/2015/06/torque3d-triton1.png HTTP/1.1" 200 300627 "-" "Mozilla/5.0 (compatible; AhrefsBot/5.2; +http://ahrefs.com/robot/)"
54.210.20.202 - - [30/Apr/2017:05:53:40 +0000] "POST /wp-cron.php?doing_wp_cron=1493531620.2045369148254394531250 HTTP/1.1" 200 - "http://sundog-soft.com/wp-cron.php?doing_wp_cron=1493531620.2045369148254394531250" "WordPress/4.7.4; http://sundog-soft.com"
8.29.198.25 - - [30/Apr/2017:05:53:39 +0000] "GET /feed/ HTTP/1.1" 304 - "-" "Feedly/1.0 (+http://www.feedly.com/fetcher.html; like FeedFetcher-Google)"
37.187.78.81 - - [30/Apr/2017:05:56:17 +0000] "GET / HTTP/1.1" 200 20503 "-" "Mozilla/5.0 (Windows NT 6.1; Trident/7.0; rv:11.0) like Gecko"
121.152.133.149 - - [30/Apr/2017:05:57:18 +0000] "GET /sds/ HTTP/1.1" 301 231 "-" "Mozilla/5.0 (iPad; CPU OS 10_3_1 like Mac OS X) AppleWebKit/603.1.30 (KHTML, like Gecko) Version/10.0 Mobile/14E304 Safari/602.1"
121.152.133.149 - - [30/Apr/2017:05:57:19 +0000] "GET / HTTP/1.1" 200 20503 "-" "Mozilla/5.0 (iPad; CPU OS 10_3_1 like Mac OS X) AppleWebKit/603.1.30 (KHTML, like Gecko) Version/10.0 Mobile/14E304 Safari/602.1"
121.152.133.149 - - [30/Apr/2017:05:57:22 +0000] "GET /apple-touch-icon-152x152-precomposed.png HTTP/1.1" 404 48332 "-" "MobileSafari/602.1 CFNetwork/811.4.18 Darwin/16.5.0"
54.210.20.202 - - [30/Apr/2017:05:57:23 +0000] "GET /sitemap_index.xml HTTP/1.1" 200 389 "http://sundog-soft.com/sitemap_index.xml" "W3 Total Cache"
54.210.20.202 - - [30/Apr/2017:05:57:24 +0000] "GET /post-sitemap.xml HTTP/1.1" 200 13654 "http://sundog-soft.com/post-sitemap.xml" "W3 Total Cache"
54.210.20.202 - - [30/Apr/2017:05:57:25 +0000] "GET /page-sitemap.xml HTTP/1.1" 200 2198 "http://sundog-soft.com/page-sitemap.xml" "W3 Total Cache"
121.152.133.149 - - [30/Apr/2017:05:57:25 +0000] "GET /apple-touch-icon-152x152.png HTTP/1.1" 404 48296 "-" "MobileSafari/602.1 CFNetwork/811.4.18 Darwin/16.5.0"
54.210.20.202 - - [30/Apr/2017:05:57:26 +0000] "GET /product-sitemap.xml HTTP/1.1" 200 555 "http://sundog-soft.com/product-sitemap.xml" "W3 Total Cache"
54.210.20.202 - - [30/Apr/2017:05:57:27 +0000] "GET /creativo_portfolio-sitemap.xml HTTP/1.1" 200 658 "http://sundog-soft.com/creativo_portfolio-sitemap.xml" "W3 Total Cache"
121.152.133.149 - - [30/Apr/2017:05:57:27 +0000] "GET /apple-touch-icon-precomposed.png HTTP/1.1" 404 48308 "-" "MobileSafari/602.1 CFNetwork/811.4.18 Darwin/16.5.0"
54.210.20.202 - - [30/Apr/2017:05:57:28 +0000] "GET /clients-sitemap.xml HTTP/1.1" 200 3298 "http://sundog-soft.com/clients-sitemap.xml" "W3 Total Cache"
54.210.20.202 - - [30/Apr/2017:05:57:29 +0000] "GET /category-sitemap.xml HTTP/1.1" 200 411 "http://sundog-soft.com/category-sitemap.xml" "W3 Total Cache"
121.152.133.149 - - [30/Apr/2017:05:57:30 +0000] "GET /apple-touch-icon.png HTTP/1.1" 404 48272 "-" "MobileSafari/602.1 CFNetwork/811.4.18 Darwin/16.5.0"
54.210.20.202 - - [30/Apr/2017:05:57:31 +0000] "GET /portfolio_category-sitemap.xml HTTP/1.1" 200 337 "http://sundog-soft.com/portfolio_category-sitemap.xml" "W3 Total Cache"
121.152.133.149 - - [30/Apr/2017:05:57:32 +0000] "GET /favicon.ico HTTP/1.1" 200 - "-" "MobileSafari/602.1 CFNetwork/811.4.18 Darwin/16.5.0"
54.210.20.202 - - [30/Apr/2017:05:57:32 +0000] "GET /author-sitemap.xml HTTP/1.1" 200 347 "http://sundog-soft.com/author-sitemap.xml" "W3 Total Cache"
54.210.20.202 - - [30/Apr/2017:05:57:32 +0000] "GET /clients/torque-3d/ HTTP/1.1" 200 13289 "http://sundog-soft.com/clients/torque-3d/" "WordPress"
121.152.133.149 - - [30/Apr/2017:05:57:32 +0000] "GET /apple-touch-icon-152x152-precomposed.png HTTP/1.1" 404 48332 "-" "MobileSafari/602.1 CFNetwork/811.4.18 Darwin/16.5.0"
54.210.20.202 - - [30/Apr/2017:05:57:34 +0000] "GET /clients/aai-textron/ HTTP/1.1" 200 13327 "http://sundog-soft.com/clients/aai-textron/" "WordPress"
121.152.133.149 - - [30/Apr/2017:05:57:35 +0000] "GET /apple-touch-icon-152x152.png HTTP/1.1" 404 48296 "-" "MobileSafari/602.1 CFNetwork/811.4.18 Darwin/16.5.0"
54.210.20.202 - - [30/Apr/2017:05:57:35 +0000] "GET /clients/aam-group/ HTTP/1.1" 200 13323 "http://sundog-soft.com/clients/aam-group/" "WordPress"
121.152.133.149 - - [30/Apr/2017:05:57:37 +0000] "GET /favicon.ico HTTP/1.1" 200 - "-" "MobileSafari/602.1 CFNetwork/811.4.18 Darwin/16.5.0"
54.210.20.202 - - [30/Apr/2017:05:57:37 +0000] "GET /clients/adacel/ HTTP/1.1" 200 13299 "http://sundog-soft.com/clients/adacel/" "WordPress"
54.210.20.202 - - [30/Apr/2017:05:57:38 +0000] "GET /clients/aecom/ HTTP/1.1" 200 13311 "http://sundog-soft.com/clients/aecom/" "WordPress"
54.210.20.202 - - [30/Apr/2017:05:57:38 +0000] "GET /clients/cst/ HTTP/1.1" 200 13307 "http://sundog-soft.com/clients/cst/" "WordPress"
54.210.20.202 - - [30/Apr/2017:05:57:39 +0000] "GET /clients/innovis-group/ HTTP/1.1" 200 13337 "http://sundog-soft.com/clients/innovis-group/" "WordPress"
54.210.20.202 - - [30/Apr/2017:05:57:40 +0000] "GET /clients/binary-star/ HTTP/1.1" 200 13330 "http://sundog-soft.com/clients/binary-star/" "WordPress"
54.210.20.202 - - [30/Apr/2017:05:57:41 +0000] "GET /clients/trimble/ HTTP/1.1" 200 13314 "http://sundog-soft.com/clients/trimble/" "WordPress"
54.210.20.202 - - [30/Apr/2017:05:57:42 +0000] "GET /clients/viswire/ HTTP/1.1" 200 13295 "http://sundog-soft.com/clients/viswire/" "WordPress"
54.210.20.202 - - [30/Apr/2017:05:57:23 +0000] "POST /wp-cron.php?doing_wp_cron=1493531843.1644649505615234375000 HTTP/1.1" 200 - "http://sundog-soft.com/wp-cron.php?doing_wp_cron=1493531843.1644649505615234375000" "WordPress/4.7.4; http://sundog-soft.com"
199.21.99.207 - - [30/Apr/2017:05:57:55 +0000] "GET /docs/triton/_triton_8h_source.html HTTP/1.1" 200 1905 "-" "Mozilla/5.0 (compatible; YandexBot/3.0; +http://yandex.com/bots)"
54.210.20.202 - - [30/Apr/2017:05:58:24 +0000] "POST /wp-cron.php?doing_wp_cron=1493531904.6142389774322509765625 HTTP/1.1" 200 - "http://sundog-soft.com/wp-cron.php?doing_wp_cron=1493531904.6142389774322509765625" "WordPress/4.7.4; http://sundog-soft.com"
104.154.198.228 - - [30/Apr/2017:05:58:24 +0000] "GET /feed/ HTTP/1.1" 200 31812 "-" "Java/1.8.0_121"
199.21.99.207 - - [30/Apr/2017:06:00:12 +0000] "GET /docs/html/index.html HTTP/1.1" 200 2565 "-" "Mozilla/5.0 (compatible; YandexBot/3.0; +http://yandex.com/bots)"
89.163.152.135 - - [30/Apr/2017:06:00:40 +0000] "GET / HTTP/1.1" 200 110612 "-" "Mozilla/4.0 (compatible; MSIE 6.0; Windows NT 5.1; .NET CLR 1.1.4322)"
54.210.20.202 - - [30/Apr/2017:06:00:42 +0000] "POST /wp-cron.php?doing_wp_cron=1493532042.7050371170043945312500 HTTP/1.1" 200 - "http://sundog-soft.com/wp-cron.php?doing_wp_cron=1493532042.7050371170043945312500" "WordPress/4.7.4; http://sundog-soft.com"
185.19.22.233 - - [30/Apr/2017:06:00:42 +0000] "GET /wp-login.php HTTP/1.1" 200 5226 "-" "Mozilla/5.0 (Windows NT 6.0; rv:34.0) Gecko/20100101 Firefox/34.0"
54.210.20.202 - - [30/Apr/2017:06:00:44 +0000] "POST /wp-cron.php?doing_wp_cron=1493532044.2746319770812988281250 HTTP/1.1" 200 - "http://sundog-soft.com/wp-cron.php?doing_wp_cron=1493532044.2746319770812988281250" "WordPress/4.7.4; http://sundog-soft.com"
185.19.22.233 - - [30/Apr/2017:06:00:43 +0000] "POST /wp-login.php HTTP/1.1" 200 6182 "http://sundog-soft.com/wp-login.php" "Mozilla/5.0 (Windows NT 6.0; rv:34.0) Gecko/20100101 Firefox/34.0"
54.210.20.202 - - [30/Apr/2017:06:01:41 +0000] "POST /wp-cron.php?doing_wp_cron=1493532101.8791899681091308593750 HTTP/1.1" 200 - "http://sundog-soft.com/wp-cron.php?doing_wp_cron=1493532101.8791899681091308593750" "WordPress/4.7.4; http://sundog-soft.com"
94.25.179.218 - - [30/Apr/2017:06:01:41 +0000] "GET /wp-login.php HTTP/1.1" 200 5226 "-" "Mozilla/5.0 (Windows NT 6.0; rv:34.0) Gecko/20100101 Firefox/34.0"
54.210.20.202 - - [30/Apr/2017:06:01:43 +0000] "POST /wp-cron.php?doing_wp_cron=1493532103.4500670433044433593750 HTTP/1.1" 200 - "http://sundog-soft.com/wp-cron.php?doing_wp_cron=1493532103.4500670433044433593750" "WordPress/4.7.4; http://sundog-soft.com"
94.25.179.218 - - [30/Apr/2017:06:01:42 +0000] "POST /wp-login.php HTTP/1.1" 200 6182 "http://sundog-soft.com/wp-login.php" "Mozilla/5.0 (Windows NT 6.0; rv:34.0) Gecko/20100101 Firefox/34.0"
54.210.20.202 - - [30/Apr/2017:06:01:56 +0000] "POST /wp-cron.php?doing_wp_cron=1493532116.9291141033172607421875 HTTP/1.1" 200 - "http://sundog-soft.com/wp-cron.php?doing_wp_cron=1493532116.9291141033172607421875" "WordPress/4.7.4; http://sundog-soft.com"
89.163.152.135 - - [30/Apr/2017:06:01:56 +0000] "GET /about/ HTTP/1.1" 200 60993 "-" "Mozilla/4.0 (compatible; MSIE 6.0; Windows NT 5.1; .NET CLR 1.1.4322)"
54.210.20.202 - - [30/Apr/2017:06:03:32 +0000] "POST /wp-cron.php?doing_wp_cron=1493532212.0491700172424316406250 HTTP/1.1" 200 - "http://sundog-soft.com/wp-cron.php?doing_wp_cron=1493532212.0491700172424316406250" "WordPress/4.7.4; http://sundog-soft.com"
108.171.129.169 - - [30/Apr/2017:06:03:31 +0000] "GET /feed/ HTTP/1.1" 200 31812 "-" "Mozilla/5.0 (Windows NT 6.1; Win64; x64; rv:53.0) Gecko/20100101 Firefox/53.0"
54.210.20.202 - - [30/Apr/2017:06:03:34 +0000] "POST /wp-cron.php?doing_wp_cron=1493532214.9602780342102050781250 HTTP/1.1" 200 - "http://sundog-soft.com/wp-cron.php?doing_wp_cron=1493532214.9602780342102050781250" "WordPress/4.7.4; http://sundog-soft.com"
188.234.246.104 - - [30/Apr/2017:06:03:34 +0000] "GET /wp-login.php HTTP/1.1" 200 5226 "-" "Mozilla/5.0 (Windows NT 6.0; rv:34.0) Gecko/20100101 Firefox/34.0"
54.210.20.202 - - [30/Apr/2017:06:03:36 +0000] "POST /wp-cron.php?doing_wp_cron=1493532216.4891860485076904296875 HTTP/1.1" 200 - "http://sundog-soft.com/wp-cron.php?doing_wp_cron=1493532216.4891860485076904296875" "WordPress/4.7.4; http://sundog-soft.com"
188.234.246.104 - - [30/Apr/2017:06:03:35 +0000] "POST /wp-login.php HTTP/1.1" 200 6182 "http://sundog-soft.com/wp-login.php" "Mozilla/5.0 (Windows NT 6.0; rv:34.0) Gecko/20100101 Firefox/34.0"
54.210.20.202 - - [30/Apr/2017:06:04:26 +0000] "POST /wp-cron.php?doing_wp_cron=1493532266.9040040969848632812500 HTTP/1.1" 200 - "http://sundog-soft.com/wp-cron.php?doing_wp_cron=1493532266.9040040969848632812500" "WordPress/4.7.4; http://sundog-soft.com"
37.229.253.129 - - [30/Apr/2017:06:04:26 +0000] "GET /features/ocean-and-water-rendering-with-triton/ HTTP/1.1" 200 83788 "http://krasnodar-avtolombards.ru/" "Mozilla/4.0 (compatible; MSIE 6.0; Windows XP)"
37.229.253.129 - - [30/Apr/2017:06:04:27 +0000] "GET /features/ocean-and-water-rendering-with-triton/ HTTP/1.1" 200 83788 "http://krasnodar-avtolombards.ru/" "Mozilla/4.0 (compatible; MSIE 6.0; Windows XP)"
54.210.20.202 - - [30/Apr/2017:06:04:29 +0000] "POST /wp-cron.php?doing_wp_cron=1493532269.9409201145172119140625 HTTP/1.1" 200 - "http://sundog-soft.com/wp-cron.php?doing_wp_cron=1493532269.9409201145172119140625" "WordPress/4.7.4; http://sundog-soft.com"
37.229.253.129 - - [30/Apr/2017:06:04:28 +0000] "GET /features/ocean-and-water-rendering-with-triton/ HTTP/1.1" 200 83788 "http://krasnodar-avtolombards.ru/" "Mozilla/4.0 (compatible; MSIE 6.0; Windows XP)"
54.210.20.202 - - [30/Apr/2017:06:05:57 +0000] "POST /wp-cron.php?doing_wp_cron=1493532357.3917400836944580078125 HTTP/1.1" 200 - "http://sundog-soft.com/wp-cron.php?doing_wp_cron=1493532357.3917400836944580078125" "WordPress/4.7.4; http://sundog-soft.com"
61.49.45.46 - - [30/Apr/2017:06:05:56 +0000] "GET / HTTP/1.0" 301 - "-" "-"
54.210.20.202 - - [30/Apr/2017:06:06:04 +0000] "POST /wp-cron.php?doing_wp_cron=1493532364.4549739360809326171875 HTTP/1.1" 200 - "http://sundog-soft.com/wp-cron.php?doing_wp_cron=1493532364.4549739360809326171875" "WordPress/4.7.4; http://sundog-soft.com"
61.49.45.46 - - [30/Apr/2017:06:06:03 +0000] "GET / HTTP/1.1" 301 - "-" "Mozilla/5.0 (compatible; MSIE 9.0; Windows NT 6.1; WOW64; Trident/5.0)"
54.210.20.202 - - [30/Apr/2017:06:06:08 +0000] "POST /wp-cron.php?doing_wp_cron=1493532368.0956599712371826171875 HTTP/1.1" 200 - "http://sundog-soft.com/wp-cron.php?doing_wp_cron=1493532368.0956599712371826171875" "WordPress/4.7.4; http://sundog-soft.com"
61.49.45.46 - - [30/Apr/2017:06:06:07 +0000] "GET /Http/DataLayCfg.xml HTTP/1.1" 404 48324 "-" "Mozilla/5.0 (compatible; MSIE 9.0; Windows NT 6.1; WOW64; Trident/5.0)"
54.210.20.202 - - [30/Apr/2017:06:06:10 +0000] "POST /wp-cron.php?doing_wp_cron=1493532370.7222850322723388671875 HTTP/1.1" 200 - "http://sundog-soft.com/wp-cron.php?doing_wp_cron=1493532370.7222850322723388671875" "WordPress/4.7.4; http://sundog-soft.com"
61.49.45.46 - - [30/Apr/2017:06:06:10 +0000] "GET /www/start.html HTTP/1.1" 404 48309 "-" "Mozilla/5.0 (compatible; MSIE 9.0; Windows NT 6.1; WOW64; Trident/5.0)"
54.210.20.202 - - [30/Apr/2017:06:06:14 +0000] "POST /wp-cron.php?doing_wp_cron=1493532374.0171630382537841796875 HTTP/1.1" 200 - "http://sundog-soft.com/wp-cron.php?doing_wp_cron=1493532374.0171630382537841796875" "WordPress/4.7.4; http://sundog-soft.com"
61.49.45.46 - - [30/Apr/2017:06:06:13 +0000] "GET /RemoteControl.html HTTP/1.1" 404 48318 "-" "Mozilla/5.0 (compatible; MSIE 9.0; Windows NT 6.1; WOW64; Trident/5.0)"
61.49.45.46 - - [30/Apr/2017:06:06:17 +0000] "GET / HTTP/1.1" 200 110612 "-" "Mozilla/5.0 (compatible; MSIE 9.0; Windows NT 6.1; WOW64; Trident/5.0)"
54.210.20.202 - - [30/Apr/2017:06:06:20 +0000] "POST /wp-cron.php?doing_wp_cron=1493532380.0998320579528808593750 HTTP/1.1" 200 - "http://sundog-soft.com/wp-cron.php?doing_wp_cron=1493532380.0998320579528808593750" "WordPress/4.7.4; http://sundog-soft.com"
61.49.45.46 - - [30/Apr/2017:06:06:19 +0000] "GET /Http/DataLayCfg.xml HTTP/1.1" 404 48272 "-" "Mozilla/5.0 (compatible; MSIE 9.0; Windows NT 6.1; WOW64; Trident/5.0)"
54.210.20.202 - - [30/Apr/2017:06:06:23 +0000] "POST /wp-cron.php?doing_wp_cron=1493532383.1883831024169921875000 HTTP/1.1" 200 - "http://sundog-soft.com/wp-cron.php?doing_wp_cron=1493532383.1883831024169921875000" "WordPress/4.7.4; http://sundog-soft.com"
61.49.45.46 - - [30/Apr/2017:06:06:22 +0000] "GET /www/start.html HTTP/1.1" 404 48257 "-" "Mozilla/5.0 (compatible; MSIE 9.0; Windows NT 6.1; WOW64; Trident/5.0)"
54.210.20.202 - - [30/Apr/2017:06:06:25 +0000] "POST /wp-cron.php?doing_wp_cron=1493532385.8145298957824707031250 HTTP/1.1" 200 - "http://sundog-soft.com/wp-cron.php?doing_wp_cron=1493532385.8145298957824707031250" "WordPress/4.7.4; http://sundog-soft.com"
61.49.45.46 - - [30/Apr/2017:06:06:25 +0000] "GET /RemoteControl.html HTTP/1.1" 404 48266 "-" "Mozilla/5.0 (compatible; MSIE 9.0; Windows NT 6.1; WOW64; Trident/5.0)"
61.49.45.46 - - [30/Apr/2017:06:06:29 +0000] "GET /stats HTTP/1.1" 404 48279 "-" "Mozilla/5.0 (compatible; Nmap Scripting Engine; https://nmap.org/book/nse.html)"
61.49.45.46 - - [30/Apr/2017:06:06:28 +0000] "GET /invoker/JMXInvokerServlet HTTP/1.1" 404 48342 "-" "Mozilla/4.0 (compatible; MSIE 6.0; Windows NT 5.0; 360-cn-agent)"
54.210.20.202 - - [30/Apr/2017:06:06:30 +0000] "POST /wp-cron.php?doing_wp_cron=1493532390.7896280288696289062500 HTTP/1.1" 200 - "http://sundog-soft.com/wp-cron.php?doing_wp_cron=1493532390.7896280288696289062500" "WordPress/4.7.4; http://sundog-soft.com"
61.49.45.46 - - [30/Apr/2017:06:06:28 +0000] "GET /jenkins HTTP/1.1" 404 48285 "-" "Mozilla/4.0 (compatible; MSIE 6.0; Windows NT 5.0; 360-cn-agent)"
54.210.20.202 - - [30/Apr/2017:06:06:41 +0000] "POST /wp-cron.php?doing_wp_cron=1493532401.8918170928955078125000 HTTP/1.1" 200 - "http://sundog-soft.com/wp-cron.php?doing_wp_cron=1493532401.8918170928955078125000" "WordPress/4.7.4; http://sundog-soft.com"
104.154.198.228 - - [30/Apr/2017:06:06:41 +0000] "GET /feed/ HTTP/1.1" 200 31812 "-" "Java/1.8.0_121"
54.210.20.202 - - [30/Apr/2017:06:07:00 +0000] "POST /wp-cron.php?doing_wp_cron=1493532420.7574410438537597656250 HTTP/1.1" 200 - "http://sundog-soft.com/wp-cron.php?doing_wp_cron=1493532420.7574410438537597656250" "WordPress/4.7.4; http://sundog-soft.com"
125.164.247.125 - - [30/Apr/2017:06:07:00 +0000] "GET /wp-login.php HTTP/1.1" 200 5226 "-" "Mozilla/5.0 (Windows NT 6.0; rv:34.0) Gecko/20100101 Firefox/34.0"
178.79.143.171 - - [30/Apr/2017:06:07:02 +0000] "GET /sds/feed/ HTTP/1.1" 301 236 "-" "arss/testing; fsfeel@gmail.com"
125.164.247.125 - - [30/Apr/2017:06:07:02 +0000] "POST /wp-login.php HTTP/1.1" 200 6182 "http://sundog-soft.com/wp-login.php" "Mozilla/5.0 (Windows NT 6.0; rv:34.0) Gecko/20100101 Firefox/34.0"
54.210.20.202 - - [30/Apr/2017:06:07:03 +0000] "POST /wp-cron.php?doing_wp_cron=1493532423.0976300239562988281250 HTTP/1.1" 200 - "http://sundog-soft.com/wp-cron.php?doing_wp_cron=1493532423.0976300239562988281250" "WordPress/4.7.4; http://sundog-soft.com"
178.79.143.171 - - [30/Apr/2017:06:07:02 +0000] "GET /feed/ HTTP/1.1" 200 31812 "-" "arss/testing; fsfeel@gmail.com"
54.210.20.202 - - [30/Apr/2017:06:07:07 +0000] "POST /wp-cron.php?doing_wp_cron=1493532426.9925339221954345703125 HTTP/1.1" 200 - "http://sundog-soft.com/wp-cron.php?doing_wp_cron=1493532426.9925339221954345703125" "WordPress/4.7.4; http://sundog-soft.com"
77.222.101.244 - - [30/Apr/2017:06:07:06 +0000] "GET /wp-login.php HTTP/1.1" 200 5226 "-" "Mozilla/5.0 (Windows NT 6.0; rv:34.0) Gecko/20100101 Firefox/34.0"
54.210.20.202 - - [30/Apr/2017:06:07:08 +0000] "POST /wp-cron.php?doing_wp_cron=1493532428.5309259891510009765625 HTTP/1.1" 200 - "http://sundog-soft.com/wp-cron.php?doing_wp_cron=1493532428.5309259891510009765625" "WordPress/4.7.4; http://sundog-soft.com"
77.222.101.244 - - [30/Apr/2017:06:07:07 +0000] "POST /wp-login.php HTTP/1.1" 200 6182 "http://sundog-soft.com/wp-login.php" "Mozilla/5.0 (Windows NT 6.0; rv:34.0) Gecko/20100101 Firefox/34.0"
92.247.181.8 - - [30/Apr/2017:06:08:51 +0000] "GET /sds/feed/ HTTP/1.1" 301 236 "http://sundog-soft.com/" "Mozilla/5.0 (compatible; inoreader.com-like FeedFetcher-Google)"
54.210.20.202 - - [30/Apr/2017:06:08:51 +0000] "POST /wp-cron.php?doing_wp_cron=1493532531.9073050022125244140625 HTTP/1.1" 200 - "http://sundog-soft.com/wp-cron.php?doing_wp_cron=1493532531.9073050022125244140625" "WordPress/4.7.4; http://sundog-soft.com"
92.247.181.8 - - [30/Apr/2017:06:08:51 +0000] "GET /feed/ HTTP/1.1" 304 - "http://sundog-soft.com/" "Mozilla/5.0 (compatible; inoreader.com-like FeedFetcher-Google)"
66.249.64.249 - - [30/Apr/2017:06:08:55 +0000] "GET / HTTP/1.1" 200 20503 "-" "Mozilla/5.0 (compatible; Googlebot/2.1; +http://www.google.com/bot.html)"
66.249.64.249 - - [30/Apr/2017:06:08:56 +0000] "GET /wp-content/plugins/woocommerce/assets/js/frontend/cart-fragments.min.js?ver=3.0.4 HTTP/1.1" 200 925 "http://sundog-soft.com/" "Mozilla/5.0 (compatible; Googlebot/2.1; +http://www.google.com/bot.html)"
66.249.64.253 - - [30/Apr/2017:06:08:56 +0000] "GET /wp-content/plugins/mailchimp-for-wp/assets/css/form-basic.min.css?ver=4.1.1 HTTP/1.1" 200 697 "http://sundog-soft.com/" "Mozilla/5.0 (compatible; Googlebot/2.1; +http://www.google.com/bot.html)"
66.249.64.194 - - [30/Apr/2017:06:08:56 +0000] "GET /wp-content/plugins/LayerSlider/static/layerslider/css/layerslider.css?ver=6.3.0 HTTP/1.1" 200 3792 "http://sundog-soft.com/" "Mozilla/5.0 (compatible; Googlebot/2.1; +http://www.google.com/bot.html)"
66.249.64.194 - - [30/Apr/2017:06:08:56 +0000] "GET /wp-content/plugins/LayerSlider/static/layerslider/js/layerslider.kreaturamedia.jquery.js?ver=6.3.0 HTTP/1.1" 200 42430 "http://sundog-soft.com/" "Mozilla/5.0 (compatible; Googlebot/2.1; +http://www.google.com/bot.html)"
66.249.64.253 - - [30/Apr/2017:06:08:56 +0000] "GET /wp-content/plugins/js_composer/assets/js/vendors/woocommerce-add-to-cart.js?ver=5.1.2 HTTP/1.1" 200 351 "http://sundog-soft.com/" "Mozilla/5.0 (compatible; Googlebot/2.1; +http://www.google.com/bot.html)"
66.249.64.249 - - [30/Apr/2017:06:08:56 +0000] "GET /wp-content/plugins/LayerSlider/static/layerslider/js/greensock.js?ver=1.19.0 HTTP/1.1" 200 39570 "http://sundog-soft.com/" "Mozilla/5.0 (compatible; Googlebot/2.1; +http://www.google.com/bot.html)"
66.249.64.249 - - [30/Apr/2017:06:08:57 +0000] "GET /wp-content/plugins/contact-form-7/includes/js/jquery.form.min.js?ver=3.51.0-2014.06.20 HTTP/1.1" 200 5860 "http://sundog-soft.com/" "Mozilla/5.0 (compatible; Googlebot/2.1; +http://www.google.com/bot.html)"
66.249.64.253 - - [30/Apr/2017:06:08:57 +0000] "GET /wp-content/plugins/woocommerce/assets/js/jquery-blockui/jquery.blockUI.min.js?ver=2.70 HTTP/1.1" 200 3547 "http://sundog-soft.com/" "Mozilla/5.0 (compatible; Googlebot/2.1; +http://www.google.com/bot.html)"
66.249.64.253 - - [30/Apr/2017:06:08:57 +0000] "GET /wp-content/plugins/revslider/public/assets/css/settings.css?ver=5.4.1 HTTP/1.1" 200 7067 "http://sundog-soft.com/" "Mozilla/5.0 (compatible; Googlebot/2.1; +http://www.google.com/bot.html)"
66.249.64.194 - - [30/Apr/2017:06:08:57 +0000] "GET /wp-content/plugins/mailchimp-widget/js/mailchimp-widget-min.js?ver=4.7.4 HTTP/1.1" 200 587 "http://sundog-soft.com/" "Mozilla/5.0 (compatible; Googlebot/2.1; +http://www.google.com/bot.html)"
66.249.64.194 - - [30/Apr/2017:06:08:57 +0000] "GET /wp-content/plugins/js_composer/assets/js/dist/js_composer_front.min.js?ver=5.1.2 HTTP/1.1" 200 6450 "http://sundog-soft.com/" "Mozilla/5.0 (compatible; Googlebot/2.1; +http://www.google.com/bot.html)"
66.249.64.194 - - [30/Apr/2017:06:08:57 +0000] "GET /wp-content/plugins/contact-form-7/includes/css/styles.css?ver=4.7 HTTP/1.1" 200 634 "http://sundog-soft.com/" "Mozilla/5.0 (compatible; Googlebot/2.1; +http://www.google.com/bot.html)"
66.249.64.249 - - [30/Apr/2017:06:08:57 +0000] "GET /wp-content/plugins/LayerSlider/static/layerslider/js/layerslider.transitions.js?ver=6.3.0 HTTP/1.1" 200 3396 "http://sundog-soft.com/" "Mozilla/5.0 (compatible; Googlebot/2.1; +http://www.google.com/bot.html)"
66.249.64.194 - - [30/Apr/2017:06:08:57 +0000] "GET /wp-content/plugins/tablepress/css/default.min.css?ver=1.8 HTTP/1.1" 200 2739 "http://sundog-soft.com/" "Mozilla/5.0 (compatible; Googlebot/2.1; +http://www.google.com/bot.html)"
66.249.64.194 - - [30/Apr/2017:06:08:57 +0000] "GET /wp-content/plugins/woocommerce/assets/js/frontend/add-to-cart.min.js?ver=3.0.4 HTTP/1.1" 200 803 "http://sundog-soft.com/" "Mozilla/5.0 (compatible; Googlebot/2.1; +http://www.google.com/bot.html)"
66.249.64.253 - - [30/Apr/2017:06:08:57 +0000] "GET /wp-content/plugins/woocommerce/assets/js/frontend/woocommerce.min.js?ver=3.0.4 HTTP/1.1" 200 291 "http://sundog-soft.com/" "Mozilla/5.0 (compatible; Googlebot/2.1; +http://www.google.com/bot.html)"
66.249.64.253 - - [30/Apr/2017:06:08:58 +0000] "GET /wp-content/plugins/js_composer/assets/css/js_composer.min.css?ver=5.1.2 HTTP/1.1" 200 44414 "http://sundog-soft.com/" "Mozilla/5.0 (compatible; Googlebot/2.1; +http://www.google.com/bot.html)"
66.249.64.253 - - [30/Apr/2017:06:08:58 +0000] "GET /wp-content/plugins/revslider/public/assets/js/jquery.themepunch.revolution.min.js?ver=5.4.1 HTTP/1.1" 200 17555 "http://sundog-soft.com/" "Mozilla/5.0 (compatible; Googlebot/2.1; +http://www.google.com/bot.html)"
66.249.64.194 - - [30/Apr/2017:06:08:58 +0000] "GET /wp-content/plugins/revslider/public/assets/js/jquery.themepunch.tools.min.js?ver=5.4.1 HTTP/1.1" 200 37359 "http://sundog-soft.com/" "Mozilla/5.0 (compatible; Googlebot/2.1; +http://www.google.com/bot.html)"
66.249.64.249 - - [30/Apr/2017:06:08:58 +0000] "GET /wp-content/plugins/contact-form-7/includes/js/scripts.js?ver=4.7 HTTP/1.1" 200 3667 "http://sundog-soft.com/" "Mozilla/5.0 (compatible; Googlebot/2.1; +http://www.google.com/bot.html)"
66.249.64.249 - - [30/Apr/2017:06:08:58 +0000] "GET /wp-content/plugins/LayerSlider/static/layerslider/js/layerslider.kreaturamedia.jquery.js?ver=6.3.0 HTTP/1.1" 200 42430 "http://sundog-soft.com/" "Mozilla/5.0 (compatible; Googlebot/2.1; +http://www.google.com/bot.html)"
66.249.64.249 - - [30/Apr/2017:06:08:58 +0000] "GET /wp-content/plugins/js_composer/assets/js/vendors/woocommerce-add-to-cart.js?ver=5.1.2 HTTP/1.1" 200 351 "http://sundog-soft.com/" "Mozilla/5.0 (compatible; Googlebot/2.1; +http://www.google.com/bot.html)"
66.249.64.253 - - [30/Apr/2017:06:08:58 +0000] "GET /wp-content/plugins/LayerSlider/static/layerslider/js/greensock.js?ver=1.19.0 HTTP/1.1" 200 39570 "http://sundog-soft.com/" "Mozilla/5.0 (compatible; Googlebot/2.1; +http://www.google.com/bot.html)"
66.249.64.249 - - [30/Apr/2017:06:08:58 +0000] "GET /wp-content/plugins/contact-form-7/includes/js/jquery.form.min.js?ver=3.51.0-2014.06.20 HTTP/1.1" 200 5860 "http://sundog-soft.com/" "Mozilla/5.0 (compatible; Googlebot/2.1; +http://www.google.com/bot.html)"
66.249.64.194 - - [30/Apr/2017:06:08:58 +0000] "GET /wp-content/plugins/woocommerce/assets/js/jquery-blockui/jquery.blockUI.min.js?ver=2.70 HTTP/1.1" 200 3547 "http://sundog-soft.com/" "Mozilla/5.0 (compatible; Googlebot/2.1; +http://www.google.com/bot.html)"
66.249.64.194 - - [30/Apr/2017:06:08:58 +0000] "GET /wp-content/plugins/revslider/public/assets/css/settings.css?ver=5.4.1 HTTP/1.1" 200 7067 "http://sundog-soft.com/" "Mozilla/5.0 (compatible; Googlebot/2.1; +http://www.google.com/bot.html)"
66.249.64.194 - - [30/Apr/2017:06:08:59 +0000] "GET /wp-content/plugins/mailchimp-widget/js/mailchimp-widget-min.js?ver=4.7.4 HTTP/1.1" 200 587 "http://sundog-soft.com/" "Mozilla/5.0 (compatible; Googlebot/2.1; +http://www.google.com/bot.html)"
66.249.64.194 - - [30/Apr/2017:06:08:59 +0000] "GET /wp-content/plugins/js_composer/assets/js/dist/js_composer_front.min.js?ver=5.1.2 HTTP/1.1" 200 6450 "http://sundog-soft.com/" "Mozilla/5.0 (compatible; Googlebot/2.1; +http://www.google.com/bot.html)"
66.249.64.249 - - [30/Apr/2017:06:08:59 +0000] "GET /wp-content/plugins/contact-form-7/includes/css/styles.css?ver=4.7 HTTP/1.1" 200 634 "http://sundog-soft.com/" "Mozilla/5.0 (compatible; Googlebot/2.1; +http://www.google.com/bot.html)"
66.249.64.249 - - [30/Apr/2017:06:08:59 +0000] "GET /wp-content/plugins/LayerSlider/static/layerslider/js/layerslider.transitions.js?ver=6.3.0 HTTP/1.1" 200 3396 "http://sundog-soft.com/" "Mozilla/5.0 (compatible; Googlebot/2.1; +http://www.google.com/bot.html)"
66.249.64.249 - - [30/Apr/2017:06:08:59 +0000] "GET /wp-content/plugins/tablepress/css/default.min.css?ver=1.8 HTTP/1.1" 200 2739 "http://sundog-soft.com/" "Mozilla/5.0 (compatible; Googlebot/2.1; +http://www.google.com/bot.html)"
66.249.64.249 - - [30/Apr/2017:06:08:59 +0000] "GET /wp-content/plugins/woocommerce/assets/js/frontend/add-to-cart.min.js?ver=3.0.4 HTTP/1.1" 200 803 "http://sundog-soft.com/" "Mozilla/5.0 (compatible; Googlebot/2.1; +http://www.google.com/bot.html)"
66.249.64.253 - - [30/Apr/2017:06:08:59 +0000] "GET /wp-content/plugins/woocommerce/assets/js/frontend/woocommerce.min.js?ver=3.0.4 HTTP/1.1" 200 291 "http://sundog-soft.com/" "Mozilla/5.0 (compatible; Googlebot/2.1; +http://www.google.com/bot.html)"
66.249.64.249 - - [30/Apr/2017:06:08:59 +0000] "GET /wp-content/plugins/js_composer/assets/css/js_composer.min.css?ver=5.1.2 HTTP/1.1" 200 44414 "http://sundog-soft.com/" "Mozilla/5.0 (compatible; Googlebot/2.1; +http://www.google.com/bot.html)"
66.249.64.253 - - [30/Apr/2017:06:08:59 +0000] "GET /wp-content/plugins/revslider/public/assets/js/jquery.themepunch.revolution.min.js?ver=5.4.1 HTTP/1.1" 200 17555 "http://sundog-soft.com/" "Mozilla/5.0 (compatible; Googlebot/2.1; +http://www.google.com/bot.html)"
66.249.64.253 - - [30/Apr/2017:06:09:00 +0000] "GET /wp-content/plugins/revslider/public/assets/js/jquery.themepunch.tools.min.js?ver=5.4.1 HTTP/1.1" 200 37359 "http://sundog-soft.com/" "Mozilla/5.0 (compatible; Googlebot/2.1; +http://www.google.com/bot.html)"
66.249.64.249 - - [30/Apr/2017:06:09:00 +0000] "GET /wp-content/plugins/contact-form-7/includes/js/scripts.js?ver=4.7 HTTP/1.1" 200 3667 "http://sundog-soft.com/" "Mozilla/5.0 (compatible; Googlebot/2.1; +http://www.google.com/bot.html)"
66.249.64.253 - - [30/Apr/2017:06:09:00 +0000] "GET /wp-content/plugins/contact-form-7/includes/js/jquery.form.min.js?ver=3.51.0-2014.06.20 HTTP/1.1" 200 5860 "http://sundog-soft.com/" "Mozilla/5.0 (compatible; Googlebot/2.1; +http://www.google.com/bot.html)"
66.249.64.253 - - [30/Apr/2017:06:09:00 +0000] "GET /wp-content/plugins/woocommerce/assets/js/jquery-blockui/jquery.blockUI.min.js?ver=2.70 HTTP/1.1" 200 3547 "http://sundog-soft.com/" "Mozilla/5.0 (compatible; Googlebot/2.1; +http://www.google.com/bot.html)"
